
Allocating common symbols
Common symbol       size              file

ticker              0x4               ..\obj\main.o
APP_Tx_Buffer       0x80              ..\obj\usbd_cdc_vcp.o
LED_OutputBuffer    0x3840            ..\obj\ws2812b.o
usbd_cdc_OtherCfgDesc
                    0x43              ..\obj\usbd_cdc_core.o
APP_tx_ptr_tail     0x4               ..\obj\usbd_cdc_vcp.o
downTicker          0x4               ..\obj\main.o
USB_Rx_Buffer       0x40              ..\obj\usbd_cdc_core.o
USART_InitStructure
                    0x10              ..\obj\usbd_cdc_vcp.o
CmdBuff             0x8               ..\obj\usbd_cdc_core.o
USB_OTG_dev         0x5f0             ..\obj\main.o
APP_Rx_Buffer       0x800             ..\obj\usbd_cdc_core.o
USBD_StrDesc        0x32              ..\obj\usbd_req.o
APP_tx_ptr_head     0x4               ..\obj\usbd_cdc_vcp.o

Discarded input sections

 .text          0x00000000        0x0 ..\obj\stm32f4xx_syscfg.o
 .data          0x00000000        0x0 ..\obj\stm32f4xx_syscfg.o
 .bss           0x00000000        0x0 ..\obj\stm32f4xx_syscfg.o
 .text.SYSCFG_DeInit
                0x00000000       0x1c ..\obj\stm32f4xx_syscfg.o
 .text.SYSCFG_MemoryRemapConfig
                0x00000000       0x20 ..\obj\stm32f4xx_syscfg.o
 .text.SYSCFG_EXTILineConfig
                0x00000000       0x84 ..\obj\stm32f4xx_syscfg.o
 .text.SYSCFG_ETH_MediaInterfaceConfig
                0x00000000       0x20 ..\obj\stm32f4xx_syscfg.o
 .text.SYSCFG_CompensationCellCmd
                0x00000000       0x20 ..\obj\stm32f4xx_syscfg.o
 .text.SYSCFG_GetCompensationCellStatus
                0x00000000       0x34 ..\obj\stm32f4xx_syscfg.o
 .debug_info    0x00000000      0x27e ..\obj\stm32f4xx_syscfg.o
 .debug_abbrev  0x00000000      0x148 ..\obj\stm32f4xx_syscfg.o
 .debug_aranges
                0x00000000       0x48 ..\obj\stm32f4xx_syscfg.o
 .debug_ranges  0x00000000       0x38 ..\obj\stm32f4xx_syscfg.o
 .debug_line    0x00000000      0x239 ..\obj\stm32f4xx_syscfg.o
 .debug_str     0x00000000      0x346 ..\obj\stm32f4xx_syscfg.o
 .comment       0x00000000       0x7f ..\obj\stm32f4xx_syscfg.o
 .debug_frame   0x00000000       0xf4 ..\obj\stm32f4xx_syscfg.o
 .ARM.attributes
                0x00000000       0x37 ..\obj\stm32f4xx_syscfg.o
 .text          0x00000000        0x0 ..\obj\usb_core.o
 .data          0x00000000        0x0 ..\obj\usb_core.o
 .bss           0x00000000        0x0 ..\obj\usb_core.o
 .text.USB_OTG_IsHostMode
                0x00000000       0x22 ..\obj\usb_core.o
 .text.USB_OTG_ReadOtgItr
                0x00000000       0x1a ..\obj\usb_core.o
 .text.USB_OTG_ActiveRemoteWakeup
                0x00000000       0x8e ..\obj\usb_core.o
 .text.USB_OTG_StopDevice
                0x00000000       0x80 ..\obj\usb_core.o
 .text.USB_OTG_GetEPStatus
                0x00000000       0xac ..\obj\usb_core.o
 .text.USB_OTG_SetEPStatus
                0x00000000      0x12c ..\obj\usb_core.o
 .text          0x00000000        0x0 ..\obj\usbd_usr.o
 .bss           0x00000000        0x0 ..\obj\usbd_usr.o
 .text          0x00000000        0x0 ..\obj\stm32f4xx_usart.o
 .data          0x00000000        0x0 ..\obj\stm32f4xx_usart.o
 .bss           0x00000000        0x0 ..\obj\stm32f4xx_usart.o
 .text.USART_DeInit
                0x00000000       0xd4 ..\obj\stm32f4xx_usart.o
 .text.USART_Init
                0x00000000      0x174 ..\obj\stm32f4xx_usart.o
 .text.USART_StructInit
                0x00000000       0x3a ..\obj\stm32f4xx_usart.o
 .text.USART_ClockInit
                0x00000000       0x56 ..\obj\stm32f4xx_usart.o
 .text.USART_ClockStructInit
                0x00000000       0x2c ..\obj\stm32f4xx_usart.o
 .text.USART_Cmd
                0x00000000       0x40 ..\obj\stm32f4xx_usart.o
 .text.USART_SetPrescaler
                0x00000000       0x3a ..\obj\stm32f4xx_usart.o
 .text.USART_OverSampling8Cmd
                0x00000000       0x44 ..\obj\stm32f4xx_usart.o
 .text.USART_OneBitMethodCmd
                0x00000000       0x40 ..\obj\stm32f4xx_usart.o
 .text.USART_SendData
                0x00000000       0x24 ..\obj\stm32f4xx_usart.o
 .text.USART_ReceiveData
                0x00000000       0x20 ..\obj\stm32f4xx_usart.o
 .text.USART_SetAddress
                0x00000000       0x3a ..\obj\stm32f4xx_usart.o
 .text.USART_ReceiverWakeUpCmd
                0x00000000       0x40 ..\obj\stm32f4xx_usart.o
 .text.USART_WakeUpConfig
                0x00000000       0x38 ..\obj\stm32f4xx_usart.o
 .text.USART_LINBreakDetectLengthConfig
                0x00000000       0x38 ..\obj\stm32f4xx_usart.o
 .text.USART_LINCmd
                0x00000000       0x40 ..\obj\stm32f4xx_usart.o
 .text.USART_SendBreak
                0x00000000       0x24 ..\obj\stm32f4xx_usart.o
 .text.USART_HalfDuplexCmd
                0x00000000       0x40 ..\obj\stm32f4xx_usart.o
 .text.USART_SetGuardTime
                0x00000000       0x3c ..\obj\stm32f4xx_usart.o
 .text.USART_SmartCardCmd
                0x00000000       0x40 ..\obj\stm32f4xx_usart.o
 .text.USART_SmartCardNACKCmd
                0x00000000       0x40 ..\obj\stm32f4xx_usart.o
 .text.USART_IrDAConfig
                0x00000000       0x38 ..\obj\stm32f4xx_usart.o
 .text.USART_IrDACmd
                0x00000000       0x40 ..\obj\stm32f4xx_usart.o
 .text.USART_DMACmd
                0x00000000       0x48 ..\obj\stm32f4xx_usart.o
 .text.USART_ITConfig
                0x00000000       0x90 ..\obj\stm32f4xx_usart.o
 .text.USART_GetFlagStatus
                0x00000000       0x38 ..\obj\stm32f4xx_usart.o
 .text.USART_ClearFlag
                0x00000000       0x22 ..\obj\stm32f4xx_usart.o
 .text.USART_GetITStatus
                0x00000000       0xb6 ..\obj\stm32f4xx_usart.o
 .text.USART_ClearITPendingBit
                0x00000000       0x3a ..\obj\stm32f4xx_usart.o
 .debug_info    0x00000000      0x9d0 ..\obj\stm32f4xx_usart.o
 .debug_abbrev  0x00000000      0x184 ..\obj\stm32f4xx_usart.o
 .debug_aranges
                0x00000000      0x100 ..\obj\stm32f4xx_usart.o
 .debug_ranges  0x00000000       0xf0 ..\obj\stm32f4xx_usart.o
 .debug_line    0x00000000      0x4e1 ..\obj\stm32f4xx_usart.o
 .debug_str     0x00000000      0x6e1 ..\obj\stm32f4xx_usart.o
 .comment       0x00000000       0x7f ..\obj\stm32f4xx_usart.o
 .debug_frame   0x00000000      0x490 ..\obj\stm32f4xx_usart.o
 .ARM.attributes
                0x00000000       0x37 ..\obj\stm32f4xx_usart.o
 .text          0x00000000        0x0 ..\obj\startup_stm32f4xx.o
 .data          0x00000000        0x0 ..\obj\startup_stm32f4xx.o
 .bss           0x00000000        0x0 ..\obj\startup_stm32f4xx.o
 .text          0x00000000        0x0 ..\obj\ws2812b.o
 .data          0x00000000        0x0 ..\obj\ws2812b.o
 .bss           0x00000000       0x54 ..\obj\ws2812b.o
 .text.WS2812B_Init
                0x00000000       0xa0 ..\obj\ws2812b.o
 .text.WS2812B_GPIO_Led_Seg
                0x00000000       0x44 ..\obj\ws2812b.o
 .text.WS2812B_DMA_Transmit_Burst
                0x00000000       0xd0 ..\obj\ws2812b.o
 .text.WS2812B_TIM_Transmit_Burst
                0x00000000       0x54 ..\obj\ws2812b.o
 .text.WS2812B_TIM_LED_Refresh
                0x00000000       0x84 ..\obj\ws2812b.o
 .text          0x00000000        0x0 ..\obj\usbd_core.o
 .bss           0x00000000        0x0 ..\obj\usbd_core.o
 .text          0x00000000        0x0 ..\obj\main.o
 .data          0x00000000        0x0 ..\obj\main.o
 .bss           0x00000000        0x0 ..\obj\main.o
 .text          0x00000000        0x0 ..\obj\stm32f4xx_rcc.o
 .data          0x00000000       0x10 ..\obj\stm32f4xx_rcc.o
 .bss           0x00000000        0x0 ..\obj\stm32f4xx_rcc.o
 .text.RCC_DeInit
                0x00000000       0x50 ..\obj\stm32f4xx_rcc.o
 .text.RCC_HSEConfig
                0x00000000       0x28 ..\obj\stm32f4xx_rcc.o
 .text.RCC_WaitForHSEStartUp
                0x00000000       0x50 ..\obj\stm32f4xx_rcc.o
 .text.RCC_AdjustHSICalibrationValue
                0x00000000       0x3c ..\obj\stm32f4xx_rcc.o
 .text.RCC_HSICmd
                0x00000000       0x20 ..\obj\stm32f4xx_rcc.o
 .text.RCC_LSEConfig
                0x00000000       0x44 ..\obj\stm32f4xx_rcc.o
 .text.RCC_LSICmd
                0x00000000       0x20 ..\obj\stm32f4xx_rcc.o
 .text.RCC_PLLConfig
                0x00000000       0x40 ..\obj\stm32f4xx_rcc.o
 .text.RCC_PLLCmd
                0x00000000       0x20 ..\obj\stm32f4xx_rcc.o
 .text.RCC_PLLI2SConfig
                0x00000000       0x2c ..\obj\stm32f4xx_rcc.o
 .text.RCC_PLLI2SCmd
                0x00000000       0x20 ..\obj\stm32f4xx_rcc.o
 .text.RCC_ClockSecuritySystemCmd
                0x00000000       0x20 ..\obj\stm32f4xx_rcc.o
 .text.RCC_MCO1Config
                0x00000000       0x40 ..\obj\stm32f4xx_rcc.o
 .text.RCC_MCO2Config
                0x00000000       0x40 ..\obj\stm32f4xx_rcc.o
 .text.RCC_SYSCLKConfig
                0x00000000       0x38 ..\obj\stm32f4xx_rcc.o
 .text.RCC_GetSYSCLKSource
                0x00000000       0x20 ..\obj\stm32f4xx_rcc.o
 .text.RCC_HCLKConfig
                0x00000000       0x38 ..\obj\stm32f4xx_rcc.o
 .text.RCC_PCLK1Config
                0x00000000       0x38 ..\obj\stm32f4xx_rcc.o
 .text.RCC_PCLK2Config
                0x00000000       0x3c ..\obj\stm32f4xx_rcc.o
 .text.RCC_GetClocksFreq
                0x00000000      0x150 ..\obj\stm32f4xx_rcc.o
 .text.RCC_RTCCLKConfig
                0x00000000       0x5c ..\obj\stm32f4xx_rcc.o
 .text.RCC_RTCCLKCmd
                0x00000000       0x20 ..\obj\stm32f4xx_rcc.o
 .text.RCC_BackupResetCmd
                0x00000000       0x20 ..\obj\stm32f4xx_rcc.o
 .text.RCC_I2SCLKConfig
                0x00000000       0x20 ..\obj\stm32f4xx_rcc.o
 .text.RCC_AHB3PeriphClockCmd
                0x00000000       0x40 ..\obj\stm32f4xx_rcc.o
 .text.RCC_APB1PeriphClockCmd
                0x00000000       0x40 ..\obj\stm32f4xx_rcc.o
 .text.RCC_AHB1PeriphResetCmd
                0x00000000       0x40 ..\obj\stm32f4xx_rcc.o
 .text.RCC_AHB2PeriphResetCmd
                0x00000000       0x40 ..\obj\stm32f4xx_rcc.o
 .text.RCC_AHB3PeriphResetCmd
                0x00000000       0x40 ..\obj\stm32f4xx_rcc.o
 .text.RCC_APB2PeriphResetCmd
                0x00000000       0x40 ..\obj\stm32f4xx_rcc.o
 .text.RCC_AHB1PeriphClockLPModeCmd
                0x00000000       0x40 ..\obj\stm32f4xx_rcc.o
 .text.RCC_AHB2PeriphClockLPModeCmd
                0x00000000       0x40 ..\obj\stm32f4xx_rcc.o
 .text.RCC_AHB3PeriphClockLPModeCmd
                0x00000000       0x40 ..\obj\stm32f4xx_rcc.o
 .text.RCC_APB1PeriphClockLPModeCmd
                0x00000000       0x40 ..\obj\stm32f4xx_rcc.o
 .text.RCC_APB2PeriphClockLPModeCmd
                0x00000000       0x40 ..\obj\stm32f4xx_rcc.o
 .text.RCC_ITConfig
                0x00000000       0x4c ..\obj\stm32f4xx_rcc.o
 .text.RCC_GetFlagStatus
                0x00000000       0x74 ..\obj\stm32f4xx_rcc.o
 .text.RCC_ClearFlag
                0x00000000       0x20 ..\obj\stm32f4xx_rcc.o
 .text.RCC_GetITStatus
                0x00000000       0x38 ..\obj\stm32f4xx_rcc.o
 .text.RCC_ClearITPendingBit
                0x00000000       0x20 ..\obj\stm32f4xx_rcc.o
 .text          0x00000000        0x0 ..\obj\usbd_desc.o
 .bss           0x00000000        0x0 ..\obj\usbd_desc.o
 .text          0x00000000        0x0 ..\obj\stm32f4xx_gpio.o
 .data          0x00000000        0x0 ..\obj\stm32f4xx_gpio.o
 .bss           0x00000000        0x0 ..\obj\stm32f4xx_gpio.o
 .text.GPIO_DeInit
                0x00000000      0x120 ..\obj\stm32f4xx_gpio.o
 .text.GPIO_StructInit
                0x00000000       0x34 ..\obj\stm32f4xx_gpio.o
 .text.GPIO_PinLockConfig
                0x00000000       0x44 ..\obj\stm32f4xx_gpio.o
 .text.GPIO_ReadInputDataBit
                0x00000000       0x34 ..\obj\stm32f4xx_gpio.o
 .text.GPIO_ReadInputData
                0x00000000       0x1a ..\obj\stm32f4xx_gpio.o
 .text.GPIO_ReadOutputDataBit
                0x00000000       0x34 ..\obj\stm32f4xx_gpio.o
 .text.GPIO_ReadOutputData
                0x00000000       0x1a ..\obj\stm32f4xx_gpio.o
 .text.GPIO_SetBits
                0x00000000       0x1e ..\obj\stm32f4xx_gpio.o
 .text.GPIO_ResetBits
                0x00000000       0x1e ..\obj\stm32f4xx_gpio.o
 .text.GPIO_WriteBit
                0x00000000       0x30 ..\obj\stm32f4xx_gpio.o
 .text.GPIO_Write
                0x00000000       0x1e ..\obj\stm32f4xx_gpio.o
 .text.GPIO_ToggleBits
                0x00000000       0x24 ..\obj\stm32f4xx_gpio.o
 .text          0x00000000        0x0 ..\obj\usbd_cdc_vcp.o
 .bss           0x00000000        0x0 ..\obj\usbd_cdc_vcp.o
 .text.VCP_send_str
                0x00000000       0x30 ..\obj\usbd_cdc_vcp.o
 .text.VCP_send_buffer
                0x00000000       0x1c ..\obj\usbd_cdc_vcp.o
 .text.VCP_get_string
                0x00000000      0x11c ..\obj\usbd_cdc_vcp.o
 .text.EVAL_COM_IRQHandler
                0x00000000        0xe ..\obj\usbd_cdc_vcp.o
 .text          0x00000000        0x0 ..\obj\system_stm32f4xx.o
 .bss           0x00000000        0x0 ..\obj\system_stm32f4xx.o
 .text.SystemCoreClockUpdate
                0x00000000       0xf8 ..\obj\system_stm32f4xx.o
 .text          0x00000000        0x0 ..\obj\stm32f4xx_dma.o
 .data          0x00000000        0x0 ..\obj\stm32f4xx_dma.o
 .bss           0x00000000        0x0 ..\obj\stm32f4xx_dma.o
 .text.DMA_DeInit
                0x00000000      0x1a8 ..\obj\stm32f4xx_dma.o
 .text.DMA_Init
                0x00000000       0xb0 ..\obj\stm32f4xx_dma.o
 .text.DMA_StructInit
                0x00000000       0x6e ..\obj\stm32f4xx_dma.o
 .text.DMA_Cmd  0x00000000       0x38 ..\obj\stm32f4xx_dma.o
 .text.DMA_PeriphIncOffsetSizeConfig
                0x00000000       0x36 ..\obj\stm32f4xx_dma.o
 .text.DMA_FlowControllerConfig
                0x00000000       0x36 ..\obj\stm32f4xx_dma.o
 .text.DMA_SetCurrDataCounter
                0x00000000       0x1e ..\obj\stm32f4xx_dma.o
 .text.DMA_GetCurrDataCounter
                0x00000000       0x1a ..\obj\stm32f4xx_dma.o
 .text.DMA_DoubleBufferModeConfig
                0x00000000       0x3e ..\obj\stm32f4xx_dma.o
 .text.DMA_DoubleBufferModeCmd
                0x00000000       0x38 ..\obj\stm32f4xx_dma.o
 .text.DMA_MemoryTargetConfig
                0x00000000       0x2c ..\obj\stm32f4xx_dma.o
 .text.DMA_GetCurrentMemoryTarget
                0x00000000       0x30 ..\obj\stm32f4xx_dma.o
 .text.DMA_GetCmdStatus
                0x00000000       0x30 ..\obj\stm32f4xx_dma.o
 .text.DMA_GetFIFOStatus
                0x00000000       0x24 ..\obj\stm32f4xx_dma.o
 .text.DMA_GetFlagStatus
                0x00000000       0x78 ..\obj\stm32f4xx_dma.o
 .text.DMA_ClearFlag
                0x00000000       0x5c ..\obj\stm32f4xx_dma.o
 .text.DMA_ITConfig
                0x00000000       0x74 ..\obj\stm32f4xx_dma.o
 .text.DMA_GetITStatus
                0x00000000       0xb0 ..\obj\stm32f4xx_dma.o
 .text.DMA_ClearITPendingBit
                0x00000000       0x5c ..\obj\stm32f4xx_dma.o
 .debug_info    0x00000000      0x747 ..\obj\stm32f4xx_dma.o
 .debug_abbrev  0x00000000      0x16a ..\obj\stm32f4xx_dma.o
 .debug_aranges
                0x00000000       0xb0 ..\obj\stm32f4xx_dma.o
 .debug_ranges  0x00000000       0xa0 ..\obj\stm32f4xx_dma.o
 .debug_line    0x00000000      0x452 ..\obj\stm32f4xx_dma.o
 .debug_str     0x00000000      0x594 ..\obj\stm32f4xx_dma.o
 .comment       0x00000000       0x7f ..\obj\stm32f4xx_dma.o
 .debug_frame   0x00000000      0x308 ..\obj\stm32f4xx_dma.o
 .ARM.attributes
                0x00000000       0x37 ..\obj\stm32f4xx_dma.o
 .text          0x00000000        0x0 ..\obj\usb_bsp.o
 .data          0x00000000        0x0 ..\obj\usb_bsp.o
 .bss           0x00000000        0x0 ..\obj\usb_bsp.o
 .text.USB_OTG_BSP_ConfigVBUS
                0x00000000       0x14 ..\obj\usb_bsp.o
 .text.USB_OTG_BSP_DriveVBUS
                0x00000000       0x18 ..\obj\usb_bsp.o
 .text          0x00000000        0x0 ..\obj\usbd_req.o
 .data          0x00000000        0x0 ..\obj\usbd_req.o
 .text          0x00000000        0x0 ..\obj\usb_dcd_int.o
 .data          0x00000000        0x0 ..\obj\usb_dcd_int.o
 .bss           0x00000000        0x0 ..\obj\usb_dcd_int.o
 .text          0x00000000        0x0 ..\obj\usbd_cdc_core.o
 .text          0x00000000        0x0 ..\obj\stm32f4xx_exti.o
 .data          0x00000000        0x0 ..\obj\stm32f4xx_exti.o
 .bss           0x00000000        0x0 ..\obj\stm32f4xx_exti.o
 .text.EXTI_DeInit
                0x00000000       0x34 ..\obj\stm32f4xx_exti.o
 .text.EXTI_Init
                0x00000000       0xe4 ..\obj\stm32f4xx_exti.o
 .text.EXTI_StructInit
                0x00000000       0x2c ..\obj\stm32f4xx_exti.o
 .text.EXTI_GenerateSWInterrupt
                0x00000000       0x24 ..\obj\stm32f4xx_exti.o
 .text.EXTI_GetFlagStatus
                0x00000000       0x34 ..\obj\stm32f4xx_exti.o
 .text.EXTI_ClearFlag
                0x00000000       0x20 ..\obj\stm32f4xx_exti.o
 .text.EXTI_GetITStatus
                0x00000000       0x48 ..\obj\stm32f4xx_exti.o
 .text          0x00000000        0x0 ..\obj\misc.o
 .data          0x00000000        0x0 ..\obj\misc.o
 .bss           0x00000000        0x0 ..\obj\misc.o
 .text.NVIC_SetVectorTable
                0x00000000       0x2c ..\obj\misc.o
 .text.NVIC_SystemLPConfig
                0x00000000       0x44 ..\obj\misc.o
 .text.SysTick_CLKSourceConfig
                0x00000000       0x38 ..\obj\misc.o
 .text          0x00000000        0x0 ..\obj\usb_dcd.o
 .data          0x00000000        0x0 ..\obj\usb_dcd.o
 .bss           0x00000000        0x0 ..\obj\usb_dcd.o
 .text.DCD_EP_Flush
                0x00000000       0x34 ..\obj\usb_dcd.o
 .text.DCD_DevConnect
                0x00000000       0x2e ..\obj\usb_dcd.o
 .text.DCD_DevDisconnect
                0x00000000       0x2e ..\obj\usb_dcd.o
 .text.DCD_GetEPStatus
                0x00000000       0x5a ..\obj\usb_dcd.o
 .text.DCD_SetEPStatus
                0x00000000       0x56 ..\obj\usb_dcd.o
 .text          0x00000000        0x0 ..\obj\usbd_ioreq.o
 .data          0x00000000        0x0 ..\obj\usbd_ioreq.o
 .bss           0x00000000        0x0 ..\obj\usbd_ioreq.o
 .text.USBD_GetRxCount
                0x00000000       0x2e ..\obj\usbd_ioreq.o
 .text          0x00000000        0x0 ..\obj\USART.o
 .data          0x00000000        0x0 ..\obj\USART.o
 .bss           0x00000000        0x0 ..\obj\USART.o
 .text.NVIC_EnableIRQ
                0x00000000       0x34 ..\obj\USART.o
 .text.initUSART
                0x00000000       0x8c ..\obj\USART.o
 .text.sendUSART
                0x00000000       0x44 ..\obj\USART.o
 .text.readUSART
                0x00000000       0x28 ..\obj\USART.o
 .text.initUSARTInterruption
                0x00000000       0x3c ..\obj\USART.o
 .text.readUSARTFromInterruption
                0x00000000       0x1c ..\obj\USART.o
 .debug_info    0x00000000      0x89a ..\obj\USART.o
 .debug_abbrev  0x00000000      0x1ec ..\obj\USART.o
 .debug_aranges
                0x00000000       0x48 ..\obj\USART.o
 .debug_ranges  0x00000000       0x38 ..\obj\USART.o
 .debug_line    0x00000000      0x2bc ..\obj\USART.o
 .debug_str     0x00000000      0xaba ..\obj\USART.o
 .comment       0x00000000       0x7f ..\obj\USART.o
 .debug_frame   0x00000000       0xe0 ..\obj\USART.o
 .ARM.attributes
                0x00000000       0x37 ..\obj\USART.o
 .text          0x00000000        0x0 ..\obj\stm32f4xx_tim.o
 .data          0x00000000        0x0 ..\obj\stm32f4xx_tim.o
 .bss           0x00000000        0x0 ..\obj\stm32f4xx_tim.o
 .text.TIM_DeInit
                0x00000000      0x1c0 ..\obj\stm32f4xx_tim.o
 .text.TIM_TimeBaseInit
                0x00000000       0xd8 ..\obj\stm32f4xx_tim.o
 .text.TIM_TimeBaseStructInit
                0x00000000       0x34 ..\obj\stm32f4xx_tim.o
 .text.TIM_PrescalerConfig
                0x00000000       0x28 ..\obj\stm32f4xx_tim.o
 .text.TIM_CounterModeConfig
                0x00000000       0x38 ..\obj\stm32f4xx_tim.o
 .text.TIM_SetCounter
                0x00000000       0x1c ..\obj\stm32f4xx_tim.o
 .text.TIM_SetAutoreload
                0x00000000       0x1c ..\obj\stm32f4xx_tim.o
 .text.TIM_GetCounter
                0x00000000       0x18 ..\obj\stm32f4xx_tim.o
 .text.TIM_GetPrescaler
                0x00000000       0x1a ..\obj\stm32f4xx_tim.o
 .text.TIM_UpdateDisableConfig
                0x00000000       0x40 ..\obj\stm32f4xx_tim.o
 .text.TIM_UpdateRequestConfig
                0x00000000       0x40 ..\obj\stm32f4xx_tim.o
 .text.TIM_ARRPreloadConfig
                0x00000000       0x40 ..\obj\stm32f4xx_tim.o
 .text.TIM_SelectOnePulseMode
                0x00000000       0x38 ..\obj\stm32f4xx_tim.o
 .text.TIM_SetClockDivision
                0x00000000       0x38 ..\obj\stm32f4xx_tim.o
 .text.TIM_Cmd  0x00000000       0x40 ..\obj\stm32f4xx_tim.o
 .text.TIM_OC1Init
                0x00000000       0xf4 ..\obj\stm32f4xx_tim.o
 .text.TIM_OC2Init
                0x00000000      0x110 ..\obj\stm32f4xx_tim.o
 .text.TIM_OC3Init
                0x00000000      0x10c ..\obj\stm32f4xx_tim.o
 .text.TIM_OC4Init
                0x00000000       0xd0 ..\obj\stm32f4xx_tim.o
 .text.TIM_OCStructInit
                0x00000000       0x44 ..\obj\stm32f4xx_tim.o
 .text.TIM_SelectOCxM
                0x00000000       0xb4 ..\obj\stm32f4xx_tim.o
 .text.TIM_SetCompare1
                0x00000000       0x1c ..\obj\stm32f4xx_tim.o
 .text.TIM_SetCompare2
                0x00000000       0x1c ..\obj\stm32f4xx_tim.o
 .text.TIM_SetCompare3
                0x00000000       0x1c ..\obj\stm32f4xx_tim.o
 .text.TIM_SetCompare4
                0x00000000       0x1c ..\obj\stm32f4xx_tim.o
 .text.TIM_ForcedOC1Config
                0x00000000       0x38 ..\obj\stm32f4xx_tim.o
 .text.TIM_ForcedOC2Config
                0x00000000       0x3c ..\obj\stm32f4xx_tim.o
 .text.TIM_ForcedOC3Config
                0x00000000       0x38 ..\obj\stm32f4xx_tim.o
 .text.TIM_ForcedOC4Config
                0x00000000       0x3c ..\obj\stm32f4xx_tim.o
 .text.TIM_OC1PreloadConfig
                0x00000000       0x38 ..\obj\stm32f4xx_tim.o
 .text.TIM_OC2PreloadConfig
                0x00000000       0x3c ..\obj\stm32f4xx_tim.o
 .text.TIM_OC3PreloadConfig
                0x00000000       0x38 ..\obj\stm32f4xx_tim.o
 .text.TIM_OC4PreloadConfig
                0x00000000       0x3c ..\obj\stm32f4xx_tim.o
 .text.TIM_OC1FastConfig
                0x00000000       0x38 ..\obj\stm32f4xx_tim.o
 .text.TIM_OC2FastConfig
                0x00000000       0x3c ..\obj\stm32f4xx_tim.o
 .text.TIM_OC3FastConfig
                0x00000000       0x38 ..\obj\stm32f4xx_tim.o
 .text.TIM_OC4FastConfig
                0x00000000       0x3c ..\obj\stm32f4xx_tim.o
 .text.TIM_ClearOC1Ref
                0x00000000       0x38 ..\obj\stm32f4xx_tim.o
 .text.TIM_ClearOC2Ref
                0x00000000       0x3c ..\obj\stm32f4xx_tim.o
 .text.TIM_ClearOC3Ref
                0x00000000       0x38 ..\obj\stm32f4xx_tim.o
 .text.TIM_ClearOC4Ref
                0x00000000       0x3c ..\obj\stm32f4xx_tim.o
 .text.TIM_OC1PolarityConfig
                0x00000000       0x38 ..\obj\stm32f4xx_tim.o
 .text.TIM_OC1NPolarityConfig
                0x00000000       0x38 ..\obj\stm32f4xx_tim.o
 .text.TIM_OC2PolarityConfig
                0x00000000       0x3c ..\obj\stm32f4xx_tim.o
 .text.TIM_OC2NPolarityConfig
                0x00000000       0x3c ..\obj\stm32f4xx_tim.o
 .text.TIM_OC3PolarityConfig
                0x00000000       0x3c ..\obj\stm32f4xx_tim.o
 .text.TIM_OC3NPolarityConfig
                0x00000000       0x3c ..\obj\stm32f4xx_tim.o
 .text.TIM_OC4PolarityConfig
                0x00000000       0x3c ..\obj\stm32f4xx_tim.o
 .text.TIM_CCxCmd
                0x00000000       0x56 ..\obj\stm32f4xx_tim.o
 .text.TIM_CCxNCmd
                0x00000000       0x56 ..\obj\stm32f4xx_tim.o
 .text.TIM_ICInit
                0x00000000       0xa8 ..\obj\stm32f4xx_tim.o
 .text.TIM_ICStructInit
                0x00000000       0x32 ..\obj\stm32f4xx_tim.o
 .text.TIM_PWMIConfig
                0x00000000       0xb8 ..\obj\stm32f4xx_tim.o
 .text.TIM_GetCapture1
                0x00000000       0x18 ..\obj\stm32f4xx_tim.o
 .text.TIM_GetCapture2
                0x00000000       0x18 ..\obj\stm32f4xx_tim.o
 .text.TIM_GetCapture3
                0x00000000       0x18 ..\obj\stm32f4xx_tim.o
 .text.TIM_GetCapture4
                0x00000000       0x18 ..\obj\stm32f4xx_tim.o
 .text.TIM_SetIC1Prescaler
                0x00000000       0x38 ..\obj\stm32f4xx_tim.o
 .text.TIM_SetIC2Prescaler
                0x00000000       0x3c ..\obj\stm32f4xx_tim.o
 .text.TIM_SetIC3Prescaler
                0x00000000       0x38 ..\obj\stm32f4xx_tim.o
 .text.TIM_SetIC4Prescaler
                0x00000000       0x3c ..\obj\stm32f4xx_tim.o
 .text.TIM_BDTRConfig
                0x00000000       0x50 ..\obj\stm32f4xx_tim.o
 .text.TIM_BDTRStructInit
                0x00000000       0x3e ..\obj\stm32f4xx_tim.o
 .text.TIM_CtrlPWMOutputs
                0x00000000       0x4c ..\obj\stm32f4xx_tim.o
 .text.TIM_SelectCOM
                0x00000000       0x40 ..\obj\stm32f4xx_tim.o
 .text.TIM_CCPreloadControl
                0x00000000       0x40 ..\obj\stm32f4xx_tim.o
 .text.TIM_ITConfig
                0x00000000       0x48 ..\obj\stm32f4xx_tim.o
 .text.TIM_GenerateEvent
                0x00000000       0x1e ..\obj\stm32f4xx_tim.o
 .text.TIM_GetFlagStatus
                0x00000000       0x38 ..\obj\stm32f4xx_tim.o
 .text.TIM_ClearFlag
                0x00000000       0x22 ..\obj\stm32f4xx_tim.o
 .text.TIM_GetITStatus
                0x00000000       0x54 ..\obj\stm32f4xx_tim.o
 .text.TIM_ClearITPendingBit
                0x00000000       0x22 ..\obj\stm32f4xx_tim.o
 .text.TIM_DMAConfig
                0x00000000       0x2a ..\obj\stm32f4xx_tim.o
 .text.TIM_DMACmd
                0x00000000       0x48 ..\obj\stm32f4xx_tim.o
 .text.TIM_SelectCCDMA
                0x00000000       0x40 ..\obj\stm32f4xx_tim.o
 .text.TIM_InternalClockConfig
                0x00000000       0x24 ..\obj\stm32f4xx_tim.o
 .text.TIM_ITRxExternalClockConfig
                0x00000000       0x2e ..\obj\stm32f4xx_tim.o
 .text.TIM_TIxExternalClockConfig
                0x00000000       0x5c ..\obj\stm32f4xx_tim.o
 .text.TIM_ETRClockMode1Config
                0x00000000       0x5e ..\obj\stm32f4xx_tim.o
 .text.TIM_ETRClockMode2Config
                0x00000000       0x3e ..\obj\stm32f4xx_tim.o
 .text.TIM_SelectInputTrigger
                0x00000000       0x38 ..\obj\stm32f4xx_tim.o
 .text.TIM_SelectOutputTrigger
                0x00000000       0x38 ..\obj\stm32f4xx_tim.o
 .text.TIM_SelectSlaveMode
                0x00000000       0x38 ..\obj\stm32f4xx_tim.o
 .text.TIM_SelectMasterSlaveMode
                0x00000000       0x38 ..\obj\stm32f4xx_tim.o
 .text.TIM_ETRConfig
                0x00000000       0x54 ..\obj\stm32f4xx_tim.o
 .text.TIM_EncoderInterfaceConfig
                0x00000000       0x98 ..\obj\stm32f4xx_tim.o
 .text.TIM_SelectHallSensor
                0x00000000       0x40 ..\obj\stm32f4xx_tim.o
 .text.TIM_RemapConfig
                0x00000000       0x20 ..\obj\stm32f4xx_tim.o
 .text.TI1_Config
                0x00000000       0x86 ..\obj\stm32f4xx_tim.o
 .text.TI2_Config
                0x00000000       0x9a ..\obj\stm32f4xx_tim.o
 .text.TI3_Config
                0x00000000       0x90 ..\obj\stm32f4xx_tim.o
 .text.TI4_Config
                0x00000000       0x9e ..\obj\stm32f4xx_tim.o
 .debug_info    0x00000000     0x1c6f ..\obj\stm32f4xx_tim.o
 .debug_abbrev  0x00000000      0x19c ..\obj\stm32f4xx_tim.o
 .debug_aranges
                0x00000000      0x2f8 ..\obj\stm32f4xx_tim.o
 .debug_ranges  0x00000000      0x2e8 ..\obj\stm32f4xx_tim.o
 .debug_line    0x00000000      0xae9 ..\obj\stm32f4xx_tim.o
 .debug_str     0x00000000      0xe22 ..\obj\stm32f4xx_tim.o
 .comment       0x00000000       0x7f ..\obj\stm32f4xx_tim.o
 .debug_frame   0x00000000      0xe54 ..\obj\stm32f4xx_tim.o
 .ARM.attributes
                0x00000000       0x37 ..\obj\stm32f4xx_tim.o

Memory Configuration

Name             Origin             Length             Attributes
rom              0x08000000         0x00100000         xr
ram              0x20000000         0x00020000         xrw
ram1             0x10000000         0x00010000         xrw
*default*        0x00000000         0xffffffff

Linker script and memory map

                0x20020000                _eram = 0x20020000

.text           0x08000000     0x47d6
 *(.isr_vector .isr_vector.*)
 .isr_vector    0x08000000      0x188 ..\obj\startup_stm32f4xx.o
                0x08000000                g_pfnVectors
 *(.text .text.* .gnu.linkonce.t.*)
 .text.USB_OTG_EnableCommonInt
                0x08000188       0x44 ..\obj\usb_core.o
 .text.USB_OTG_CoreReset
                0x080001cc       0x90 ..\obj\usb_core.o
 .text.USB_OTG_WritePacket
                0x0800025c       0x76 ..\obj\usb_core.o
                0x0800025c                USB_OTG_WritePacket
 .text.USB_OTG_ReadPacket
                0x080002d2       0x58 ..\obj\usb_core.o
                0x080002d2                USB_OTG_ReadPacket
 *fill*         0x0800032a        0x2 
 .text.USB_OTG_SelectCore
                0x0800032c      0x174 ..\obj\usb_core.o
                0x0800032c                USB_OTG_SelectCore
 .text.USB_OTG_CoreInit
                0x080004a0      0x1dc ..\obj\usb_core.o
                0x080004a0                USB_OTG_CoreInit
 .text.USB_OTG_EnableGlobalInt
                0x0800067c       0x36 ..\obj\usb_core.o
                0x0800067c                USB_OTG_EnableGlobalInt
 .text.USB_OTG_DisableGlobalInt
                0x080006b2       0x38 ..\obj\usb_core.o
                0x080006b2                USB_OTG_DisableGlobalInt
 *fill*         0x080006ea        0x2 
 .text.USB_OTG_FlushTxFifo
                0x080006ec       0x70 ..\obj\usb_core.o
                0x080006ec                USB_OTG_FlushTxFifo
 .text.USB_OTG_FlushRxFifo
                0x0800075c       0x60 ..\obj\usb_core.o
                0x0800075c                USB_OTG_FlushRxFifo
 .text.USB_OTG_SetCurrentMode
                0x080007bc       0x5e ..\obj\usb_core.o
                0x080007bc                USB_OTG_SetCurrentMode
 .text.USB_OTG_GetMode
                0x0800081a       0x1e ..\obj\usb_core.o
                0x0800081a                USB_OTG_GetMode
 .text.USB_OTG_IsDeviceMode
                0x08000838       0x22 ..\obj\usb_core.o
                0x08000838                USB_OTG_IsDeviceMode
 .text.USB_OTG_ReadCoreItr
                0x0800085a       0x2e ..\obj\usb_core.o
                0x0800085a                USB_OTG_ReadCoreItr
 .text.USB_OTG_InitDevSpeed
                0x08000888       0x38 ..\obj\usb_core.o
                0x08000888                USB_OTG_InitDevSpeed
 .text.USB_OTG_CoreInitDev
                0x080008c0      0x264 ..\obj\usb_core.o
                0x080008c0                USB_OTG_CoreInitDev
 .text.USB_OTG_EnableDevInt
                0x08000b24       0x9a ..\obj\usb_core.o
                0x08000b24                USB_OTG_EnableDevInt
 .text.USB_OTG_GetDeviceSpeed
                0x08000bbe       0x48 ..\obj\usb_core.o
                0x08000bbe                USB_OTG_GetDeviceSpeed
 .text.USB_OTG_EP0Activate
                0x08000c06       0x78 ..\obj\usb_core.o
                0x08000c06                USB_OTG_EP0Activate
 .text.USB_OTG_EPActivate
                0x08000c7e       0xd8 ..\obj\usb_core.o
                0x08000c7e                USB_OTG_EPActivate
 .text.USB_OTG_EPDeactivate
                0x08000d56       0x8a ..\obj\usb_core.o
                0x08000d56                USB_OTG_EPDeactivate
 .text.USB_OTG_EPStartXfer
                0x08000de0      0x282 ..\obj\usb_core.o
                0x08000de0                USB_OTG_EPStartXfer
 .text.USB_OTG_EP0StartXfer
                0x08001062      0x1cc ..\obj\usb_core.o
                0x08001062                USB_OTG_EP0StartXfer
 .text.USB_OTG_EPSetStall
                0x0800122e       0x86 ..\obj\usb_core.o
                0x0800122e                USB_OTG_EPSetStall
 .text.USB_OTG_EPClearStall
                0x080012b4       0x76 ..\obj\usb_core.o
                0x080012b4                USB_OTG_EPClearStall
 .text.USB_OTG_ReadDevAllOutEp_itr
                0x0800132a       0x2c ..\obj\usb_core.o
                0x0800132a                USB_OTG_ReadDevAllOutEp_itr
 .text.USB_OTG_ReadDevOutEP_itr
                0x08001356       0x36 ..\obj\usb_core.o
                0x08001356                USB_OTG_ReadDevOutEP_itr
 .text.USB_OTG_ReadDevAllInEPItr
                0x0800138c       0x2c ..\obj\usb_core.o
                0x0800138c                USB_OTG_ReadDevAllInEPItr
 .text.USB_OTG_EP0_OutStart
                0x080013b8       0x72 ..\obj\usb_core.o
                0x080013b8                USB_OTG_EP0_OutStart
 .text.USB_OTG_UngateClock
                0x0800142a       0x54 ..\obj\usb_core.o
                0x0800142a                USB_OTG_UngateClock
 .text.USBD_USR_Init
                0x0800147e        0xe ..\obj\usbd_usr.o
                0x0800147e                USBD_USR_Init
 .text.USBD_USR_DeviceReset
                0x0800148c       0x28 ..\obj\usbd_usr.o
                0x0800148c                USBD_USR_DeviceReset
 .text.USBD_USR_DeviceConfigured
                0x080014b4        0xe ..\obj\usbd_usr.o
                0x080014b4                USBD_USR_DeviceConfigured
 .text.USBD_USR_DeviceConnected
                0x080014c2        0xe ..\obj\usbd_usr.o
                0x080014c2                USBD_USR_DeviceConnected
 .text.USBD_USR_DeviceDisconnected
                0x080014d0        0xe ..\obj\usbd_usr.o
                0x080014d0                USBD_USR_DeviceDisconnected
 .text.USBD_USR_DeviceSuspended
                0x080014de        0xe ..\obj\usbd_usr.o
                0x080014de                USBD_USR_DeviceSuspended
 .text.USBD_USR_DeviceResumed
                0x080014ec        0xe ..\obj\usbd_usr.o
                0x080014ec                USBD_USR_DeviceResumed
 *fill*         0x080014fa        0x2 
 .text.Default_Reset_Handler
                0x080014fc       0x6c ..\obj\startup_stm32f4xx.o
                0x080014fc                Default_Reset_Handler
                0x080014fc                Reset_Handler
 .text.Default_Handler
                0x08001568        0x6 ..\obj\startup_stm32f4xx.o
                0x08001568                RTC_Alarm_IRQHandler
                0x08001568                HASH_RNG_IRQHandler
                0x08001568                EXTI2_IRQHandler
                0x08001568                TIM8_CC_IRQHandler
                0x08001568                TIM1_CC_IRQHandler
                0x08001568                DMA1_Stream5_IRQHandler
                0x08001568                PVD_IRQHandler
                0x08001568                SDIO_IRQHandler
                0x08001568                TAMP_STAMP_IRQHandler
                0x08001568                CAN2_RX1_IRQHandler
                0x08001568                EXTI3_IRQHandler
                0x08001568                TIM8_TRG_COM_TIM14_IRQHandler
                0x08001568                TIM1_UP_TIM10_IRQHandler
                0x08001568                TIM8_UP_TIM13_IRQHandler
                0x08001568                I2C3_ER_IRQHandler
                0x08001568                EXTI0_IRQHandler
                0x08001568                I2C2_EV_IRQHandler
                0x08001568                DMA1_Stream2_IRQHandler
                0x08001568                CAN1_RX0_IRQHandler
                0x08001568                FPU_IRQHandler
                0x08001568                OTG_HS_WKUP_IRQHandler
                0x08001568                CAN2_SCE_IRQHandler
                0x08001568                DMA2_Stream2_IRQHandler
                0x08001568                SPI1_IRQHandler
                0x08001568                TIM6_DAC_IRQHandler
                0x08001568                TIM1_BRK_TIM9_IRQHandler
                0x08001568                DCMI_IRQHandler
                0x08001568                CAN2_RX0_IRQHandler
                0x08001568                DMA2_Stream3_IRQHandler
                0x08001568                USART6_IRQHandler
                0x08001568                USART3_IRQHandler
                0x08001568                CRYP_IRQHandler
                0x08001568                CAN1_RX1_IRQHandler
                0x08001568                UART5_IRQHandler
                0x08001568                DMA2_Stream0_IRQHandler
                0x08001568                TIM4_IRQHandler
                0x08001568                I2C1_EV_IRQHandler
                0x08001568                DMA1_Stream6_IRQHandler
                0x08001568                DMA1_Stream1_IRQHandler
                0x08001568                UART4_IRQHandler
                0x08001568                TIM3_IRQHandler
                0x08001568                RCC_IRQHandler
                0x08001568                TIM8_BRK_TIM12_IRQHandler
                0x08001568                EXTI15_10_IRQHandler
                0x08001568                ADC_IRQHandler
                0x08001568                DMA1_Stream7_IRQHandler
                0x08001568                TIM7_IRQHandler
                0x08001568                CAN2_TX_IRQHandler
                0x08001568                TIM5_IRQHandler
                0x08001568                DMA2_Stream7_IRQHandler
                0x08001568                I2C3_EV_IRQHandler
                0x08001568                EXTI9_5_IRQHandler
                0x08001568                RTC_WKUP_IRQHandler
                0x08001568                ETH_WKUP_IRQHandler
                0x08001568                SPI2_IRQHandler
                0x08001568                OTG_HS_EP1_IN_IRQHandler
                0x08001568                DMA1_Stream0_IRQHandler
                0x08001568                CAN1_TX_IRQHandler
                0x08001568                EXTI4_IRQHandler
                0x08001568                FSMC_IRQHandler
                0x08001568                ETH_IRQHandler
                0x08001568                OTG_HS_EP1_OUT_IRQHandler
                0x08001568                WWDG_IRQHandler
                0x08001568                TIM1_TRG_COM_TIM11_IRQHandler
                0x08001568                OTG_HS_IRQHandler
                0x08001568                EXTI1_IRQHandler
                0x08001568                USART2_IRQHandler
                0x08001568                I2C2_ER_IRQHandler
                0x08001568                DMA2_Stream1_IRQHandler
                0x08001568                CAN1_SCE_IRQHandler
                0x08001568                FLASH_IRQHandler
                0x08001568                DMA2_Stream4_IRQHandler
                0x08001568                USART1_IRQHandler
                0x08001568                SPI3_IRQHandler
                0x08001568                DMA1_Stream4_IRQHandler
                0x08001568                I2C1_ER_IRQHandler
                0x08001568                DMA2_Stream6_IRQHandler
                0x08001568                DMA1_Stream3_IRQHandler
 *fill*         0x0800156e        0x2 
 .text.WS2812B_SetRGB
                0x08001570      0x16c ..\obj\ws2812b.o
                0x08001570                WS2812B_SetRGB
 .text.DMA2_Stream5_IRQHandler
                0x080016dc       0x68 ..\obj\ws2812b.o
                0x080016dc                DMA2_Stream5_IRQHandler
 .text.TIM2_IRQHandler
                0x08001744       0x5c ..\obj\ws2812b.o
                0x08001744                TIM2_IRQHandler
 .text.USBD_Init
                0x080017a0       0x56 ..\obj\usbd_core.o
                0x080017a0                USBD_Init
 .text.USBD_DeInit
                0x080017f6       0x16 ..\obj\usbd_core.o
                0x080017f6                USBD_DeInit
 .text.USBD_SetupStage
                0x0800180c       0x6c ..\obj\usbd_core.o
 .text.USBD_DataOutStage
                0x08001878       0xcc ..\obj\usbd_core.o
 .text.USBD_DataInStage
                0x08001944      0x102 ..\obj\usbd_core.o
 .text.USBD_Reset
                0x08001a46       0x42 ..\obj\usbd_core.o
 .text.USBD_Resume
                0x08001a88       0x24 ..\obj\usbd_core.o
 .text.USBD_Suspend
                0x08001aac       0x24 ..\obj\usbd_core.o
 .text.USBD_SOF
                0x08001ad0       0x2a ..\obj\usbd_core.o
 .text.USBD_SetCfg
                0x08001afa       0x30 ..\obj\usbd_core.o
                0x08001afa                USBD_SetCfg
 .text.USBD_ClrCfg
                0x08001b2a       0x26 ..\obj\usbd_core.o
                0x08001b2a                USBD_ClrCfg
 .text.USBD_IsoINIncomplete
                0x08001b50       0x1e ..\obj\usbd_core.o
 .text.USBD_IsoOUTIncomplete
                0x08001b6e       0x1e ..\obj\usbd_core.o
 .text.NVIC_SetPriority
                0x08001b8c       0x54 ..\obj\main.o
 .text.SysTick_Config
                0x08001be0       0x44 ..\obj\main.o
 .text.main     0x08001c24      0x19c ..\obj\main.o
                0x08001c24                main
 .text.init     0x08001dc0       0x80 ..\obj\main.o
                0x08001dc0                init
 .text.ColorfulRingOfDeath
                0x08001e40       0x4c ..\obj\main.o
                0x08001e40                ColorfulRingOfDeath
 .text.SysTick_Handler
                0x08001e8c       0x34 ..\obj\main.o
                0x08001e8c                SysTick_Handler
 .text.NMI_Handler
                0x08001ec0        0xe ..\obj\main.o
                0x08001ec0                NMI_Handler
 .text.HardFault_Handler
                0x08001ece        0xc ..\obj\main.o
                0x08001ece                HardFault_Handler
 .text.MemManage_Handler
                0x08001eda        0xc ..\obj\main.o
                0x08001eda                MemManage_Handler
 .text.BusFault_Handler
                0x08001ee6        0xc ..\obj\main.o
                0x08001ee6                BusFault_Handler
 .text.UsageFault_Handler
                0x08001ef2        0xc ..\obj\main.o
                0x08001ef2                UsageFault_Handler
 .text.SVC_Handler
                0x08001efe        0xe ..\obj\main.o
                0x08001efe                SVC_Handler
 .text.DebugMon_Handler
                0x08001f0c        0xe ..\obj\main.o
                0x08001f0c                DebugMon_Handler
 .text.PendSV_Handler
                0x08001f1a        0xe ..\obj\main.o
                0x08001f1a                PendSV_Handler
 .text.OTG_FS_IRQHandler
                0x08001f28       0x14 ..\obj\main.o
                0x08001f28                OTG_FS_IRQHandler
 .text.OTG_FS_WKUP_IRQHandler
                0x08001f3c       0x38 ..\obj\main.o
                0x08001f3c                OTG_FS_WKUP_IRQHandler
 .text.RCC_AHB1PeriphClockCmd
                0x08001f74       0x40 ..\obj\stm32f4xx_rcc.o
                0x08001f74                RCC_AHB1PeriphClockCmd
 .text.RCC_AHB2PeriphClockCmd
                0x08001fb4       0x40 ..\obj\stm32f4xx_rcc.o
                0x08001fb4                RCC_AHB2PeriphClockCmd
 .text.RCC_APB2PeriphClockCmd
                0x08001ff4       0x40 ..\obj\stm32f4xx_rcc.o
                0x08001ff4                RCC_APB2PeriphClockCmd
 .text.RCC_APB1PeriphResetCmd
                0x08002034       0x40 ..\obj\stm32f4xx_rcc.o
                0x08002034                RCC_APB1PeriphResetCmd
 .text.USBD_USR_DeviceDescriptor
                0x08002074       0x24 ..\obj\usbd_desc.o
                0x08002074                USBD_USR_DeviceDescriptor
 .text.USBD_USR_LangIDStrDescriptor
                0x08002098       0x24 ..\obj\usbd_desc.o
                0x08002098                USBD_USR_LangIDStrDescriptor
 .text.USBD_USR_ProductStrDescriptor
                0x080020bc       0x40 ..\obj\usbd_desc.o
                0x080020bc                USBD_USR_ProductStrDescriptor
 .text.USBD_USR_ManufacturerStrDescriptor
                0x080020fc       0x28 ..\obj\usbd_desc.o
                0x080020fc                USBD_USR_ManufacturerStrDescriptor
 .text.USBD_USR_SerialStrDescriptor
                0x08002124       0x40 ..\obj\usbd_desc.o
                0x08002124                USBD_USR_SerialStrDescriptor
 .text.USBD_USR_ConfigStrDescriptor
                0x08002164       0x3c ..\obj\usbd_desc.o
                0x08002164                USBD_USR_ConfigStrDescriptor
 .text.USBD_USR_InterfaceStrDescriptor
                0x080021a0       0x3c ..\obj\usbd_desc.o
                0x080021a0                USBD_USR_InterfaceStrDescriptor
 .text.GPIO_Init
                0x080021dc      0x11c ..\obj\stm32f4xx_gpio.o
                0x080021dc                GPIO_Init
 .text.GPIO_PinAFConfig
                0x080022f8       0x92 ..\obj\stm32f4xx_gpio.o
                0x080022f8                GPIO_PinAFConfig
 .text.VCP_Init
                0x0800238a       0x10 ..\obj\usbd_cdc_vcp.o
 .text.VCP_DeInit
                0x0800239a       0x10 ..\obj\usbd_cdc_vcp.o
 *fill*         0x080023aa        0x2 
 .text.VCP_Ctrl
                0x080023ac      0x110 ..\obj\usbd_cdc_vcp.o
 .text.VCP_put_char
                0x080024bc       0x1c ..\obj\usbd_cdc_vcp.o
                0x080024bc                VCP_put_char
 .text.VCP_DataTx
                0x080024d8       0x60 ..\obj\usbd_cdc_vcp.o
 .text.VCP_DataRx
                0x08002538       0x70 ..\obj\usbd_cdc_vcp.o
 .text.VCP_get_char
                0x080025a8       0x58 ..\obj\usbd_cdc_vcp.o
                0x080025a8                VCP_get_char
 .text.SystemInit
                0x08002600       0x6c ..\obj\system_stm32f4xx.o
                0x08002600                SystemInit
 .text.SetSysClock
                0x0800266c       0xf8 ..\obj\system_stm32f4xx.o
 .text.USB_OTG_BSP_Init
                0x08002764       0xb0 ..\obj\usb_bsp.o
                0x08002764                USB_OTG_BSP_Init
 .text.USB_OTG_BSP_EnableInterrupt
                0x08002814       0x32 ..\obj\usb_bsp.o
                0x08002814                USB_OTG_BSP_EnableInterrupt
 *fill*         0x08002846        0x2 
 .text.USB_OTG_BSP_uDelay
                0x08002848       0x48 ..\obj\usb_bsp.o
                0x08002848                USB_OTG_BSP_uDelay
 .text.USB_OTG_BSP_mDelay
                0x08002890       0x20 ..\obj\usb_bsp.o
                0x08002890                USB_OTG_BSP_mDelay
 .text.USBD_StdDevReq
                0x080028b0       0xa0 ..\obj\usbd_req.o
                0x080028b0                USBD_StdDevReq
 .text.USBD_StdItfReq
                0x08002950       0x66 ..\obj\usbd_req.o
                0x08002950                USBD_StdItfReq
 *fill*         0x080029b6        0x2 
 .text.USBD_StdEPReq
                0x080029b8      0x1b0 ..\obj\usbd_req.o
                0x080029b8                USBD_StdEPReq
 .text.USBD_GetDescriptor
                0x08002b68      0x1a8 ..\obj\usbd_req.o
 .text.USBD_SetAddress
                0x08002d10       0x7c ..\obj\usbd_req.o
 .text.USBD_SetConfig
                0x08002d8c       0xf4 ..\obj\usbd_req.o
 .text.USBD_GetConfig
                0x08002e80       0x60 ..\obj\usbd_req.o
 .text.USBD_GetStatus
                0x08002ee0       0x50 ..\obj\usbd_req.o
 .text.USBD_SetFeature
                0x08002f30       0xd0 ..\obj\usbd_req.o
 .text.USBD_ClrFeature
                0x08003000       0x50 ..\obj\usbd_req.o
 .text.USBD_ParseSetupRequest
                0x08003050       0x92 ..\obj\usbd_req.o
                0x08003050                USBD_ParseSetupRequest
 .text.USBD_CtlError
                0x080030e2       0x46 ..\obj\usbd_req.o
                0x080030e2                USBD_CtlError
 .text.USBD_GetString
                0x08003128       0x86 ..\obj\usbd_req.o
                0x08003128                USBD_GetString
 .text.USBD_GetLen
                0x080031ae       0x30 ..\obj\usbd_req.o
 .text.USBD_OTG_ISR_Handler
                0x080031de      0x15c ..\obj\usb_dcd_int.o
                0x080031de                USBD_OTG_ISR_Handler
 *fill*         0x0800333a        0x2 
 .text.DCD_HandleResume_ISR
                0x0800333c       0x80 ..\obj\usb_dcd_int.o
 .text.DCD_HandleUSBSuspend_ISR
                0x080033bc       0x9c ..\obj\usb_dcd_int.o
 .text.DCD_HandleInEP_ISR
                0x08003458      0x1ec ..\obj\usb_dcd_int.o
 .text.DCD_HandleOutEP_ISR
                0x08003644      0x178 ..\obj\usb_dcd_int.o
 .text.DCD_HandleSof_ISR
                0x080037bc       0x34 ..\obj\usb_dcd_int.o
 .text.DCD_HandleRxStatusQueueLevel_ISR
                0x080037f0      0x104 ..\obj\usb_dcd_int.o
 .text.DCD_WriteEmptyTxFifo
                0x080038f4       0xe2 ..\obj\usb_dcd_int.o
 *fill*         0x080039d6        0x2 
 .text.DCD_HandleUsbReset_ISR
                0x080039d8      0x138 ..\obj\usb_dcd_int.o
 .text.DCD_HandleEnumDone_ISR
                0x08003b10       0x78 ..\obj\usb_dcd_int.o
 .text.DCD_IsoINIncomplete_ISR
                0x08003b88       0x34 ..\obj\usb_dcd_int.o
 .text.DCD_IsoOUTIncomplete_ISR
                0x08003bbc       0x34 ..\obj\usb_dcd_int.o
 .text.DCD_ReadDevInEP
                0x08003bf0       0x50 ..\obj\usb_dcd_int.o
 .text.usbd_cdc_Init
                0x08003c40       0x84 ..\obj\usbd_cdc_core.o
 .text.usbd_cdc_DeInit
                0x08003cc4       0x38 ..\obj\usbd_cdc_core.o
 .text.usbd_cdc_Setup
                0x08003cfc      0x11c ..\obj\usbd_cdc_core.o
 .text.usbd_cdc_EP0_RxReady
                0x08003e18       0x40 ..\obj\usbd_cdc_core.o
 .text.usbd_cdc_DataIn
                0x08003e58       0xc0 ..\obj\usbd_cdc_core.o
 .text.usbd_cdc_DataOut
                0x08003f18       0x54 ..\obj\usbd_cdc_core.o
 .text.usbd_cdc_SOF
                0x08003f6c       0x30 ..\obj\usbd_cdc_core.o
 .text.Handle_USBAsynchXfer
                0x08003f9c      0x100 ..\obj\usbd_cdc_core.o
 .text.USBD_cdc_GetCfgDesc
                0x0800409c       0x24 ..\obj\usbd_cdc_core.o
 .text.EXTI_ClearITPendingBit
                0x080040c0       0x20 ..\obj\stm32f4xx_exti.o
                0x080040c0                EXTI_ClearITPendingBit
 .text.NVIC_PriorityGroupConfig
                0x080040e0       0x28 ..\obj\misc.o
                0x080040e0                NVIC_PriorityGroupConfig
 .text.NVIC_Init
                0x08004108       0xc4 ..\obj\misc.o
                0x08004108                NVIC_Init
 .text.DCD_Init
                0x080041cc      0x102 ..\obj\usb_dcd.o
                0x080041cc                DCD_Init
 .text.DCD_EP_Open
                0x080042ce       0xac ..\obj\usb_dcd.o
                0x080042ce                DCD_EP_Open
 .text.DCD_EP_Close
                0x0800437a       0x74 ..\obj\usb_dcd.o
                0x0800437a                DCD_EP_Close
 .text.DCD_EP_PrepareRx
                0x080043ee       0x82 ..\obj\usb_dcd.o
                0x080043ee                DCD_EP_PrepareRx
 .text.DCD_EP_Tx
                0x08004470       0x76 ..\obj\usb_dcd.o
                0x08004470                DCD_EP_Tx
 .text.DCD_EP_Stall
                0x080044e6       0x76 ..\obj\usb_dcd.o
                0x080044e6                DCD_EP_Stall
 .text.DCD_EP_ClrStall
                0x0800455c       0x76 ..\obj\usb_dcd.o
                0x0800455c                DCD_EP_ClrStall
 .text.DCD_EP_SetAddress
                0x080045d2       0x3c ..\obj\usb_dcd.o
                0x080045d2                DCD_EP_SetAddress
 .text.USBD_CtlSendData
                0x0800460e       0x40 ..\obj\usbd_ioreq.o
                0x0800460e                USBD_CtlSendData
 .text.USBD_CtlContinueSendData
                0x0800464e       0x28 ..\obj\usbd_ioreq.o
                0x0800464e                USBD_CtlContinueSendData
 .text.USBD_CtlPrepareRx
                0x08004676       0x40 ..\obj\usbd_ioreq.o
                0x08004676                USBD_CtlPrepareRx
 .text.USBD_CtlContinueRx
                0x080046b6       0x28 ..\obj\usbd_ioreq.o
                0x080046b6                USBD_CtlContinueRx
 .text.USBD_CtlSendStatus
                0x080046de       0x30 ..\obj\usbd_ioreq.o
                0x080046de                USBD_CtlSendStatus
 .text.USBD_CtlReceiveStatus
                0x0800470e       0x30 ..\obj\usbd_ioreq.o
                0x0800470e                USBD_CtlReceiveStatus
 *(.glue_7t)
 .glue_7t       0x0800473e        0x0 linker stubs
 *(.glue_7)
 .glue_7        0x0800473e        0x0 linker stubs
 *(.rodata .rodata* .gnu.linkonce.r.*)
 *fill*         0x0800473e        0x2 
 .rodata        0x08004740       0x96 ..\obj\usbd_desc.o

.vfp11_veneer   0x080047d8        0x0
 .vfp11_veneer  0x080047d8        0x0 linker stubs

.v4_bx          0x080047d8        0x0
 .v4_bx         0x080047d8        0x0 linker stubs

.iplt           0x080047d8        0x0
 .iplt          0x080047d8        0x0 ..\obj\usb_core.o

.rel.dyn        0x080047d8        0x0
 .rel.iplt      0x080047d8        0x0 ..\obj\usb_core.o

.ARM.extab
 *(.ARM.extab* .gnu.linkonce.armextab.*)

.ARM.exidx
 *(.ARM.exidx* .gnu.linkonce.armexidx.*)
                0x080047d8                . = ALIGN (0x4)
                0x080047d8                _etext = .
                0x080047d8                _sidata = .

.data           0x20000000      0x130 load address 0x080047d8
                0x20000000                _sdata = .
 *(.data .data.*)
 .data          0x20000000       0x1c ..\obj\usbd_usr.o
                0x20000000                USR_cb
 .data          0x2000001c       0x30 ..\obj\usbd_core.o
                0x2000001c                USBD_DCD_INT_cb
                0x20000048                USBD_DCD_INT_fops
 .data          0x2000004c       0x40 ..\obj\usbd_desc.o
                0x2000004c                USR_desc
                0x20000068                USBD_DeviceDesc
                0x2000007c                USBD_DeviceQualifierDesc
                0x20000088                USBD_LangIDDesc
 .data          0x2000008c       0x1c ..\obj\usbd_cdc_vcp.o
                0x2000008c                linecoding
                0x20000094                VCP_fops
 .data          0x200000a8       0x14 ..\obj\system_stm32f4xx.o
                0x200000a8                SystemCoreClock
                0x200000ac                AHBPrescTable
 .data          0x200000bc       0x74 ..\obj\usbd_cdc_core.o
                0x200000bc                usbd_cdc_CfgDesc
                0x20000104                USBD_CDC_cb
                0x20000130                . = ALIGN (0x4)
                0x20000130                _edata = .

.igot.plt       0x20000130        0x0 load address 0x08004908
 .igot.plt      0x20000130        0x0 ..\obj\usb_core.o

.bss            0x20000130     0x47bc load address 0x08004908
                0x20000130                _sbss = .
 *(.bss .bss.*)
 .bss           0x20000130        0xd ..\obj\usbd_req.o
                0x20000130                USBD_ep_status
                0x20000134                USBD_default_cfg
                0x20000138                USBD_cfg_status
 *fill*         0x2000013d        0x3 
 .bss           0x20000140       0x1c ..\obj\usbd_cdc_core.o
                0x20000144                APP_Rx_ptr_in
                0x20000148                APP_Rx_ptr_out
                0x2000014c                APP_Rx_length
                0x20000150                USB_Tx_State
 *(COMMON)
 COMMON         0x2000015c     0x3840 ..\obj\ws2812b.o
                0x2000015c                LED_OutputBuffer
 COMMON         0x2000399c      0x5f8 ..\obj\main.o
                0x2000399c                ticker
                0x200039a0                downTicker
                0x200039a4                USB_OTG_dev
 COMMON         0x20003f94       0x98 ..\obj\usbd_cdc_vcp.o
                0x20003f94                APP_Tx_Buffer
                0x20004014                APP_tx_ptr_tail
                0x20004018                USART_InitStructure
                0x20004028                APP_tx_ptr_head
 COMMON         0x2000402c       0x32 ..\obj\usbd_req.o
                0x2000402c                USBD_StrDesc
 *fill*         0x2000405e        0x2 
 COMMON         0x20004060      0x88c ..\obj\usbd_cdc_core.o
                0x20004060                usbd_cdc_OtherCfgDesc
                0x200040a4                USB_Rx_Buffer
                0x200040e4                CmdBuff
                0x200040ec                APP_Rx_Buffer
                0x200048ec                . = ALIGN (0x4)
                0x200048ec                _ebss = .

.co_stack       0x200048ec      0x804 load address 0x080090c4
                0x200048f0                . = ALIGN (0x8)
 *fill*         0x200048ec        0x4 
 *(.co_stack .co_stack.*)
 .co_stack      0x200048f0      0x800 ..\obj\startup_stm32f4xx.o
                0x200048f0                pulStack
                0x200050f0                . = ALIGN (0x4)
                0x200050f0                _end = .
LOAD ..\obj\stm32f4xx_syscfg.o
LOAD ..\obj\usb_core.o
LOAD ..\obj\usbd_usr.o
LOAD ..\obj\stm32f4xx_usart.o
LOAD ..\obj\startup_stm32f4xx.o
LOAD ..\obj\ws2812b.o
LOAD ..\obj\usbd_core.o
LOAD ..\obj\main.o
LOAD ..\obj\stm32f4xx_rcc.o
LOAD ..\obj\usbd_desc.o
LOAD ..\obj\stm32f4xx_gpio.o
LOAD ..\obj\usbd_cdc_vcp.o
LOAD ..\obj\system_stm32f4xx.o
LOAD ..\obj\stm32f4xx_dma.o
LOAD ..\obj\usb_bsp.o
LOAD ..\obj\usbd_req.o
LOAD ..\obj\usb_dcd_int.o
LOAD ..\obj\usbd_cdc_core.o
LOAD ..\obj\stm32f4xx_exti.o
LOAD ..\obj\misc.o
LOAD ..\obj\usb_dcd.o
LOAD ..\obj\usbd_ioreq.o
LOAD ..\obj\USART.o
LOAD ..\obj\stm32f4xx_tim.o
START GROUP
LOAD c:/program files (x86)/gnu tools arm embedded/7 2017-q4-major/bin/../lib/gcc/arm-none-eabi/7.2.1/thumb/v7e-m\libgcc.a
LOAD c:/program files (x86)/gnu tools arm embedded/7 2017-q4-major/bin/../lib/gcc/arm-none-eabi/7.2.1/../../../../arm-none-eabi/lib/thumb/v7e-m\libg.a
LOAD c:/program files (x86)/gnu tools arm embedded/7 2017-q4-major/bin/../lib/gcc/arm-none-eabi/7.2.1/../../../../arm-none-eabi/lib/thumb/v7e-m\libc.a
END GROUP
OUTPUT(Ambi v2.elf elf32-littlearm)

.debug_info     0x00000000     0xec9c
 .debug_info    0x00000000     0x253e ..\obj\usb_core.o
 .debug_info    0x0000253e      0x206 ..\obj\usbd_usr.o
 .debug_info    0x00002744      0x113 ..\obj\startup_stm32f4xx.o
 .debug_info    0x00002857      0xa7a ..\obj\ws2812b.o
 .debug_info    0x000032d1      0xeba ..\obj\usbd_core.o
 .debug_info    0x0000418b     0x158e ..\obj\main.o
 .debug_info    0x00005719      0xc6e ..\obj\stm32f4xx_rcc.o
 .debug_info    0x00006387      0x3b4 ..\obj\usbd_desc.o
 .debug_info    0x0000673b      0x624 ..\obj\stm32f4xx_gpio.o
 .debug_info    0x00006d5f      0x627 ..\obj\usbd_cdc_vcp.o
 .debug_info    0x00007386      0x5ca ..\obj\system_stm32f4xx.o
 .debug_info    0x00007950     0x1034 ..\obj\usb_bsp.o
 .debug_info    0x00008984     0x1032 ..\obj\usbd_req.o
 .debug_info    0x000099b6     0x1dab ..\obj\usb_dcd_int.o
 .debug_info    0x0000b761      0xf89 ..\obj\usbd_cdc_core.o
 .debug_info    0x0000c6ea      0x363 ..\obj\stm32f4xx_exti.o
 .debug_info    0x0000ca4d      0x547 ..\obj\misc.o
 .debug_info    0x0000cf94     0x1038 ..\obj\usb_dcd.o
 .debug_info    0x0000dfcc      0xcd0 ..\obj\usbd_ioreq.o

.debug_abbrev   0x00000000     0x24cb
 .debug_abbrev  0x00000000      0x300 ..\obj\usb_core.o
 .debug_abbrev  0x00000300       0xec ..\obj\usbd_usr.o
 .debug_abbrev  0x000003ec       0xc1 ..\obj\startup_stm32f4xx.o
 .debug_abbrev  0x000004ad      0x1de ..\obj\ws2812b.o
 .debug_abbrev  0x0000068b      0x23f ..\obj\usbd_core.o
 .debug_abbrev  0x000008ca      0x2ab ..\obj\main.o
 .debug_abbrev  0x00000b75      0x1fa ..\obj\stm32f4xx_rcc.o
 .debug_abbrev  0x00000d6f      0x144 ..\obj\usbd_desc.o
 .debug_abbrev  0x00000eb3      0x1bc ..\obj\stm32f4xx_gpio.o
 .debug_abbrev  0x0000106f      0x1a5 ..\obj\usbd_cdc_vcp.o
 .debug_abbrev  0x00001214      0x15a ..\obj\system_stm32f4xx.o
 .debug_abbrev  0x0000136e      0x26b ..\obj\usb_bsp.o
 .debug_abbrev  0x000015d9      0x2d1 ..\obj\usbd_req.o
 .debug_abbrev  0x000018aa      0x25f ..\obj\usb_dcd_int.o
 .debug_abbrev  0x00001b09      0x240 ..\obj\usbd_cdc_core.o
 .debug_abbrev  0x00001d49      0x1c0 ..\obj\stm32f4xx_exti.o
 .debug_abbrev  0x00001f09      0x174 ..\obj\misc.o
 .debug_abbrev  0x0000207d      0x26e ..\obj\usb_dcd.o
 .debug_abbrev  0x000022eb      0x1e0 ..\obj\usbd_ioreq.o

.debug_aranges  0x00000000      0x928
 .debug_aranges
                0x00000000      0x138 ..\obj\usb_core.o
 .debug_aranges
                0x00000138       0x50 ..\obj\usbd_usr.o
 .debug_aranges
                0x00000188       0x28 ..\obj\startup_stm32f4xx.o
 .debug_aranges
                0x000001b0       0x58 ..\obj\ws2812b.o
 .debug_aranges
                0x00000208       0x80 ..\obj\usbd_core.o
 .debug_aranges
                0x00000288       0x98 ..\obj\main.o
 .debug_aranges
                0x00000320      0x178 ..\obj\stm32f4xx_rcc.o
 .debug_aranges
                0x00000498       0x50 ..\obj\usbd_desc.o
 .debug_aranges
                0x000004e8       0x88 ..\obj\stm32f4xx_gpio.o
 .debug_aranges
                0x00000570       0x70 ..\obj\usbd_cdc_vcp.o
 .debug_aranges
                0x000005e0       0x30 ..\obj\system_stm32f4xx.o
 .debug_aranges
                0x00000610       0x48 ..\obj\usb_bsp.o
 .debug_aranges
                0x00000658       0x88 ..\obj\usbd_req.o
 .debug_aranges
                0x000006e0       0x80 ..\obj\usb_dcd_int.o
 .debug_aranges
                0x00000760       0x60 ..\obj\usbd_cdc_core.o
 .debug_aranges
                0x000007c0       0x58 ..\obj\stm32f4xx_exti.o
 .debug_aranges
                0x00000818       0x40 ..\obj\misc.o
 .debug_aranges
                0x00000858       0x80 ..\obj\usb_dcd.o
 .debug_aranges
                0x000008d8       0x50 ..\obj\usbd_ioreq.o

.debug_ranges   0x00000000      0x7f8
 .debug_ranges  0x00000000      0x128 ..\obj\usb_core.o
 .debug_ranges  0x00000128       0x40 ..\obj\usbd_usr.o
 .debug_ranges  0x00000168       0x18 ..\obj\startup_stm32f4xx.o
 .debug_ranges  0x00000180       0x48 ..\obj\ws2812b.o
 .debug_ranges  0x000001c8       0x70 ..\obj\usbd_core.o
 .debug_ranges  0x00000238       0x88 ..\obj\main.o
 .debug_ranges  0x000002c0      0x168 ..\obj\stm32f4xx_rcc.o
 .debug_ranges  0x00000428       0x40 ..\obj\usbd_desc.o
 .debug_ranges  0x00000468       0x78 ..\obj\stm32f4xx_gpio.o
 .debug_ranges  0x000004e0       0x60 ..\obj\usbd_cdc_vcp.o
 .debug_ranges  0x00000540       0x20 ..\obj\system_stm32f4xx.o
 .debug_ranges  0x00000560       0x38 ..\obj\usb_bsp.o
 .debug_ranges  0x00000598       0x78 ..\obj\usbd_req.o
 .debug_ranges  0x00000610       0x70 ..\obj\usb_dcd_int.o
 .debug_ranges  0x00000680       0x50 ..\obj\usbd_cdc_core.o
 .debug_ranges  0x000006d0       0x48 ..\obj\stm32f4xx_exti.o
 .debug_ranges  0x00000718       0x30 ..\obj\misc.o
 .debug_ranges  0x00000748       0x70 ..\obj\usb_dcd.o
 .debug_ranges  0x000007b8       0x40 ..\obj\usbd_ioreq.o

.debug_line     0x00000000     0x41ca
 .debug_line    0x00000000      0x734 ..\obj\usb_core.o
 .debug_line    0x00000734      0x296 ..\obj\usbd_usr.o
 .debug_line    0x000009ca       0x9b ..\obj\startup_stm32f4xx.o
 .debug_line    0x00000a65      0x383 ..\obj\ws2812b.o
 .debug_line    0x00000de8      0x383 ..\obj\usbd_core.o
 .debug_line    0x0000116b      0x4a3 ..\obj\main.o
 .debug_line    0x0000160e      0x5cd ..\obj\stm32f4xx_rcc.o
 .debug_line    0x00001bdb      0x27d ..\obj\usbd_desc.o
 .debug_line    0x00001e58      0x388 ..\obj\stm32f4xx_gpio.o
 .debug_line    0x000021e0      0x3b0 ..\obj\usbd_cdc_vcp.o
 .debug_line    0x00002590      0x216 ..\obj\system_stm32f4xx.o
 .debug_line    0x000027a6      0x2da ..\obj\usb_bsp.o
 .debug_line    0x00002a80      0x499 ..\obj\usbd_req.o
 .debug_line    0x00002f19      0x3f3 ..\obj\usb_dcd_int.o
 .debug_line    0x0000330c      0x378 ..\obj\usbd_cdc_core.o
 .debug_line    0x00003684      0x2c9 ..\obj\stm32f4xx_exti.o
 .debug_line    0x0000394d      0x268 ..\obj\misc.o
 .debug_line    0x00003bb5      0x37e ..\obj\usb_dcd.o
 .debug_line    0x00003f33      0x297 ..\obj\usbd_ioreq.o

.debug_str      0x00000000     0x3ae4
 .debug_str     0x00000000     0x1377 ..\obj\usb_core.o
                               0x16dd (size before relaxing)
 .debug_str     0x00001377       0xf3 ..\obj\usbd_usr.o
                                0x325 (size before relaxing)
 .debug_str     0x0000146a       0xbc ..\obj\startup_stm32f4xx.o
                                0x1a8 (size before relaxing)
 .debug_str     0x00001526      0xb03 ..\obj\ws2812b.o
                                0xcc8 (size before relaxing)
 .debug_str     0x00002029      0x188 ..\obj\usbd_core.o
                                0xb23 (size before relaxing)
 .debug_str     0x000021b1      0x275 ..\obj\main.o
                               0x1342 (size before relaxing)
 .debug_str     0x00002426      0x649 ..\obj\stm32f4xx_rcc.o
                                0x8a2 (size before relaxing)
 .debug_str     0x00002a6f      0x109 ..\obj\usbd_desc.o
                                0x401 (size before relaxing)
 .debug_str     0x00002b78      0x19d ..\obj\stm32f4xx_gpio.o
                                0x4f5 (size before relaxing)
 .debug_str     0x00002d15      0x232 ..\obj\usbd_cdc_vcp.o
                                0x4e7 (size before relaxing)
 .debug_str     0x00002f47       0xae ..\obj\system_stm32f4xx.o
                                0x3ec (size before relaxing)
 .debug_str     0x00002ff5       0xc5 ..\obj\usb_bsp.o
                               0x1124 (size before relaxing)
 .debug_str     0x000030ba      0x16e ..\obj\usbd_req.o
                                0xba7 (size before relaxing)
 .debug_str     0x00003228      0x283 ..\obj\usb_dcd_int.o
                               0x12db (size before relaxing)
 .debug_str     0x000034ab      0x18b ..\obj\usbd_cdc_core.o
                                0xbc1 (size before relaxing)
 .debug_str     0x00003636      0x1d4 ..\obj\stm32f4xx_exti.o
                                0x3ab (size before relaxing)
 .debug_str     0x0000380a      0x10d ..\obj\misc.o
                                0x420 (size before relaxing)
 .debug_str     0x00003917      0x109 ..\obj\usb_dcd.o
                                0xb7d (size before relaxing)
 .debug_str     0x00003a20       0xc4 ..\obj\usbd_ioreq.o
                                0xa0d (size before relaxing)

.comment        0x00000000       0x7e
 .comment       0x00000000       0x7e ..\obj\usb_core.o
                                 0x7f (size before relaxing)
 .comment       0x0000007e       0x7f ..\obj\usbd_usr.o
 .comment       0x0000007e       0x7f ..\obj\startup_stm32f4xx.o
 .comment       0x0000007e       0x7f ..\obj\ws2812b.o
 .comment       0x0000007e       0x7f ..\obj\usbd_core.o
 .comment       0x0000007e       0x7f ..\obj\main.o
 .comment       0x0000007e       0x7f ..\obj\stm32f4xx_rcc.o
 .comment       0x0000007e       0x7f ..\obj\usbd_desc.o
 .comment       0x0000007e       0x7f ..\obj\stm32f4xx_gpio.o
 .comment       0x0000007e       0x7f ..\obj\usbd_cdc_vcp.o
 .comment       0x0000007e       0x7f ..\obj\system_stm32f4xx.o
 .comment       0x0000007e       0x7f ..\obj\usb_bsp.o
 .comment       0x0000007e       0x7f ..\obj\usbd_req.o
 .comment       0x0000007e       0x7f ..\obj\usb_dcd_int.o
 .comment       0x0000007e       0x7f ..\obj\usbd_cdc_core.o
 .comment       0x0000007e       0x7f ..\obj\stm32f4xx_exti.o
 .comment       0x0000007e       0x7f ..\obj\misc.o
 .comment       0x0000007e       0x7f ..\obj\usb_dcd.o
 .comment       0x0000007e       0x7f ..\obj\usbd_ioreq.o

.ARM.attributes
                0x00000000       0x37
 .ARM.attributes
                0x00000000       0x37 ..\obj\usb_core.o
 .ARM.attributes
                0x00000037       0x37 ..\obj\usbd_usr.o
 .ARM.attributes
                0x0000006e       0x37 ..\obj\startup_stm32f4xx.o
 .ARM.attributes
                0x000000a5       0x37 ..\obj\ws2812b.o
 .ARM.attributes
                0x000000dc       0x37 ..\obj\usbd_core.o
 .ARM.attributes
                0x00000113       0x37 ..\obj\main.o
 .ARM.attributes
                0x0000014a       0x37 ..\obj\stm32f4xx_rcc.o
 .ARM.attributes
                0x00000181       0x37 ..\obj\usbd_desc.o
 .ARM.attributes
                0x000001b8       0x37 ..\obj\stm32f4xx_gpio.o
 .ARM.attributes
                0x000001ef       0x37 ..\obj\usbd_cdc_vcp.o
 .ARM.attributes
                0x00000226       0x37 ..\obj\system_stm32f4xx.o
 .ARM.attributes
                0x0000025d       0x37 ..\obj\usb_bsp.o
 .ARM.attributes
                0x00000294       0x37 ..\obj\usbd_req.o
 .ARM.attributes
                0x000002cb       0x37 ..\obj\usb_dcd_int.o
 .ARM.attributes
                0x00000302       0x37 ..\obj\usbd_cdc_core.o
 .ARM.attributes
                0x00000339       0x37 ..\obj\stm32f4xx_exti.o
 .ARM.attributes
                0x00000370       0x37 ..\obj\misc.o
 .ARM.attributes
                0x000003a7       0x37 ..\obj\usb_dcd.o
 .ARM.attributes
                0x000003de       0x37 ..\obj\usbd_ioreq.o

.debug_frame    0x00000000     0x2364
 .debug_frame   0x00000000      0x584 ..\obj\usb_core.o
 .debug_frame   0x00000584       0xf8 ..\obj\usbd_usr.o
 .debug_frame   0x0000067c       0x4c ..\obj\startup_stm32f4xx.o
 .debug_frame   0x000006c8      0x110 ..\obj\ws2812b.o
 .debug_frame   0x000007d8      0x1e8 ..\obj\usbd_core.o
 .debug_frame   0x000009c0      0x204 ..\obj\main.o
 .debug_frame   0x00000bc4      0x6d4 ..\obj\stm32f4xx_rcc.o
 .debug_frame   0x00001298      0x114 ..\obj\usbd_desc.o
 .debug_frame   0x000013ac      0x23c ..\obj\stm32f4xx_gpio.o
 .debug_frame   0x000015e8      0x1a4 ..\obj\usbd_cdc_vcp.o
 .debug_frame   0x0000178c       0x7c ..\obj\system_stm32f4xx.o
 .debug_frame   0x00001808       0xf4 ..\obj\usb_bsp.o
 .debug_frame   0x000018fc      0x210 ..\obj\usbd_req.o
 .debug_frame   0x00001b0c      0x1e8 ..\obj\usb_dcd_int.o
 .debug_frame   0x00001cf4      0x158 ..\obj\usbd_cdc_core.o
 .debug_frame   0x00001e4c      0x148 ..\obj\stm32f4xx_exti.o
 .debug_frame   0x00001f94       0xd8 ..\obj\misc.o
 .debug_frame   0x0000206c      0x1e8 ..\obj\usb_dcd.o
 .debug_frame   0x00002254      0x110 ..\obj\usbd_ioreq.o
