Archive member included to satisfy reference by file (symbol)

c:/ac6/systemworkbench/plugins/fr.ac6.mcu.externaltools.arm-none.win32_1.13.2.201705091103/tools/compiler/bin/../lib/gcc/arm-none-eabi/5.4.1/../../../../arm-none-eabi/lib/armv7e-m/fpu\libc.a(lib_a-errno.o)
                              src/syscalls.o (__errno)
c:/ac6/systemworkbench/plugins/fr.ac6.mcu.externaltools.arm-none.win32_1.13.2.201705091103/tools/compiler/bin/../lib/gcc/arm-none-eabi/5.4.1/../../../../arm-none-eabi/lib/armv7e-m/fpu\libc.a(lib_a-exit.o)
                              c:/ac6/systemworkbench/plugins/fr.ac6.mcu.externaltools.arm-none.win32_1.13.2.201705091103/tools/compiler/bin/../lib/gcc/arm-none-eabi/5.4.1/../../../../arm-none-eabi/lib/armv7e-m/fpu/crt0.o (exit)
c:/ac6/systemworkbench/plugins/fr.ac6.mcu.externaltools.arm-none.win32_1.13.2.201705091103/tools/compiler/bin/../lib/gcc/arm-none-eabi/5.4.1/../../../../arm-none-eabi/lib/armv7e-m/fpu\libc.a(lib_a-impure.o)
                              c:/ac6/systemworkbench/plugins/fr.ac6.mcu.externaltools.arm-none.win32_1.13.2.201705091103/tools/compiler/bin/../lib/gcc/arm-none-eabi/5.4.1/../../../../arm-none-eabi/lib/armv7e-m/fpu\libc.a(lib_a-exit.o) (_global_impure_ptr)
c:/ac6/systemworkbench/plugins/fr.ac6.mcu.externaltools.arm-none.win32_1.13.2.201705091103/tools/compiler/bin/../lib/gcc/arm-none-eabi/5.4.1/../../../../arm-none-eabi/lib/armv7e-m/fpu\libc.a(lib_a-init.o)
                              c:/ac6/systemworkbench/plugins/fr.ac6.mcu.externaltools.arm-none.win32_1.13.2.201705091103/tools/compiler/bin/../lib/gcc/arm-none-eabi/5.4.1/../../../../arm-none-eabi/lib/armv7e-m/fpu/crt0.o (__libc_init_array)
c:/ac6/systemworkbench/plugins/fr.ac6.mcu.externaltools.arm-none.win32_1.13.2.201705091103/tools/compiler/bin/../lib/gcc/arm-none-eabi/5.4.1/../../../../arm-none-eabi/lib/armv7e-m/fpu\libc.a(lib_a-memset.o)
                              c:/ac6/systemworkbench/plugins/fr.ac6.mcu.externaltools.arm-none.win32_1.13.2.201705091103/tools/compiler/bin/../lib/gcc/arm-none-eabi/5.4.1/../../../../arm-none-eabi/lib/armv7e-m/fpu/crt0.o (memset)
c:/ac6/systemworkbench/plugins/fr.ac6.mcu.externaltools.arm-none.win32_1.13.2.201705091103/tools/compiler/bin/../lib/gcc/arm-none-eabi/5.4.1/../../../../arm-none-eabi/lib/armv7e-m/fpu\libc.a(lib_a-__call_atexit.o)
                              c:/ac6/systemworkbench/plugins/fr.ac6.mcu.externaltools.arm-none.win32_1.13.2.201705091103/tools/compiler/bin/../lib/gcc/arm-none-eabi/5.4.1/../../../../arm-none-eabi/lib/armv7e-m/fpu\libc.a(lib_a-exit.o) (__call_exitprocs)
c:/ac6/systemworkbench/plugins/fr.ac6.mcu.externaltools.arm-none.win32_1.13.2.201705091103/tools/compiler/bin/../lib/gcc/arm-none-eabi/5.4.1/../../../../arm-none-eabi/lib/armv7e-m/fpu\libc.a(lib_a-atexit.o)
                              c:/ac6/systemworkbench/plugins/fr.ac6.mcu.externaltools.arm-none.win32_1.13.2.201705091103/tools/compiler/bin/../lib/gcc/arm-none-eabi/5.4.1/../../../../arm-none-eabi/lib/armv7e-m/fpu\libc.a(lib_a-__call_atexit.o) (atexit)
c:/ac6/systemworkbench/plugins/fr.ac6.mcu.externaltools.arm-none.win32_1.13.2.201705091103/tools/compiler/bin/../lib/gcc/arm-none-eabi/5.4.1/../../../../arm-none-eabi/lib/armv7e-m/fpu\libc.a(lib_a-fini.o)
                              c:/ac6/systemworkbench/plugins/fr.ac6.mcu.externaltools.arm-none.win32_1.13.2.201705091103/tools/compiler/bin/../lib/gcc/arm-none-eabi/5.4.1/../../../../arm-none-eabi/lib/armv7e-m/fpu\libc.a(lib_a-__call_atexit.o) (__libc_fini_array)
c:/ac6/systemworkbench/plugins/fr.ac6.mcu.externaltools.arm-none.win32_1.13.2.201705091103/tools/compiler/bin/../lib/gcc/arm-none-eabi/5.4.1/../../../../arm-none-eabi/lib/armv7e-m/fpu\libc.a(lib_a-__atexit.o)
                              c:/ac6/systemworkbench/plugins/fr.ac6.mcu.externaltools.arm-none.win32_1.13.2.201705091103/tools/compiler/bin/../lib/gcc/arm-none-eabi/5.4.1/../../../../arm-none-eabi/lib/armv7e-m/fpu\libc.a(lib_a-atexit.o) (__register_exitproc)

Allocating common symbols
Common symbol       size              file

tm_int_usb_vcp_buf_in
                    0x4               src/tm_stm32f4_usb_vcp.o
tm_int_usb_vcp_buf_num
                    0x4               src/tm_stm32f4_usb_vcp.o
tm_int_usb_vcp_buf_out
                    0x4               src/tm_stm32f4_usb_vcp.o
LED_OutputBuffer    0x3840            src/main.o
SET_TEST_MODE       0x4               src/usbd_core.o
RGB_array           0x24              src/main.o
TM_INT_USB_VCP_ReceiveBuffer
                    0x80              src/tm_stm32f4_usb_vcp.o
usbd_cdc_OtherCfgDesc
                    0x43              src/usbd_cdc_core.o
USB_Rx_Buffer       0x40              src/usbd_cdc_core.o
CmdBuff             0x8               src/usbd_cdc_core.o
USB_OTG_dev         0x5f4             src/tm_stm32f4_usb_vcp.o
APP_Rx_Buffer       0x800             src/usbd_cdc_core.o
NVIC_InitStructure  0x4               Utilities/stm32f4_discovery.o
USBD_StrDesc        0xff              src/usbd_req.o

[...]
Memory Configuration

Name             Origin             Length             Attributes
FLASH            0x08000000         0x00100000         xr
RAM              0x20000000         0x00030000         xrw
MEMORY_B1        0x60000000         0x00000000         xr
*default*        0x00000000         0xffffffff

Linker script and memory map

LOAD c:/ac6/systemworkbench/plugins/fr.ac6.mcu.externaltools.arm-none.win32_1.13.2.201705091103/tools/compiler/bin/../lib/gcc/arm-none-eabi/5.4.1/armv7e-m/fpu/crti.o
LOAD c:/ac6/systemworkbench/plugins/fr.ac6.mcu.externaltools.arm-none.win32_1.13.2.201705091103/tools/compiler/bin/../lib/gcc/arm-none-eabi/5.4.1/armv7e-m/fpu/crtbegin.o
LOAD c:/ac6/systemworkbench/plugins/fr.ac6.mcu.externaltools.arm-none.win32_1.13.2.201705091103/tools/compiler/bin/../lib/gcc/arm-none-eabi/5.4.1/../../../../arm-none-eabi/lib/armv7e-m/fpu/crt0.o
LOAD StdPeriph_Driver/src/misc.o
LOAD StdPeriph_Driver/src/stm32f4xx_adc.o
LOAD StdPeriph_Driver/src/stm32f4xx_can.o
LOAD StdPeriph_Driver/src/stm32f4xx_crc.o
LOAD StdPeriph_Driver/src/stm32f4xx_cryp.o
LOAD StdPeriph_Driver/src/stm32f4xx_cryp_aes.o
LOAD StdPeriph_Driver/src/stm32f4xx_cryp_des.o
LOAD StdPeriph_Driver/src/stm32f4xx_cryp_tdes.o
LOAD StdPeriph_Driver/src/stm32f4xx_dac.o
LOAD StdPeriph_Driver/src/stm32f4xx_dbgmcu.o
LOAD StdPeriph_Driver/src/stm32f4xx_dcmi.o
LOAD StdPeriph_Driver/src/stm32f4xx_dma.o
LOAD StdPeriph_Driver/src/stm32f4xx_exti.o
LOAD StdPeriph_Driver/src/stm32f4xx_flash.o
LOAD StdPeriph_Driver/src/stm32f4xx_fsmc.o
LOAD StdPeriph_Driver/src/stm32f4xx_gpio.o
LOAD StdPeriph_Driver/src/stm32f4xx_hash.o
LOAD StdPeriph_Driver/src/stm32f4xx_hash_md5.o
LOAD StdPeriph_Driver/src/stm32f4xx_hash_sha1.o
LOAD StdPeriph_Driver/src/stm32f4xx_i2c.o
LOAD StdPeriph_Driver/src/stm32f4xx_iwdg.o
LOAD StdPeriph_Driver/src/stm32f4xx_pwr.o
LOAD StdPeriph_Driver/src/stm32f4xx_rcc.o
LOAD StdPeriph_Driver/src/stm32f4xx_rng.o
LOAD StdPeriph_Driver/src/stm32f4xx_rtc.o
LOAD StdPeriph_Driver/src/stm32f4xx_sdio.o
LOAD StdPeriph_Driver/src/stm32f4xx_spi.o
LOAD StdPeriph_Driver/src/stm32f4xx_syscfg.o
LOAD StdPeriph_Driver/src/stm32f4xx_tim.o
LOAD StdPeriph_Driver/src/stm32f4xx_usart.o
LOAD StdPeriph_Driver/src/stm32f4xx_wwdg.o
LOAD Utilities/stm32f4_discovery.o
LOAD Utilities/stm32f4_discovery_lis302dl.o
LOAD src/main.o
LOAD src/syscalls.o
LOAD src/system_stm32f4xx.o
LOAD src/tm_stm32f4_disco.o
LOAD src/tm_stm32f4_gpio.o
LOAD src/tm_stm32f4_usb_vcp.o
LOAD src/usb_bsp.o
LOAD src/usb_core.o
LOAD src/usb_dcd.o
LOAD src/usb_dcd_int.o
LOAD src/usbd_cdc_core.o
LOAD src/usbd_cdc_vcp.o
LOAD src/usbd_core.o
LOAD src/usbd_desc.o
LOAD src/usbd_ioreq.o
LOAD src/usbd_req.o
LOAD src/usbd_usr.o
LOAD src/ws2812b.o
LOAD startup/startup_stm32f4xx.o
LOAD c:/ac6/systemworkbench/plugins/fr.ac6.mcu.externaltools.arm-none.win32_1.13.2.201705091103/tools/compiler/bin/../lib/gcc/arm-none-eabi/5.4.1/../../../../arm-none-eabi/lib/armv7e-m/fpu\libm.a
START GROUP
LOAD c:/ac6/systemworkbench/plugins/fr.ac6.mcu.externaltools.arm-none.win32_1.13.2.201705091103/tools/compiler/bin/../lib/gcc/arm-none-eabi/5.4.1/armv7e-m/fpu\libgcc.a
LOAD c:/ac6/systemworkbench/plugins/fr.ac6.mcu.externaltools.arm-none.win32_1.13.2.201705091103/tools/compiler/bin/../lib/gcc/arm-none-eabi/5.4.1/../../../../arm-none-eabi/lib/armv7e-m/fpu\libc.a
END GROUP
LOAD c:/ac6/systemworkbench/plugins/fr.ac6.mcu.externaltools.arm-none.win32_1.13.2.201705091103/tools/compiler/bin/../lib/gcc/arm-none-eabi/5.4.1/armv7e-m/fpu/crtend.o
LOAD c:/ac6/systemworkbench/plugins/fr.ac6.mcu.externaltools.arm-none.win32_1.13.2.201705091103/tools/compiler/bin/../lib/gcc/arm-none-eabi/5.4.1/armv7e-m/fpu/crtn.o
                0x20020000                _estack = 0x20020000
                0x00000000                _Min_Heap_Size = 0x0
                0x00000400                _Min_Stack_Size = 0x400

.isr_vector     0x08000000      0x188
                0x08000000                . = ALIGN (0x4)
 *(.isr_vector)
 .isr_vector    0x08000000      0x188 startup/startup_stm32f4xx.o
                0x08000000                g_pfnVectors
                0x08000188                . = ALIGN (0x4)

.text           0x08000188     0x366c
                0x08000188                . = ALIGN (0x4)
 *(.text)
 .text          0x08000188       0x5c c:/ac6/systemworkbench/plugins/fr.ac6.mcu.externaltools.arm-none.win32_1.13.2.201705091103/tools/compiler/bin/../lib/gcc/arm-none-eabi/5.4.1/armv7e-m/fpu/crtbegin.o
 *(.text*)
 .text.NVIC_PriorityGroupConfig
                0x080001e4       0x14 StdPeriph_Driver/src/misc.o
                0x080001e4                NVIC_PriorityGroupConfig
 .text.NVIC_Init
                0x080001f8       0x70 StdPeriph_Driver/src/misc.o
                0x080001f8                NVIC_Init
 .text.DMA_DeInit
                0x08000268      0x130 StdPeriph_Driver/src/stm32f4xx_dma.o
                0x08000268                DMA_DeInit
 .text.DMA_Init
                0x08000398       0x58 StdPeriph_Driver/src/stm32f4xx_dma.o
                0x08000398                DMA_Init
 .text.DMA_Cmd  0x080003f0       0x14 StdPeriph_Driver/src/stm32f4xx_dma.o
                0x080003f0                DMA_Cmd
 .text.DMA_ITConfig
                0x08000404       0x40 StdPeriph_Driver/src/stm32f4xx_dma.o
                0x08000404                DMA_ITConfig
 .text.EXTI_ClearITPendingBit
                0x08000444        0xc StdPeriph_Driver/src/stm32f4xx_exti.o
                0x08000444                EXTI_ClearITPendingBit
 .text.GPIO_Init
                0x08000450       0xa4 StdPeriph_Driver/src/stm32f4xx_gpio.o
                0x08000450                GPIO_Init
 .text.GPIO_PinAFConfig
                0x080004f4       0x2c StdPeriph_Driver/src/stm32f4xx_gpio.o
                0x080004f4                GPIO_PinAFConfig
 .text.RCC_AHB1PeriphClockCmd
                0x08000520       0x1c StdPeriph_Driver/src/stm32f4xx_rcc.o
                0x08000520                RCC_AHB1PeriphClockCmd
 .text.RCC_AHB2PeriphClockCmd
                0x0800053c       0x1c StdPeriph_Driver/src/stm32f4xx_rcc.o
                0x0800053c                RCC_AHB2PeriphClockCmd
 .text.RCC_APB1PeriphClockCmd
                0x08000558       0x1c StdPeriph_Driver/src/stm32f4xx_rcc.o
                0x08000558                RCC_APB1PeriphClockCmd
 .text.RCC_APB2PeriphClockCmd
                0x08000574       0x1c StdPeriph_Driver/src/stm32f4xx_rcc.o
                0x08000574                RCC_APB2PeriphClockCmd
 .text.TIM_TimeBaseInit
                0x08000590       0x98 StdPeriph_Driver/src/stm32f4xx_tim.o
                0x08000590                TIM_TimeBaseInit
 .text.TIM_ARRPreloadConfig
                0x08000628       0x1c StdPeriph_Driver/src/stm32f4xx_tim.o
                0x08000628                TIM_ARRPreloadConfig
 .text.TIM_Cmd  0x08000644       0x1c StdPeriph_Driver/src/stm32f4xx_tim.o
                0x08000644                TIM_Cmd
 .text.TIM_ITConfig
                0x08000660       0x14 StdPeriph_Driver/src/stm32f4xx_tim.o
                0x08000660                TIM_ITConfig
 .text.TIM_DMACmd
                0x08000674       0x14 StdPeriph_Driver/src/stm32f4xx_tim.o
                0x08000674                TIM_DMACmd
 .text.startup.main
                0x08000688      0x1fc src/main.o
                0x08000688                main
 .text.SystemInit
                0x08000884      0x114 src/system_stm32f4xx.o
                0x08000884                SystemInit
 .text.TM_DISCO_LedInit
                0x08000998       0x28 src/tm_stm32f4_disco.o
                0x08000998                TM_DISCO_LedInit
 .text.TM_GPIO_Init
                0x080009c0      0x140 src/tm_stm32f4_gpio.o
                0x080009c0                TM_GPIO_Init
 .text.TM_USB_VCP_Init
                0x08000b00       0x4c src/tm_stm32f4_usb_vcp.o
                0x08000b00                TM_USB_VCP_Init
 .text.TM_USB_VCP_Send
                0x08000b4c        0xc src/tm_stm32f4_usb_vcp.o
                0x08000b4c                TM_USB_VCP_Send
 .text.TM_USB_VCP_Gets
                0x08000b58       0xc4 src/tm_stm32f4_usb_vcp.o
                0x08000b58                TM_USB_VCP_Gets
 .text.TM_INT_USB_VCP_AddReceived
                0x08000c1c       0x38 src/tm_stm32f4_usb_vcp.o
                0x08000c1c                TM_INT_USB_VCP_AddReceived
 .text.TM_USB_VCP_GetStatus
                0x08000c54       0x18 src/tm_stm32f4_usb_vcp.o
                0x08000c54                TM_USB_VCP_GetStatus
 .text.USB_OTG_BSP_Init
                0x08000c6c       0xa4 src/usb_bsp.o
                0x08000c6c                USB_OTG_BSP_Init
 .text.USB_OTG_BSP_EnableInterrupt
                0x08000d10       0x30 src/usb_bsp.o
                0x08000d10                USB_OTG_BSP_EnableInterrupt
 .text.USB_OTG_BSP_uDelay
                0x08000d40       0x24 src/usb_bsp.o
                0x08000d40                USB_OTG_BSP_uDelay
 .text.USB_OTG_BSP_mDelay
                0x08000d64       0x28 src/usb_bsp.o
                0x08000d64                USB_OTG_BSP_mDelay
 .text.OTG_FS_WKUP_IRQHandler
                0x08000d8c        0x8 src/usb_bsp.o
                0x08000d8c                OTG_FS_WKUP_IRQHandler
 .text.OTG_FS_IRQHandler
                0x08000d94        0xc src/usb_bsp.o
                0x08000d94                OTG_FS_IRQHandler
 .text.USB_OTG_WritePacket
                0x08000da0       0x28 src/usb_core.o
                0x08000da0                USB_OTG_WritePacket
 .text.USB_OTG_ReadPacket
                0x08000dc8       0x28 src/usb_core.o
                0x08000dc8                USB_OTG_ReadPacket
 .text.USB_OTG_SelectCore
                0x08000df0      0x344 src/usb_core.o
                0x08000df0                USB_OTG_SelectCore
 .text.USB_OTG_CoreInit
                0x08001134      0x138 src/usb_core.o
                0x08001134                USB_OTG_CoreInit
 .text.USB_OTG_EnableGlobalInt
                0x0800126c       0x10 src/usb_core.o
                0x0800126c                USB_OTG_EnableGlobalInt
 .text.USB_OTG_DisableGlobalInt
                0x0800127c       0x10 src/usb_core.o
                0x0800127c                USB_OTG_DisableGlobalInt
 .text.USB_OTG_FlushTxFifo
                0x0800128c       0x48 src/usb_core.o
                0x0800128c                USB_OTG_FlushTxFifo
 .text.USB_OTG_SetCurrentMode
                0x080012d4       0x2c src/usb_core.o
                0x080012d4                USB_OTG_SetCurrentMode
 .text.USB_OTG_IsDeviceMode
                0x08001300       0x10 src/usb_core.o
                0x08001300                USB_OTG_IsDeviceMode
 .text.USB_OTG_ReadCoreItr
                0x08001310        0xc src/usb_core.o
                0x08001310                USB_OTG_ReadCoreItr
 .text.USB_OTG_CoreInitDev
                0x0800131c      0x47c src/usb_core.o
                0x0800131c                USB_OTG_CoreInitDev
 .text.USB_OTG_GetDeviceSpeed
                0x08001798       0x20 src/usb_core.o
                0x08001798                USB_OTG_GetDeviceSpeed
 .text.USB_OTG_EP0Activate
                0x080017b8       0x28 src/usb_core.o
                0x080017b8                USB_OTG_EP0Activate
 .text.USB_OTG_EPActivate
                0x080017e0       0x5c src/usb_core.o
                0x080017e0                USB_OTG_EPActivate
 .text.USB_OTG_EPDeactivate
                0x0800183c       0x44 src/usb_core.o
                0x0800183c                USB_OTG_EPDeactivate
 .text.USB_OTG_EPStartXfer
                0x08001880      0x13c src/usb_core.o
                0x08001880                USB_OTG_EPStartXfer
 .text.USB_OTG_EP0StartXfer
                0x080019bc      0x104 src/usb_core.o
                0x080019bc                USB_OTG_EP0StartXfer
 .text.USB_OTG_EPSetStall
                0x08001ac0       0x30 src/usb_core.o
                0x08001ac0                USB_OTG_EPSetStall
 .text.USB_OTG_EPClearStall
                0x08001af0       0x2c src/usb_core.o
                0x08001af0                USB_OTG_EPClearStall
 .text.USB_OTG_ReadDevAllOutEp_itr
                0x08001b1c        0xc src/usb_core.o
                0x08001b1c                USB_OTG_ReadDevAllOutEp_itr
 .text.USB_OTG_ReadDevOutEP_itr
                0x08001b28       0x10 src/usb_core.o
                0x08001b28                USB_OTG_ReadDevOutEP_itr
 .text.USB_OTG_ReadDevAllInEPItr
                0x08001b38        0xc src/usb_core.o
                0x08001b38                USB_OTG_ReadDevAllInEPItr
 .text.USB_OTG_EP0_OutStart
                0x08001b44       0x44 src/usb_core.o
                0x08001b44                USB_OTG_EP0_OutStart
 .text.DCD_Init
                0x08001b88      0x474 src/usb_dcd.o
                0x08001b88                DCD_Init
 .text.DCD_EP_Open
                0x08001ffc       0x5c src/usb_dcd.o
                0x08001ffc                DCD_EP_Open
 .text.DCD_EP_Close
                0x08002058       0x38 src/usb_dcd.o
                0x08002058                DCD_EP_Close
 .text.DCD_EP_PrepareRx
                0x08002090       0x48 src/usb_dcd.o
                0x08002090                DCD_EP_PrepareRx
 .text.DCD_EP_Tx
                0x080020d8       0x44 src/usb_dcd.o
                0x080020d8                DCD_EP_Tx
 .text.DCD_EP_Stall
                0x0800211c       0x3c src/usb_dcd.o
                0x0800211c                DCD_EP_Stall
 .text.DCD_EP_ClrStall
                0x08002158       0x3c src/usb_dcd.o
                0x08002158                DCD_EP_ClrStall
 .text.DCD_EP_SetAddress
                0x08002194       0x10 src/usb_dcd.o
                0x08002194                DCD_EP_SetAddress
 .text.USBD_OTG_ISR_Handler
                0x080021a4      0x56c src/usb_dcd_int.o
                0x080021a4                USBD_OTG_ISR_Handler
 .text.usbd_cdc_EP0_RxReady
                0x08002710       0x30 src/usbd_cdc_core.o
 .text.USBD_cdc_GetCfgDesc
                0x08002740        0xc src/usbd_cdc_core.o
 .text.usbd_cdc_SOF
                0x0800274c       0x78 src/usbd_cdc_core.o
 .text.usbd_cdc_DataOut
                0x080027c4       0x34 src/usbd_cdc_core.o
 .text.usbd_cdc_Setup
                0x080027f8       0xcc src/usbd_cdc_core.o
 .text.usbd_cdc_DeInit
                0x080028c4       0x28 src/usbd_cdc_core.o
 .text.usbd_cdc_Init
                0x080028ec       0x54 src/usbd_cdc_core.o
 .text.usbd_cdc_DataIn
                0x08002940       0x4c src/usbd_cdc_core.o
 .text.VCP_DeInit
                0x0800298c        0x4 src/usbd_cdc_vcp.o
 .text.VCP_DataTx
                0x08002990       0x38 src/usbd_cdc_vcp.o
                0x08002990                VCP_DataTx
 .text.VCP_DataRx
                0x080029c8       0x1c src/usbd_cdc_vcp.o
                0x080029c8                VCP_DataRx
 .text.VCP_Ctrl
                0x080029e4       0x50 src/usbd_cdc_vcp.o
 .text.VCP_Init
                0x08002a34        0x4 src/usbd_cdc_vcp.o
 .text.USBD_Resume
                0x08002a38       0x18 src/usbd_core.o
 .text.USBD_Suspend
                0x08002a50       0x1c src/usbd_core.o
 .text.USBD_SOF
                0x08002a6c       0x10 src/usbd_core.o
 .text.USBD_IsoINIncomplete
                0x08002a7c       0x10 src/usbd_core.o
 .text.USBD_IsoOUTIncomplete
                0x08002a8c       0x10 src/usbd_core.o
 .text.USBD_Reset
                0x08002a9c       0x30 src/usbd_core.o
 .text.USBD_SetupStage
                0x08002acc       0x58 src/usbd_core.o
 .text.USBD_DataInStage
                0x08002b24       0xb8 src/usbd_core.o
 .text.USBD_DataOutStage
                0x08002bdc       0x78 src/usbd_core.o
 .text.USBD_Init
                0x08002c54       0x38 src/usbd_core.o
                0x08002c54                USBD_Init
 .text.USBD_SetCfg
                0x08002c8c       0x18 src/usbd_core.o
                0x08002c8c                USBD_SetCfg
 .text.USBD_ClrCfg
                0x08002ca4       0x10 src/usbd_core.o
                0x08002ca4                USBD_ClrCfg
 .text.USBD_USR_DeviceDescriptor
                0x08002cb4        0xc src/usbd_desc.o
                0x08002cb4                USBD_USR_DeviceDescriptor
 .text.USBD_USR_LangIDStrDescriptor
                0x08002cc0        0xc src/usbd_desc.o
                0x08002cc0                USBD_USR_LangIDStrDescriptor
 .text.USBD_USR_ProductStrDescriptor
                0x08002ccc       0x1c src/usbd_desc.o
                0x08002ccc                USBD_USR_ProductStrDescriptor
 .text.USBD_USR_ManufacturerStrDescriptor
                0x08002ce8       0x1c src/usbd_desc.o
                0x08002ce8                USBD_USR_ManufacturerStrDescriptor
 .text.USBD_USR_SerialStrDescriptor
                0x08002d04       0x1c src/usbd_desc.o
                0x08002d04                USBD_USR_SerialStrDescriptor
 .text.USBD_USR_ConfigStrDescriptor
                0x08002d20       0x1c src/usbd_desc.o
                0x08002d20                USBD_USR_ConfigStrDescriptor
 .text.USBD_USR_InterfaceStrDescriptor
                0x08002d3c       0x1c src/usbd_desc.o
                0x08002d3c                USBD_USR_InterfaceStrDescriptor
 .text.USBD_CtlSendData
                0x08002d58       0x20 src/usbd_ioreq.o
                0x08002d58                USBD_CtlSendData
 .text.USBD_CtlContinueSendData
                0x08002d78       0x10 src/usbd_ioreq.o
                0x08002d78                USBD_CtlContinueSendData
 .text.USBD_CtlPrepareRx
                0x08002d88       0x20 src/usbd_ioreq.o
                0x08002d88                USBD_CtlPrepareRx
 .text.USBD_CtlContinueRx
                0x08002da8       0x10 src/usbd_ioreq.o
                0x08002da8                USBD_CtlContinueRx
 .text.USBD_CtlSendStatus
                0x08002db8       0x20 src/usbd_ioreq.o
                0x08002db8                USBD_CtlSendStatus
 .text.USBD_CtlReceiveStatus
                0x08002dd8       0x20 src/usbd_ioreq.o
                0x08002dd8                USBD_CtlReceiveStatus
 .text.USBD_StdDevReq
                0x08002df8      0x2ec src/usbd_req.o
                0x08002df8                USBD_StdDevReq
 .text.USBD_StdItfReq
                0x080030e4       0x44 src/usbd_req.o
                0x080030e4                USBD_StdItfReq
 .text.USBD_StdEPReq
                0x08003128       0xd8 src/usbd_req.o
                0x08003128                USBD_StdEPReq
 .text.USBD_ParseSetupRequest
                0x08003200       0x44 src/usbd_req.o
                0x08003200                USBD_ParseSetupRequest
 .text.USBD_CtlError
                0x08003244       0x1c src/usbd_req.o
                0x08003244                USBD_CtlError
 .text.USBD_GetString
                0x08003260       0x4c src/usbd_req.o
                0x08003260                USBD_GetString
 .text.USBD_USR_DeviceReset
                0x080032ac        0xc src/usbd_usr.o
                0x080032ac                USBD_USR_DeviceReset
 .text.USBD_USR_DeviceConfigured
                0x080032b8        0xc src/usbd_usr.o
                0x080032b8                USBD_USR_DeviceConfigured
 .text.USBD_USR_DeviceDisconnected
                0x080032c4        0xc src/usbd_usr.o
                0x080032c4                USBD_USR_DeviceDisconnected
 .text.USBD_USR_DeviceConnected
                0x080032d0        0xc src/usbd_usr.o
                0x080032d0                USBD_USR_DeviceConnected
 .text.USBD_USR_Init
                0x080032dc        0xc src/usbd_usr.o
                0x080032dc                USBD_USR_Init
 .text.USBD_USR_DeviceSuspended
                0x080032e8        0xc src/usbd_usr.o
                0x080032e8                USBD_USR_DeviceSuspended
 .text.USBD_USR_DeviceResumed
                0x080032f4        0xc src/usbd_usr.o
                0x080032f4                USBD_USR_DeviceResumed
 .text.WS2812B_Init
                0x08003300      0x1a8 src/ws2812b.o
                0x08003300                WS2812B_Init
 .text.WS2812B_SetRGB
                0x080034a8       0xbc src/ws2812b.o
                0x080034a8                WS2812B_SetRGB
 .text.DMA2_Stream5_IRQHandler
                0x08003564       0x4c src/ws2812b.o
                0x08003564                DMA2_Stream5_IRQHandler
 .text.TIM2_IRQHandler
                0x080035b0       0x38 src/ws2812b.o
                0x080035b0                TIM2_IRQHandler
 .text.Reset_Handler
                0x080035e8       0x48 startup/startup_stm32f4xx.o
                0x080035e8                Reset_Handler
 .text.Default_Handler
                0x08003630        0x2 startup/startup_stm32f4xx.o
                0x08003630                RTC_Alarm_IRQHandler
                0x08003630                HASH_RNG_IRQHandler
                0x08003630                EXTI2_IRQHandler
                0x08003630                TIM8_CC_IRQHandler
                0x08003630                DebugMon_Handler
                0x08003630                TIM1_CC_IRQHandler
                0x08003630                HardFault_Handler
                0x08003630                DMA1_Stream5_IRQHandler
                0x08003630                SysTick_Handler
                0x08003630                PVD_IRQHandler
                0x08003630                SDIO_IRQHandler
                0x08003630                TAMP_STAMP_IRQHandler
                0x08003630                PendSV_Handler
                0x08003630                NMI_Handler
                0x08003630                CAN2_RX1_IRQHandler
                0x08003630                EXTI3_IRQHandler
                0x08003630                TIM8_TRG_COM_TIM14_IRQHandler
                0x08003630                TIM1_UP_TIM10_IRQHandler
                0x08003630                TIM8_UP_TIM13_IRQHandler
                0x08003630                I2C3_ER_IRQHandler
                0x08003630                EXTI0_IRQHandler
                0x08003630                I2C2_EV_IRQHandler
                0x08003630                DMA1_Stream2_IRQHandler
                0x08003630                CAN1_RX0_IRQHandler
                0x08003630                FPU_IRQHandler
                0x08003630                OTG_HS_WKUP_IRQHandler
                0x08003630                UsageFault_Handler
                0x08003630                CAN2_SCE_IRQHandler
                0x08003630                DMA2_Stream2_IRQHandler
                0x08003630                SPI1_IRQHandler
                0x08003630                TIM6_DAC_IRQHandler
                0x08003630                TIM1_BRK_TIM9_IRQHandler
                0x08003630                DCMI_IRQHandler
                0x08003630                CAN2_RX0_IRQHandler
                0x08003630                DMA2_Stream3_IRQHandler
                0x08003630                USART6_IRQHandler
                0x08003630                USART3_IRQHandler
                0x08003630                CRYP_IRQHandler
                0x08003630                CAN1_RX1_IRQHandler
                0x08003630                UART5_IRQHandler
                0x08003630                DMA2_Stream0_IRQHandler
                0x08003630                TIM4_IRQHandler
                0x08003630                I2C1_EV_IRQHandler
                0x08003630                DMA1_Stream6_IRQHandler
                0x08003630                DMA1_Stream1_IRQHandler
                0x08003630                UART4_IRQHandler
                0x08003630                TIM3_IRQHandler
                0x08003630                RCC_IRQHandler
                0x08003630                TIM8_BRK_TIM12_IRQHandler
                0x08003630                Default_Handler
                0x08003630                EXTI15_10_IRQHandler
                0x08003630                ADC_IRQHandler
                0x08003630                DMA1_Stream7_IRQHandler
                0x08003630                TIM7_IRQHandler
                0x08003630                CAN2_TX_IRQHandler
                0x08003630                TIM5_IRQHandler
                0x08003630                DMA2_Stream7_IRQHandler
                0x08003630                I2C3_EV_IRQHandler
                0x08003630                EXTI9_5_IRQHandler
                0x08003630                RTC_WKUP_IRQHandler
                0x08003630                ETH_WKUP_IRQHandler
                0x08003630                SPI2_IRQHandler
                0x08003630                OTG_HS_EP1_IN_IRQHandler
                0x08003630                MemManage_Handler
                0x08003630                DMA1_Stream0_IRQHandler
                0x08003630                CAN1_TX_IRQHandler
                0x08003630                SVC_Handler
                0x08003630                EXTI4_IRQHandler
                0x08003630                FSMC_IRQHandler
                0x08003630                ETH_IRQHandler
                0x08003630                OTG_HS_EP1_OUT_IRQHandler
                0x08003630                WWDG_IRQHandler
                0x08003630                TIM1_TRG_COM_TIM11_IRQHandler
                0x08003630                OTG_HS_IRQHandler
                0x08003630                EXTI1_IRQHandler
                0x08003630                USART2_IRQHandler
                0x08003630                I2C2_ER_IRQHandler
                0x08003630                DMA2_Stream1_IRQHandler
                0x08003630                CAN1_SCE_IRQHandler
                0x08003630                FLASH_IRQHandler
                0x08003630                DMA2_Stream4_IRQHandler
                0x08003630                BusFault_Handler
                0x08003630                USART1_IRQHandler
                0x08003630                SPI3_IRQHandler
                0x08003630                DMA1_Stream4_IRQHandler
                0x08003630                I2C1_ER_IRQHandler
                0x08003630                DMA2_Stream6_IRQHandler
                0x08003630                DMA1_Stream3_IRQHandler
 *fill*         0x08003632        0x2 
 .text.__libc_init_array
                0x08003634       0x50 c:/ac6/systemworkbench/plugins/fr.ac6.mcu.externaltools.arm-none.win32_1.13.2.201705091103/tools/compiler/bin/../lib/gcc/arm-none-eabi/5.4.1/../../../../arm-none-eabi/lib/armv7e-m/fpu\libc.a(lib_a-init.o)
                0x08003634                __libc_init_array
 .text.startup.register_fini
                0x08003684       0x14 c:/ac6/systemworkbench/plugins/fr.ac6.mcu.externaltools.arm-none.win32_1.13.2.201705091103/tools/compiler/bin/../lib/gcc/arm-none-eabi/5.4.1/../../../../arm-none-eabi/lib/armv7e-m/fpu\libc.a(lib_a-__call_atexit.o)
 .text.atexit   0x08003698        0xc c:/ac6/systemworkbench/plugins/fr.ac6.mcu.externaltools.arm-none.win32_1.13.2.201705091103/tools/compiler/bin/../lib/gcc/arm-none-eabi/5.4.1/../../../../arm-none-eabi/lib/armv7e-m/fpu\libc.a(lib_a-atexit.o)
                0x08003698                atexit
 .text.__libc_fini_array
                0x080036a4       0x28 c:/ac6/systemworkbench/plugins/fr.ac6.mcu.externaltools.arm-none.win32_1.13.2.201705091103/tools/compiler/bin/../lib/gcc/arm-none-eabi/5.4.1/../../../../arm-none-eabi/lib/armv7e-m/fpu\libc.a(lib_a-fini.o)
                0x080036a4                __libc_fini_array
 .text.__register_exitproc
                0x080036cc       0xa4 c:/ac6/systemworkbench/plugins/fr.ac6.mcu.externaltools.arm-none.win32_1.13.2.201705091103/tools/compiler/bin/../lib/gcc/arm-none-eabi/5.4.1/../../../../arm-none-eabi/lib/armv7e-m/fpu\libc.a(lib_a-__atexit.o)
                0x080036cc                __register_exitproc
 *(.rodata)
 .rodata        0x08003770        0x4 src/main.o
 *(.rodata*)
 .rodata.str1.4
                0x08003774       0x64 src/usbd_desc.o
                                 0x62 (size before relaxing)
 .rodata._global_impure_ptr
                0x080037d8        0x4 c:/ac6/systemworkbench/plugins/fr.ac6.mcu.externaltools.arm-none.win32_1.13.2.201705091103/tools/compiler/bin/../lib/gcc/arm-none-eabi/5.4.1/../../../../arm-none-eabi/lib/armv7e-m/fpu\libc.a(lib_a-impure.o)
                0x080037d8                _global_impure_ptr
 *(.glue_7)
 .glue_7        0x080037dc        0x0 linker stubs
 *(.glue_7t)
 .glue_7t       0x080037dc        0x0 linker stubs
 *(.eh_frame)
 .eh_frame      0x080037dc        0x0 c:/ac6/systemworkbench/plugins/fr.ac6.mcu.externaltools.arm-none.win32_1.13.2.201705091103/tools/compiler/bin/../lib/gcc/arm-none-eabi/5.4.1/armv7e-m/fpu/crtbegin.o
 *(.init)
 .init          0x080037dc        0x4 c:/ac6/systemworkbench/plugins/fr.ac6.mcu.externaltools.arm-none.win32_1.13.2.201705091103/tools/compiler/bin/../lib/gcc/arm-none-eabi/5.4.1/armv7e-m/fpu/crti.o
                0x080037dc                _init
 .init          0x080037e0        0x8 c:/ac6/systemworkbench/plugins/fr.ac6.mcu.externaltools.arm-none.win32_1.13.2.201705091103/tools/compiler/bin/../lib/gcc/arm-none-eabi/5.4.1/armv7e-m/fpu/crtn.o
 *(.fini)
 .fini          0x080037e8        0x4 c:/ac6/systemworkbench/plugins/fr.ac6.mcu.externaltools.arm-none.win32_1.13.2.201705091103/tools/compiler/bin/../lib/gcc/arm-none-eabi/5.4.1/armv7e-m/fpu/crti.o
                0x080037e8                _fini
 .fini          0x080037ec        0x8 c:/ac6/systemworkbench/plugins/fr.ac6.mcu.externaltools.arm-none.win32_1.13.2.201705091103/tools/compiler/bin/../lib/gcc/arm-none-eabi/5.4.1/armv7e-m/fpu/crtn.o
                0x080037f4                . = ALIGN (0x4)
                0x080037f4                _etext = .

.vfp11_veneer   0x080037f4        0x0
 .vfp11_veneer  0x080037f4        0x0 linker stubs

.v4_bx          0x080037f4        0x0
 .v4_bx         0x080037f4        0x0 linker stubs

.iplt           0x080037f4        0x0
 .iplt          0x080037f4        0x0 c:/ac6/systemworkbench/plugins/fr.ac6.mcu.externaltools.arm-none.win32_1.13.2.201705091103/tools/compiler/bin/../lib/gcc/arm-none-eabi/5.4.1/armv7e-m/fpu/crtbegin.o

.rel.dyn        0x080037f4        0x0
 .rel.iplt      0x080037f4        0x0 c:/ac6/systemworkbench/plugins/fr.ac6.mcu.externaltools.arm-none.win32_1.13.2.201705091103/tools/compiler/bin/../lib/gcc/arm-none-eabi/5.4.1/armv7e-m/fpu/crtbegin.o

.ARM.extab
 *(.ARM.extab* .gnu.linkonce.armextab.*)

.ARM            0x080037f4        0x0
                0x080037f4                __exidx_start = .
 *(.ARM.exidx*)
                0x080037f4                __exidx_end = .

.preinit_array  0x080037f4        0x0
                0x080037f4                PROVIDE (__preinit_array_start, .)
 *(.preinit_array*)
                0x080037f4                PROVIDE (__preinit_array_end, .)

.init_array     0x080037f4        0x8
                0x080037f4                PROVIDE (__init_array_start, .)
 *(SORT(.init_array.*))
 .init_array.00000
                0x080037f4        0x4 c:/ac6/systemworkbench/plugins/fr.ac6.mcu.externaltools.arm-none.win32_1.13.2.201705091103/tools/compiler/bin/../lib/gcc/arm-none-eabi/5.4.1/../../../../arm-none-eabi/lib/armv7e-m/fpu\libc.a(lib_a-__call_atexit.o)
 *(.init_array*)
 .init_array    0x080037f8        0x4 c:/ac6/systemworkbench/plugins/fr.ac6.mcu.externaltools.arm-none.win32_1.13.2.201705091103/tools/compiler/bin/../lib/gcc/arm-none-eabi/5.4.1/armv7e-m/fpu/crtbegin.o
                0x080037fc                PROVIDE (__init_array_end, .)

.fini_array     0x080037fc        0x4
                0x080037fc                PROVIDE (__fini_array_start, .)
 *(.fini_array*)
 .fini_array    0x080037fc        0x4 c:/ac6/systemworkbench/plugins/fr.ac6.mcu.externaltools.arm-none.win32_1.13.2.201705091103/tools/compiler/bin/../lib/gcc/arm-none-eabi/5.4.1/armv7e-m/fpu/crtbegin.o
 *(SORT(.fini_array.*))
                0x08003800                PROVIDE (__fini_array_end, .)
                0x08003800                _sidata = .

.data           0x20000000      0x548 load address 0x08003800
                0x20000000                . = ALIGN (0x4)
                0x20000000                _sdata = .
 *(.data)
 .data          0x20000000       0x74 src/usbd_cdc_core.o
                0x20000004                usbd_cdc_CfgDesc
                0x20000048                USBD_CDC_cb
 .data          0x20000074       0x1c src/usbd_cdc_vcp.o
                0x20000074                linecoding
                0x2000007c                VCP_fops
 .data          0x20000090       0x30 src/usbd_core.o
                0x20000090                USBD_DCD_INT_fops
                0x20000094                USBD_DCD_INT_cb
 .data          0x200000c0       0x40 src/usbd_desc.o
                0x200000c0                USBD_DeviceDesc
                0x200000d4                USBD_LangIDDesc
                0x200000d8                USBD_DeviceQualifierDesc
                0x200000e4                USR_desc
 .data          0x20000100       0x20 src/usbd_usr.o
                0x20000100                TM_USB_VCP_INT_Status
                0x20000104                USR_cb
 *(.data*)
 .data.impure_data
                0x20000120      0x428 c:/ac6/systemworkbench/plugins/fr.ac6.mcu.externaltools.arm-none.win32_1.13.2.201705091103/tools/compiler/bin/../lib/gcc/arm-none-eabi/5.4.1/../../../../arm-none-eabi/lib/armv7e-m/fpu\libc.a(lib_a-impure.o)
                0x20000548                . = ALIGN (0x4)
                0x20000548                _edata = .

.jcr            0x20000548        0x0 load address 0x08003d48
 .jcr           0x20000548        0x0 c:/ac6/systemworkbench/plugins/fr.ac6.mcu.externaltools.arm-none.win32_1.13.2.201705091103/tools/compiler/bin/../lib/gcc/arm-none-eabi/5.4.1/armv7e-m/fpu/crtbegin.o

.igot.plt       0x20000548        0x0 load address 0x08003d48
 .igot.plt      0x20000548        0x0 c:/ac6/systemworkbench/plugins/fr.ac6.mcu.externaltools.arm-none.win32_1.13.2.201705091103/tools/compiler/bin/../lib/gcc/arm-none-eabi/5.4.1/armv7e-m/fpu/crtbegin.o
                0x20000548                . = ALIGN (0x4)

.bss            0x20000548     0x4928 load address 0x08003d48
                0x20000548                _sbss = .
                0x20000548                __bss_start__ = _sbss
 *(.bss)
 .bss           0x20000548       0x1c c:/ac6/systemworkbench/plugins/fr.ac6.mcu.externaltools.arm-none.win32_1.13.2.201705091103/tools/compiler/bin/../lib/gcc/arm-none-eabi/5.4.1/armv7e-m/fpu/crtbegin.o
 .bss           0x20000564       0x16 src/tm_stm32f4_gpio.o
 .bss           0x2000057a        0x1 src/tm_stm32f4_usb_vcp.o
                0x2000057a                TM_USB_VCP_INT_Init
 *fill*         0x2000057b        0x1 
 .bss           0x2000057c       0x1c src/usbd_cdc_core.o
                0x20000584                USB_Tx_State
                0x20000588                APP_Rx_ptr_out
                0x2000058c                APP_Rx_ptr_in
                0x20000590                APP_Rx_length
 .bss           0x20000598       0x10 src/usbd_req.o
                0x2000059c                USBD_default_cfg
                0x200005a0                USBD_cfg_status
                0x200005a4                USBD_ep_status
 .bss           0x200005a8       0x54 src/ws2812b.o
 *(.bss*)
 *(COMMON)
 COMMON         0x200005fc     0x3864 src/main.o
                0x200005fc                LED_OutputBuffer
                0x20003e3c                RGB_array
 COMMON         0x20003e60      0x680 src/tm_stm32f4_usb_vcp.o
                0x20003e60                tm_int_usb_vcp_buf_in
                0x20003e64                tm_int_usb_vcp_buf_num
                0x20003e68                tm_int_usb_vcp_buf_out
                0x20003e6c                TM_INT_USB_VCP_ReceiveBuffer
                0x20003eec                USB_OTG_dev
 COMMON         0x200044e0      0x88c src/usbd_cdc_core.o
                0x200044e0                usbd_cdc_OtherCfgDesc
                0x20004524                USB_Rx_Buffer
                0x20004564                CmdBuff
                0x2000456c                APP_Rx_Buffer
 COMMON         0x20004d6c        0x4 src/usbd_core.o
                0x20004d6c                SET_TEST_MODE
 COMMON         0x20004d70       0xff src/usbd_req.o
                0x20004d70                USBD_StrDesc
                0x20004e70                . = ALIGN (0x4)
 *fill*         0x20004e6f        0x1 
                0x20004e70                _ebss = .
                0x20004e70                __bss_end__ = _ebss

._user_heap_stack
                0x20004e70      0x400 load address 0x08008670
                0x20004e70                . = ALIGN (0x8)
                0x20004e70                PROVIDE (end, .)
                [!provide]                PROVIDE (_end, .)
                0x20004e70                . = (. + _Min_Heap_Size)
                0x20005270                . = (. + _Min_Stack_Size)
 *fill*         0x20004e70      0x400 
                0x20005270                . = ALIGN (0x8)

.memory_b1_text
 *(.mb1text)
 *(.mb1text*)
 *(.mb1rodata)
 *(.mb1rodata*)

/DISCARD/
 libc.a(*)
 libm.a(*)
 libgcc.a(*)

.ARM.attributes
                0x00000000       0x30
 *(.ARM.attributes)
 .ARM.attributes
                0x00000000       0x22 c:/ac6/systemworkbench/plugins/fr.ac6.mcu.externaltools.arm-none.win32_1.13.2.201705091103/tools/compiler/bin/../lib/gcc/arm-none-eabi/5.4.1/armv7e-m/fpu/crti.o
 .ARM.attributes
                0x00000022       0x34 c:/ac6/systemworkbench/plugins/fr.ac6.mcu.externaltools.arm-none.win32_1.13.2.201705091103/tools/compiler/bin/../lib/gcc/arm-none-eabi/5.4.1/armv7e-m/fpu/crtbegin.o
 .ARM.attributes
                0x00000056       0x39 StdPeriph_Driver/src/misc.o
 .ARM.attributes
                0x0000008f       0x39 StdPeriph_Driver/src/stm32f4xx_dma.o
 .ARM.attributes
                0x000000c8       0x39 StdPeriph_Driver/src/stm32f4xx_exti.o
 .ARM.attributes
                0x00000101       0x39 StdPeriph_Driver/src/stm32f4xx_gpio.o
 .ARM.attributes
                0x0000013a       0x39 StdPeriph_Driver/src/stm32f4xx_rcc.o
 .ARM.attributes
                0x00000173       0x39 StdPeriph_Driver/src/stm32f4xx_tim.o
 .ARM.attributes
                0x000001ac       0x39 src/main.o
 .ARM.attributes
                0x000001e5       0x39 src/system_stm32f4xx.o
 .ARM.attributes
                0x0000021e       0x39 src/tm_stm32f4_disco.o
 .ARM.attributes
                0x00000257       0x39 src/tm_stm32f4_gpio.o
 .ARM.attributes
                0x00000290       0x39 src/tm_stm32f4_usb_vcp.o
 .ARM.attributes
                0x000002c9       0x39 src/usb_bsp.o
 .ARM.attributes
                0x00000302       0x39 src/usb_core.o
 .ARM.attributes
                0x0000033b       0x39 src/usb_dcd.o
 .ARM.attributes
                0x00000374       0x39 src/usb_dcd_int.o
 .ARM.attributes
                0x000003ad       0x39 src/usbd_cdc_core.o
 .ARM.attributes
                0x000003e6       0x39 src/usbd_cdc_vcp.o
 .ARM.attributes
                0x0000041f       0x39 src/usbd_core.o
 .ARM.attributes
                0x00000458       0x39 src/usbd_desc.o
 .ARM.attributes
                0x00000491       0x39 src/usbd_ioreq.o
 .ARM.attributes
                0x000004ca       0x39 src/usbd_req.o
 .ARM.attributes
                0x00000503       0x39 src/usbd_usr.o
 .ARM.attributes
                0x0000053c       0x39 src/ws2812b.o
 .ARM.attributes
                0x00000575       0x21 startup/startup_stm32f4xx.o
 .ARM.attributes
                0x00000596       0x34 c:/ac6/systemworkbench/plugins/fr.ac6.mcu.externaltools.arm-none.win32_1.13.2.201705091103/tools/compiler/bin/../lib/gcc/arm-none-eabi/5.4.1/../../../../arm-none-eabi/lib/armv7e-m/fpu\libc.a(lib_a-impure.o)
 .ARM.attributes
                0x000005ca       0x34 c:/ac6/systemworkbench/plugins/fr.ac6.mcu.externaltools.arm-none.win32_1.13.2.201705091103/tools/compiler/bin/../lib/gcc/arm-none-eabi/5.4.1/../../../../arm-none-eabi/lib/armv7e-m/fpu\libc.a(lib_a-init.o)
 .ARM.attributes
                0x000005fe       0x34 c:/ac6/systemworkbench/plugins/fr.ac6.mcu.externaltools.arm-none.win32_1.13.2.201705091103/tools/compiler/bin/../lib/gcc/arm-none-eabi/5.4.1/../../../../arm-none-eabi/lib/armv7e-m/fpu\libc.a(lib_a-__call_atexit.o)
 .ARM.attributes
                0x00000632       0x34 c:/ac6/systemworkbench/plugins/fr.ac6.mcu.externaltools.arm-none.win32_1.13.2.201705091103/tools/compiler/bin/../lib/gcc/arm-none-eabi/5.4.1/../../../../arm-none-eabi/lib/armv7e-m/fpu\libc.a(lib_a-atexit.o)
 .ARM.attributes
                0x00000666       0x34 c:/ac6/systemworkbench/plugins/fr.ac6.mcu.externaltools.arm-none.win32_1.13.2.201705091103/tools/compiler/bin/../lib/gcc/arm-none-eabi/5.4.1/../../../../arm-none-eabi/lib/armv7e-m/fpu\libc.a(lib_a-fini.o)
 .ARM.attributes
                0x0000069a       0x34 c:/ac6/systemworkbench/plugins/fr.ac6.mcu.externaltools.arm-none.win32_1.13.2.201705091103/tools/compiler/bin/../lib/gcc/arm-none-eabi/5.4.1/../../../../arm-none-eabi/lib/armv7e-m/fpu\libc.a(lib_a-__atexit.o)
 .ARM.attributes
                0x000006ce       0x22 c:/ac6/systemworkbench/plugins/fr.ac6.mcu.externaltools.arm-none.win32_1.13.2.201705091103/tools/compiler/bin/../lib/gcc/arm-none-eabi/5.4.1/armv7e-m/fpu/crtn.o
OUTPUT(AmbilightUSB2.elf elf32-littlearm)

.comment        0x00000000       0x6e
 .comment       0x00000000       0x6e StdPeriph_Driver/src/misc.o
                                 0x6f (size before relaxing)
 .comment       0x0000006e       0x6f StdPeriph_Driver/src/stm32f4xx_dma.o
 .comment       0x0000006e       0x6f StdPeriph_Driver/src/stm32f4xx_exti.o
 .comment       0x0000006e       0x6f StdPeriph_Driver/src/stm32f4xx_gpio.o
 .comment       0x0000006e       0x6f StdPeriph_Driver/src/stm32f4xx_rcc.o
 .comment       0x0000006e       0x6f StdPeriph_Driver/src/stm32f4xx_tim.o
 .comment       0x0000006e       0x6f src/main.o
 .comment       0x0000006e       0x6f src/system_stm32f4xx.o
 .comment       0x0000006e       0x6f src/tm_stm32f4_disco.o
 .comment       0x0000006e       0x6f src/tm_stm32f4_gpio.o
 .comment       0x0000006e       0x6f src/tm_stm32f4_usb_vcp.o
 .comment       0x0000006e       0x6f src/usb_bsp.o
 .comment       0x0000006e       0x6f src/usb_core.o
 .comment       0x0000006e       0x6f src/usb_dcd.o
 .comment       0x0000006e       0x6f src/usb_dcd_int.o
 .comment       0x0000006e       0x6f src/usbd_cdc_core.o
 .comment       0x0000006e       0x6f src/usbd_cdc_vcp.o
 .comment       0x0000006e       0x6f src/usbd_core.o
 .comment       0x0000006e       0x6f src/usbd_desc.o
 .comment       0x0000006e       0x6f src/usbd_ioreq.o
 .comment       0x0000006e       0x6f src/usbd_req.o
 .comment       0x0000006e       0x6f src/usbd_usr.o
 .comment       0x0000006e       0x6f src/ws2812b.o

.debug_frame    0x00000000      0x104
 .debug_frame   0x00000000       0x2c c:/ac6/systemworkbench/plugins/fr.ac6.mcu.externaltools.arm-none.win32_1.13.2.201705091103/tools/compiler/bin/../lib/gcc/arm-none-eabi/5.4.1/../../../../arm-none-eabi/lib/armv7e-m/fpu\libc.a(lib_a-init.o)
 .debug_frame   0x0000002c       0x50 c:/ac6/systemworkbench/plugins/fr.ac6.mcu.externaltools.arm-none.win32_1.13.2.201705091103/tools/compiler/bin/../lib/gcc/arm-none-eabi/5.4.1/../../../../arm-none-eabi/lib/armv7e-m/fpu\libc.a(lib_a-__call_atexit.o)
 .debug_frame   0x0000007c       0x20 c:/ac6/systemworkbench/plugins/fr.ac6.mcu.externaltools.arm-none.win32_1.13.2.201705091103/tools/compiler/bin/../lib/gcc/arm-none-eabi/5.4.1/../../../../arm-none-eabi/lib/armv7e-m/fpu\libc.a(lib_a-atexit.o)
 .debug_frame   0x0000009c       0x34 c:/ac6/systemworkbench/plugins/fr.ac6.mcu.externaltools.arm-none.win32_1.13.2.201705091103/tools/compiler/bin/../lib/gcc/arm-none-eabi/5.4.1/../../../../arm-none-eabi/lib/armv7e-m/fpu\libc.a(lib_a-fini.o)
 .debug_frame   0x000000d0       0x34 c:/ac6/systemworkbench/plugins/fr.ac6.mcu.externaltools.arm-none.win32_1.13.2.201705091103/tools/compiler/bin/../lib/gcc/arm-none-eabi/5.4.1/../../../../arm-none-eabi/lib/armv7e-m/fpu\libc.a(lib_a-__atexit.o)
