Archive member included to satisfy reference by file (symbol)

c:/ac6/systemworkbench/plugins/fr.ac6.mcu.externaltools.arm-none.win32_1.13.2.201705091103/tools/compiler/bin/../lib/gcc/arm-none-eabi/5.4.1/../../../../arm-none-eabi/lib/armv7e-m/fpu\libc.a(lib_a-errno.o)
                              src/syscalls.o (__errno)
c:/ac6/systemworkbench/plugins/fr.ac6.mcu.externaltools.arm-none.win32_1.13.2.201705091103/tools/compiler/bin/../lib/gcc/arm-none-eabi/5.4.1/../../../../arm-none-eabi/lib/armv7e-m/fpu\libc.a(lib_a-exit.o)
                              c:/ac6/systemworkbench/plugins/fr.ac6.mcu.externaltools.arm-none.win32_1.13.2.201705091103/tools/compiler/bin/../lib/gcc/arm-none-eabi/5.4.1/../../../../arm-none-eabi/lib/armv7e-m/fpu/crt0.o (exit)
c:/ac6/systemworkbench/plugins/fr.ac6.mcu.externaltools.arm-none.win32_1.13.2.201705091103/tools/compiler/bin/../lib/gcc/arm-none-eabi/5.4.1/../../../../arm-none-eabi/lib/armv7e-m/fpu\libc.a(lib_a-impure.o)
                              c:/ac6/systemworkbench/plugins/fr.ac6.mcu.externaltools.arm-none.win32_1.13.2.201705091103/tools/compiler/bin/../lib/gcc/arm-none-eabi/5.4.1/../../../../arm-none-eabi/lib/armv7e-m/fpu\libc.a(lib_a-exit.o) (_global_impure_ptr)
c:/ac6/systemworkbench/plugins/fr.ac6.mcu.externaltools.arm-none.win32_1.13.2.201705091103/tools/compiler/bin/../lib/gcc/arm-none-eabi/5.4.1/../../../../arm-none-eabi/lib/armv7e-m/fpu\libc.a(lib_a-init.o)
                              c:/ac6/systemworkbench/plugins/fr.ac6.mcu.externaltools.arm-none.win32_1.13.2.201705091103/tools/compiler/bin/../lib/gcc/arm-none-eabi/5.4.1/../../../../arm-none-eabi/lib/armv7e-m/fpu/crt0.o (__libc_init_array)
c:/ac6/systemworkbench/plugins/fr.ac6.mcu.externaltools.arm-none.win32_1.13.2.201705091103/tools/compiler/bin/../lib/gcc/arm-none-eabi/5.4.1/../../../../arm-none-eabi/lib/armv7e-m/fpu\libc.a(lib_a-memset.o)
                              c:/ac6/systemworkbench/plugins/fr.ac6.mcu.externaltools.arm-none.win32_1.13.2.201705091103/tools/compiler/bin/../lib/gcc/arm-none-eabi/5.4.1/../../../../arm-none-eabi/lib/armv7e-m/fpu/crt0.o (memset)
c:/ac6/systemworkbench/plugins/fr.ac6.mcu.externaltools.arm-none.win32_1.13.2.201705091103/tools/compiler/bin/../lib/gcc/arm-none-eabi/5.4.1/../../../../arm-none-eabi/lib/armv7e-m/fpu\libc.a(lib_a-__call_atexit.o)
                              c:/ac6/systemworkbench/plugins/fr.ac6.mcu.externaltools.arm-none.win32_1.13.2.201705091103/tools/compiler/bin/../lib/gcc/arm-none-eabi/5.4.1/../../../../arm-none-eabi/lib/armv7e-m/fpu\libc.a(lib_a-exit.o) (__call_exitprocs)
c:/ac6/systemworkbench/plugins/fr.ac6.mcu.externaltools.arm-none.win32_1.13.2.201705091103/tools/compiler/bin/../lib/gcc/arm-none-eabi/5.4.1/../../../../arm-none-eabi/lib/armv7e-m/fpu\libc.a(lib_a-atexit.o)
                              c:/ac6/systemworkbench/plugins/fr.ac6.mcu.externaltools.arm-none.win32_1.13.2.201705091103/tools/compiler/bin/../lib/gcc/arm-none-eabi/5.4.1/../../../../arm-none-eabi/lib/armv7e-m/fpu\libc.a(lib_a-__call_atexit.o) (atexit)
c:/ac6/systemworkbench/plugins/fr.ac6.mcu.externaltools.arm-none.win32_1.13.2.201705091103/tools/compiler/bin/../lib/gcc/arm-none-eabi/5.4.1/../../../../arm-none-eabi/lib/armv7e-m/fpu\libc.a(lib_a-fini.o)
                              c:/ac6/systemworkbench/plugins/fr.ac6.mcu.externaltools.arm-none.win32_1.13.2.201705091103/tools/compiler/bin/../lib/gcc/arm-none-eabi/5.4.1/../../../../arm-none-eabi/lib/armv7e-m/fpu\libc.a(lib_a-__call_atexit.o) (__libc_fini_array)
c:/ac6/systemworkbench/plugins/fr.ac6.mcu.externaltools.arm-none.win32_1.13.2.201705091103/tools/compiler/bin/../lib/gcc/arm-none-eabi/5.4.1/../../../../arm-none-eabi/lib/armv7e-m/fpu\libc.a(lib_a-__atexit.o)
                              c:/ac6/systemworkbench/plugins/fr.ac6.mcu.externaltools.arm-none.win32_1.13.2.201705091103/tools/compiler/bin/../lib/gcc/arm-none-eabi/5.4.1/../../../../arm-none-eabi/lib/armv7e-m/fpu\libc.a(lib_a-atexit.o) (__register_exitproc)

Allocating common symbols
Common symbol       size              file

tm_int_usb_vcp_buf_in
                    0x4               src/tm_stm32f4_usb_vcp.o
tm_int_usb_vcp_buf_num
                    0x4               src/tm_stm32f4_usb_vcp.o
tm_int_usb_vcp_buf_out
                    0x4               src/tm_stm32f4_usb_vcp.o
LED_OutputBuffer    0x3840            src/main.o
SET_TEST_MODE       0x4               src/usbd_core.o
RGB_array           0x24              src/main.o
TM_INT_USB_VCP_ReceiveBuffer
                    0x80              src/tm_stm32f4_usb_vcp.o
usbd_cdc_OtherCfgDesc
                    0x43              src/usbd_cdc_core.o
USB_Rx_Buffer       0x40              src/usbd_cdc_core.o
CmdBuff             0x8               src/usbd_cdc_core.o
USB_OTG_dev         0x5f4             src/tm_stm32f4_usb_vcp.o
APP_Rx_Buffer       0x800             src/usbd_cdc_core.o
NVIC_InitStructure  0x4               Utilities/stm32f4_discovery.o
USBD_StrDesc        0xff              src/usbd_req.o

[...]
Memory Configuration

Name             Origin             Length             Attributes
FLASH            0x08000000         0x00100000         xr
RAM              0x20000000         0x00030000         xrw
MEMORY_B1        0x60000000         0x00000000         xr
*default*        0x00000000         0xffffffff

Linker script and memory map

LOAD c:/ac6/systemworkbench/plugins/fr.ac6.mcu.externaltools.arm-none.win32_1.13.2.201705091103/tools/compiler/bin/../lib/gcc/arm-none-eabi/5.4.1/armv7e-m/fpu/crti.o
LOAD c:/ac6/systemworkbench/plugins/fr.ac6.mcu.externaltools.arm-none.win32_1.13.2.201705091103/tools/compiler/bin/../lib/gcc/arm-none-eabi/5.4.1/armv7e-m/fpu/crtbegin.o
LOAD c:/ac6/systemworkbench/plugins/fr.ac6.mcu.externaltools.arm-none.win32_1.13.2.201705091103/tools/compiler/bin/../lib/gcc/arm-none-eabi/5.4.1/../../../../arm-none-eabi/lib/armv7e-m/fpu/crt0.o
LOAD StdPeriph_Driver/src/misc.o
LOAD StdPeriph_Driver/src/stm32f4xx_adc.o
LOAD StdPeriph_Driver/src/stm32f4xx_can.o
LOAD StdPeriph_Driver/src/stm32f4xx_crc.o
LOAD StdPeriph_Driver/src/stm32f4xx_cryp.o
LOAD StdPeriph_Driver/src/stm32f4xx_cryp_aes.o
LOAD StdPeriph_Driver/src/stm32f4xx_cryp_des.o
LOAD StdPeriph_Driver/src/stm32f4xx_cryp_tdes.o
LOAD StdPeriph_Driver/src/stm32f4xx_dac.o
LOAD StdPeriph_Driver/src/stm32f4xx_dbgmcu.o
LOAD StdPeriph_Driver/src/stm32f4xx_dcmi.o
LOAD StdPeriph_Driver/src/stm32f4xx_dma.o
LOAD StdPeriph_Driver/src/stm32f4xx_exti.o
LOAD StdPeriph_Driver/src/stm32f4xx_flash.o
LOAD StdPeriph_Driver/src/stm32f4xx_fsmc.o
LOAD StdPeriph_Driver/src/stm32f4xx_gpio.o
LOAD StdPeriph_Driver/src/stm32f4xx_hash.o
LOAD StdPeriph_Driver/src/stm32f4xx_hash_md5.o
LOAD StdPeriph_Driver/src/stm32f4xx_hash_sha1.o
LOAD StdPeriph_Driver/src/stm32f4xx_i2c.o
LOAD StdPeriph_Driver/src/stm32f4xx_iwdg.o
LOAD StdPeriph_Driver/src/stm32f4xx_pwr.o
LOAD StdPeriph_Driver/src/stm32f4xx_rcc.o
LOAD StdPeriph_Driver/src/stm32f4xx_rng.o
LOAD StdPeriph_Driver/src/stm32f4xx_rtc.o
LOAD StdPeriph_Driver/src/stm32f4xx_sdio.o
LOAD StdPeriph_Driver/src/stm32f4xx_spi.o
LOAD StdPeriph_Driver/src/stm32f4xx_syscfg.o
LOAD StdPeriph_Driver/src/stm32f4xx_tim.o
LOAD StdPeriph_Driver/src/stm32f4xx_usart.o
LOAD StdPeriph_Driver/src/stm32f4xx_wwdg.o
LOAD Utilities/stm32f4_discovery.o
LOAD Utilities/stm32f4_discovery_lis302dl.o
LOAD src/main.o
LOAD src/syscalls.o
LOAD src/system_stm32f4xx.o
LOAD src/tm_stm32f4_disco.o
LOAD src/tm_stm32f4_gpio.o
LOAD src/tm_stm32f4_usb_vcp.o
LOAD src/usb_bsp.o
LOAD src/usb_core.o
LOAD src/usb_dcd.o
LOAD src/usb_dcd_int.o
LOAD src/usbd_cdc_core.o
LOAD src/usbd_cdc_vcp.o
LOAD src/usbd_core.o
LOAD src/usbd_desc.o
LOAD src/usbd_ioreq.o
LOAD src/usbd_req.o
LOAD src/usbd_usr.o
LOAD src/ws2812b.o
LOAD startup/startup_stm32f4xx.o
LOAD c:/ac6/systemworkbench/plugins/fr.ac6.mcu.externaltools.arm-none.win32_1.13.2.201705091103/tools/compiler/bin/../lib/gcc/arm-none-eabi/5.4.1/../../../../arm-none-eabi/lib/armv7e-m/fpu\libm.a
START GROUP
LOAD c:/ac6/systemworkbench/plugins/fr.ac6.mcu.externaltools.arm-none.win32_1.13.2.201705091103/tools/compiler/bin/../lib/gcc/arm-none-eabi/5.4.1/armv7e-m/fpu\libgcc.a
LOAD c:/ac6/systemworkbench/plugins/fr.ac6.mcu.externaltools.arm-none.win32_1.13.2.201705091103/tools/compiler/bin/../lib/gcc/arm-none-eabi/5.4.1/../../../../arm-none-eabi/lib/armv7e-m/fpu\libc.a
END GROUP
LOAD c:/ac6/systemworkbench/plugins/fr.ac6.mcu.externaltools.arm-none.win32_1.13.2.201705091103/tools/compiler/bin/../lib/gcc/arm-none-eabi/5.4.1/armv7e-m/fpu/crtend.o
LOAD c:/ac6/systemworkbench/plugins/fr.ac6.mcu.externaltools.arm-none.win32_1.13.2.201705091103/tools/compiler/bin/../lib/gcc/arm-none-eabi/5.4.1/armv7e-m/fpu/crtn.o
                0x20020000                _estack = 0x20020000
                0x00000000                _Min_Heap_Size = 0x0
                0x00000400                _Min_Stack_Size = 0x400

.isr_vector     0x08000000      0x188
                0x08000000                . = ALIGN (0x4)
 *(.isr_vector)
 .isr_vector    0x08000000      0x188 startup/startup_stm32f4xx.o
                0x08000000                g_pfnVectors
                0x08000188                . = ALIGN (0x4)

.text           0x08000188     0x4f8c
                0x08000188                . = ALIGN (0x4)
 *(.text)
 .text          0x08000188       0x5c c:/ac6/systemworkbench/plugins/fr.ac6.mcu.externaltools.arm-none.win32_1.13.2.201705091103/tools/compiler/bin/../lib/gcc/arm-none-eabi/5.4.1/armv7e-m/fpu/crtbegin.o
 *(.text*)
 .text.NVIC_PriorityGroupConfig
                0x080001e4       0x28 StdPeriph_Driver/src/misc.o
                0x080001e4                NVIC_PriorityGroupConfig
 .text.NVIC_Init
                0x0800020c       0xc4 StdPeriph_Driver/src/misc.o
                0x0800020c                NVIC_Init
 .text.DMA_DeInit
                0x080002d0      0x1a8 StdPeriph_Driver/src/stm32f4xx_dma.o
                0x080002d0                DMA_DeInit
 .text.DMA_Init
                0x08000478       0xb0 StdPeriph_Driver/src/stm32f4xx_dma.o
                0x08000478                DMA_Init
 .text.DMA_Cmd  0x08000528       0x38 StdPeriph_Driver/src/stm32f4xx_dma.o
                0x08000528                DMA_Cmd
 .text.DMA_ITConfig
                0x08000560       0x74 StdPeriph_Driver/src/stm32f4xx_dma.o
                0x08000560                DMA_ITConfig
 .text.EXTI_ClearITPendingBit
                0x080005d4       0x20 StdPeriph_Driver/src/stm32f4xx_exti.o
                0x080005d4                EXTI_ClearITPendingBit
 .text.GPIO_Init
                0x080005f4      0x11c StdPeriph_Driver/src/stm32f4xx_gpio.o
                0x080005f4                GPIO_Init
 .text.GPIO_PinAFConfig
                0x08000710       0x94 StdPeriph_Driver/src/stm32f4xx_gpio.o
                0x08000710                GPIO_PinAFConfig
 .text.RCC_AHB1PeriphClockCmd
                0x080007a4       0x40 StdPeriph_Driver/src/stm32f4xx_rcc.o
                0x080007a4                RCC_AHB1PeriphClockCmd
 .text.RCC_AHB2PeriphClockCmd
                0x080007e4       0x40 StdPeriph_Driver/src/stm32f4xx_rcc.o
                0x080007e4                RCC_AHB2PeriphClockCmd
 .text.RCC_APB1PeriphClockCmd
                0x08000824       0x40 StdPeriph_Driver/src/stm32f4xx_rcc.o
                0x08000824                RCC_APB1PeriphClockCmd
 .text.RCC_APB2PeriphClockCmd
                0x08000864       0x40 StdPeriph_Driver/src/stm32f4xx_rcc.o
                0x08000864                RCC_APB2PeriphClockCmd
 .text.TIM_TimeBaseInit
                0x080008a4       0xd8 StdPeriph_Driver/src/stm32f4xx_tim.o
                0x080008a4                TIM_TimeBaseInit
 .text.TIM_ARRPreloadConfig
                0x0800097c       0x40 StdPeriph_Driver/src/stm32f4xx_tim.o
                0x0800097c                TIM_ARRPreloadConfig
 .text.TIM_Cmd  0x080009bc       0x40 StdPeriph_Driver/src/stm32f4xx_tim.o
                0x080009bc                TIM_Cmd
 .text.TIM_ITConfig
                0x080009fc       0x48 StdPeriph_Driver/src/stm32f4xx_tim.o
                0x080009fc                TIM_ITConfig
 .text.TIM_DMACmd
                0x08000a44       0x48 StdPeriph_Driver/src/stm32f4xx_tim.o
                0x08000a44                TIM_DMACmd
 .text.calc_RGB
                0x08000a8c       0xac src/main.o
                0x08000a8c                calc_RGB
 .text.set_AL_LED
                0x08000b38       0x98 src/main.o
                0x08000b38                set_AL_LED
 .text.main     0x08000bd0       0xd4 src/main.o
                0x08000bd0                main
 .text.SystemInit
                0x08000ca4       0x5c src/system_stm32f4xx.o
                0x08000ca4                SystemInit
 .text.SetSysClock
                0x08000d00      0x128 src/system_stm32f4xx.o
 .text.TM_DISCO_LedInit
                0x08000e28       0x30 src/tm_stm32f4_disco.o
                0x08000e28                TM_DISCO_LedInit
 .text.TM_GPIO_Init
                0x08000e58       0x48 src/tm_stm32f4_gpio.o
                0x08000e58                TM_GPIO_Init
 .text.TM_GPIO_GetPortSource
                0x08000ea0       0x24 src/tm_stm32f4_gpio.o
                0x08000ea0                TM_GPIO_GetPortSource
 .text.TM_GPIO_INT_EnableClock
                0x08000ec4       0x30 src/tm_stm32f4_gpio.o
                0x08000ec4                TM_GPIO_INT_EnableClock
 .text.TM_GPIO_INT_Init
                0x08000ef4      0x10c src/tm_stm32f4_gpio.o
                0x08000ef4                TM_GPIO_INT_Init
 .text.TM_USB_VCP_Init
                0x08001000       0x58 src/tm_stm32f4_usb_vcp.o
                0x08001000                TM_USB_VCP_Init
 .text.TM_USB_VCP_BufferEmpty
                0x08001058       0x20 src/tm_stm32f4_usb_vcp.o
                0x08001058                TM_USB_VCP_BufferEmpty
 .text.TM_USB_VCP_BufferFull
                0x08001078       0x20 src/tm_stm32f4_usb_vcp.o
                0x08001078                TM_USB_VCP_BufferFull
 .text.TM_USB_VCP_FindCharacter
                0x08001098       0x60 src/tm_stm32f4_usb_vcp.o
                0x08001098                TM_USB_VCP_FindCharacter
 .text.TM_USB_VCP_Getc
                0x080010f8       0x6c src/tm_stm32f4_usb_vcp.o
                0x080010f8                TM_USB_VCP_Getc
 .text.TM_USB_VCP_Send
                0x08001164       0x1c src/tm_stm32f4_usb_vcp.o
                0x08001164                TM_USB_VCP_Send
 .text.TM_USB_VCP_Gets
                0x08001180       0x88 src/tm_stm32f4_usb_vcp.o
                0x08001180                TM_USB_VCP_Gets
 .text.TM_INT_USB_VCP_AddReceived
                0x08001208       0x5c src/tm_stm32f4_usb_vcp.o
                0x08001208                TM_INT_USB_VCP_AddReceived
 .text.TM_USB_VCP_GetStatus
                0x08001264       0x28 src/tm_stm32f4_usb_vcp.o
                0x08001264                TM_USB_VCP_GetStatus
 .text.USB_OTG_BSP_Init
                0x0800128c       0xb0 src/usb_bsp.o
                0x0800128c                USB_OTG_BSP_Init
 .text.USB_OTG_BSP_EnableInterrupt
                0x0800133c       0x34 src/usb_bsp.o
                0x0800133c                USB_OTG_BSP_EnableInterrupt
 .text.USB_OTG_BSP_uDelay
                0x08001370       0x48 src/usb_bsp.o
                0x08001370                USB_OTG_BSP_uDelay
 .text.USB_OTG_BSP_mDelay
                0x080013b8       0x20 src/usb_bsp.o
                0x080013b8                USB_OTG_BSP_mDelay
 .text.OTG_FS_WKUP_IRQHandler
                0x080013d8       0x10 src/usb_bsp.o
                0x080013d8                OTG_FS_WKUP_IRQHandler
 .text.OTG_FS_IRQHandler
                0x080013e8       0x14 src/usb_bsp.o
                0x080013e8                OTG_FS_IRQHandler
 .text.USB_OTG_EnableCommonInt
                0x080013fc       0x44 src/usb_core.o
 .text.USB_OTG_CoreReset
                0x08001440       0x90 src/usb_core.o
 .text.USB_OTG_WritePacket
                0x080014d0       0x78 src/usb_core.o
                0x080014d0                USB_OTG_WritePacket
 .text.USB_OTG_ReadPacket
                0x08001548       0x58 src/usb_core.o
                0x08001548                USB_OTG_ReadPacket
 .text.USB_OTG_SelectCore
                0x080015a0      0x174 src/usb_core.o
                0x080015a0                USB_OTG_SelectCore
 .text.USB_OTG_CoreInit
                0x08001714      0x13c src/usb_core.o
                0x08001714                USB_OTG_CoreInit
 .text.USB_OTG_EnableGlobalInt
                0x08001850       0x38 src/usb_core.o
                0x08001850                USB_OTG_EnableGlobalInt
 .text.USB_OTG_DisableGlobalInt
                0x08001888       0x38 src/usb_core.o
                0x08001888                USB_OTG_DisableGlobalInt
 .text.USB_OTG_FlushTxFifo
                0x080018c0       0x74 src/usb_core.o
                0x080018c0                USB_OTG_FlushTxFifo
 .text.USB_OTG_FlushRxFifo
                0x08001934       0x60 src/usb_core.o
                0x08001934                USB_OTG_FlushRxFifo
 .text.USB_OTG_SetCurrentMode
                0x08001994       0x60 src/usb_core.o
                0x08001994                USB_OTG_SetCurrentMode
 .text.USB_OTG_GetMode
                0x080019f4       0x20 src/usb_core.o
                0x080019f4                USB_OTG_GetMode
 .text.USB_OTG_IsDeviceMode
                0x08001a14       0x24 src/usb_core.o
                0x08001a14                USB_OTG_IsDeviceMode
 .text.USB_OTG_ReadCoreItr
                0x08001a38       0x30 src/usb_core.o
                0x08001a38                USB_OTG_ReadCoreItr
 .text.USB_OTG_InitDevSpeed
                0x08001a68       0x38 src/usb_core.o
                0x08001a68                USB_OTG_InitDevSpeed
 .text.USB_OTG_CoreInitDev
                0x08001aa0      0x264 src/usb_core.o
                0x08001aa0                USB_OTG_CoreInitDev
 .text.USB_OTG_EnableDevInt
                0x08001d04       0x98 src/usb_core.o
                0x08001d04                USB_OTG_EnableDevInt
 .text.USB_OTG_GetDeviceSpeed
                0x08001d9c       0x48 src/usb_core.o
                0x08001d9c                USB_OTG_GetDeviceSpeed
 .text.USB_OTG_EP0Activate
                0x08001de4       0x78 src/usb_core.o
                0x08001de4                USB_OTG_EP0Activate
 .text.USB_OTG_EPActivate
                0x08001e5c       0xdc src/usb_core.o
                0x08001e5c                USB_OTG_EPActivate
 .text.USB_OTG_EPDeactivate
                0x08001f38       0x8c src/usb_core.o
                0x08001f38                USB_OTG_EPDeactivate
 .text.USB_OTG_EPStartXfer
                0x08001fc4      0x280 src/usb_core.o
                0x08001fc4                USB_OTG_EPStartXfer
 .text.USB_OTG_EP0StartXfer
                0x08002244      0x1d4 src/usb_core.o
                0x08002244                USB_OTG_EP0StartXfer
 .text.USB_OTG_EPSetStall
                0x08002418       0x88 src/usb_core.o
                0x08002418                USB_OTG_EPSetStall
 .text.USB_OTG_EPClearStall
                0x080024a0       0x78 src/usb_core.o
                0x080024a0                USB_OTG_EPClearStall
 .text.USB_OTG_ReadDevAllOutEp_itr
                0x08002518       0x2c src/usb_core.o
                0x08002518                USB_OTG_ReadDevAllOutEp_itr
 .text.USB_OTG_ReadDevOutEP_itr
                0x08002544       0x38 src/usb_core.o
                0x08002544                USB_OTG_ReadDevOutEP_itr
 .text.USB_OTG_ReadDevAllInEPItr
                0x0800257c       0x2c src/usb_core.o
                0x0800257c                USB_OTG_ReadDevAllInEPItr
 .text.USB_OTG_EP0_OutStart
                0x080025a8       0x74 src/usb_core.o
                0x080025a8                USB_OTG_EP0_OutStart
 .text.DCD_Init
                0x0800261c      0x108 src/usb_dcd.o
                0x0800261c                DCD_Init
 .text.DCD_EP_Open
                0x08002724       0xb0 src/usb_dcd.o
                0x08002724                DCD_EP_Open
 .text.DCD_EP_Close
                0x080027d4       0x78 src/usb_dcd.o
                0x080027d4                DCD_EP_Close
 .text.DCD_EP_PrepareRx
                0x0800284c       0x84 src/usb_dcd.o
                0x0800284c                DCD_EP_PrepareRx
 .text.DCD_EP_Tx
                0x080028d0       0x78 src/usb_dcd.o
                0x080028d0                DCD_EP_Tx
 .text.DCD_EP_Stall
                0x08002948       0x7c src/usb_dcd.o
                0x08002948                DCD_EP_Stall
 .text.DCD_EP_ClrStall
                0x080029c4       0x7c src/usb_dcd.o
                0x080029c4                DCD_EP_ClrStall
 .text.DCD_EP_SetAddress
                0x08002a40       0x3c src/usb_dcd.o
                0x08002a40                DCD_EP_SetAddress
 .text.USBD_OTG_ISR_Handler
                0x08002a7c      0x15c src/usb_dcd_int.o
                0x08002a7c                USBD_OTG_ISR_Handler
 .text.DCD_HandleResume_ISR
                0x08002bd8       0x80 src/usb_dcd_int.o
 .text.DCD_HandleUSBSuspend_ISR
                0x08002c58       0xbc src/usb_dcd_int.o
 .text.DCD_HandleInEP_ISR
                0x08002d14      0x19c src/usb_dcd_int.o
 .text.DCD_HandleOutEP_ISR
                0x08002eb0      0x150 src/usb_dcd_int.o
 .text.DCD_HandleSof_ISR
                0x08003000       0x34 src/usb_dcd_int.o
 .text.DCD_HandleRxStatusQueueLevel_ISR
                0x08003034      0x104 src/usb_dcd_int.o
 .text.DCD_WriteEmptyTxFifo
                0x08003138       0xe4 src/usb_dcd_int.o
 .text.DCD_HandleUsbReset_ISR
                0x0800321c      0x120 src/usb_dcd_int.o
 .text.DCD_HandleEnumDone_ISR
                0x0800333c       0x78 src/usb_dcd_int.o
 .text.DCD_IsoINIncomplete_ISR
                0x080033b4       0x34 src/usb_dcd_int.o
 .text.DCD_IsoOUTIncomplete_ISR
                0x080033e8       0x34 src/usb_dcd_int.o
 .text.DCD_ReadDevInEP
                0x0800341c       0x50 src/usb_dcd_int.o
 .text.usbd_cdc_Init
                0x0800346c       0x6c src/usbd_cdc_core.o
 .text.usbd_cdc_DeInit
                0x080034d8       0x38 src/usbd_cdc_core.o
 .text.usbd_cdc_Setup
                0x08003510      0x128 src/usbd_cdc_core.o
 .text.usbd_cdc_EP0_RxReady
                0x08003638       0x40 src/usbd_cdc_core.o
 .text.usbd_cdc_DataIn
                0x08003678       0x98 src/usbd_cdc_core.o
 .text.usbd_cdc_DataOut
                0x08003710       0x4c src/usbd_cdc_core.o
 .text.usbd_cdc_SOF
                0x0800375c       0x30 src/usbd_cdc_core.o
 .text.Handle_USBAsynchXfer
                0x0800378c       0xd4 src/usbd_cdc_core.o
 .text.USBD_cdc_GetCfgDesc
                0x08003860       0x24 src/usbd_cdc_core.o
 .text.VCP_Init
                0x08003884       0x10 src/usbd_cdc_vcp.o
 .text.VCP_DeInit
                0x08003894       0x10 src/usbd_cdc_vcp.o
 .text.VCP_Ctrl
                0x080038a4      0x160 src/usbd_cdc_vcp.o
 .text.VCP_DataTx
                0x08003a04       0x60 src/usbd_cdc_vcp.o
                0x08003a04                VCP_DataTx
 .text.VCP_DataRx
                0x08003a64       0x38 src/usbd_cdc_vcp.o
                0x08003a64                VCP_DataRx
 .text.USBD_Init
                0x08003a9c       0x58 src/usbd_core.o
                0x08003a9c                USBD_Init
 .text.USBD_DeInit
                0x08003af4       0x18 src/usbd_core.o
                0x08003af4                USBD_DeInit
 .text.USBD_SetupStage
                0x08003b0c       0x6c src/usbd_core.o
 .text.USBD_DataOutStage
                0x08003b78       0xcc src/usbd_core.o
 .text.USBD_DataInStage
                0x08003c44      0x11c src/usbd_core.o
 .text.USBD_RunTestMode
                0x08003d60       0x24 src/usbd_core.o
 .text.USBD_Reset
                0x08003d84       0x44 src/usbd_core.o
 .text.USBD_Resume
                0x08003dc8       0x30 src/usbd_core.o
 .text.USBD_Suspend
                0x08003df8       0x30 src/usbd_core.o
 .text.USBD_SOF
                0x08003e28       0x2c src/usbd_core.o
 .text.USBD_SetCfg
                0x08003e54       0x30 src/usbd_core.o
                0x08003e54                USBD_SetCfg
 .text.USBD_ClrCfg
                0x08003e84       0x28 src/usbd_core.o
                0x08003e84                USBD_ClrCfg
 .text.USBD_IsoINIncomplete
                0x08003eac       0x20 src/usbd_core.o
 .text.USBD_IsoOUTIncomplete
                0x08003ecc       0x20 src/usbd_core.o
 .text.USBD_USR_DeviceDescriptor
                0x08003eec       0x24 src/usbd_desc.o
                0x08003eec                USBD_USR_DeviceDescriptor
 .text.USBD_USR_LangIDStrDescriptor
                0x08003f10       0x24 src/usbd_desc.o
                0x08003f10                USBD_USR_LangIDStrDescriptor
 .text.USBD_USR_ProductStrDescriptor
                0x08003f34       0x28 src/usbd_desc.o
                0x08003f34                USBD_USR_ProductStrDescriptor
 .text.USBD_USR_ManufacturerStrDescriptor
                0x08003f5c       0x28 src/usbd_desc.o
                0x08003f5c                USBD_USR_ManufacturerStrDescriptor
 .text.USBD_USR_SerialStrDescriptor
                0x08003f84       0x28 src/usbd_desc.o
                0x08003f84                USBD_USR_SerialStrDescriptor
 .text.USBD_USR_ConfigStrDescriptor
                0x08003fac       0x28 src/usbd_desc.o
                0x08003fac                USBD_USR_ConfigStrDescriptor
 .text.USBD_USR_InterfaceStrDescriptor
                0x08003fd4       0x28 src/usbd_desc.o
                0x08003fd4                USBD_USR_InterfaceStrDescriptor
 .text.USBD_CtlSendData
                0x08003ffc       0x40 src/usbd_ioreq.o
                0x08003ffc                USBD_CtlSendData
 .text.USBD_CtlContinueSendData
                0x0800403c       0x28 src/usbd_ioreq.o
                0x0800403c                USBD_CtlContinueSendData
 .text.USBD_CtlPrepareRx
                0x08004064       0x40 src/usbd_ioreq.o
                0x08004064                USBD_CtlPrepareRx
 .text.USBD_CtlContinueRx
                0x080040a4       0x28 src/usbd_ioreq.o
                0x080040a4                USBD_CtlContinueRx
 .text.USBD_CtlSendStatus
                0x080040cc       0x30 src/usbd_ioreq.o
                0x080040cc                USBD_CtlSendStatus
 .text.USBD_CtlReceiveStatus
                0x080040fc       0x30 src/usbd_ioreq.o
                0x080040fc                USBD_CtlReceiveStatus
 .text.USBD_StdDevReq
                0x0800412c       0xa0 src/usbd_req.o
                0x0800412c                USBD_StdDevReq
 .text.USBD_StdItfReq
                0x080041cc       0x68 src/usbd_req.o
                0x080041cc                USBD_StdItfReq
 .text.USBD_StdEPReq
                0x08004234      0x1b0 src/usbd_req.o
                0x08004234                USBD_StdEPReq
 .text.USBD_GetDescriptor
                0x080043e4      0x1a8 src/usbd_req.o
 .text.USBD_SetAddress
                0x0800458c       0x7c src/usbd_req.o
 .text.USBD_SetConfig
                0x08004608       0xf4 src/usbd_req.o
 .text.USBD_GetConfig
                0x080046fc       0x60 src/usbd_req.o
 .text.USBD_GetStatus
                0x0800475c       0x54 src/usbd_req.o
 .text.USBD_SetFeature
                0x080047b0       0xd8 src/usbd_req.o
 .text.USBD_ClrFeature
                0x08004888       0x50 src/usbd_req.o
 .text.USBD_ParseSetupRequest
                0x080048d8       0x94 src/usbd_req.o
                0x080048d8                USBD_ParseSetupRequest
 .text.USBD_CtlError
                0x0800496c       0x28 src/usbd_req.o
                0x0800496c                USBD_CtlError
 .text.USBD_GetString
                0x08004994       0x88 src/usbd_req.o
                0x08004994                USBD_GetString
 .text.USBD_GetLen
                0x08004a1c       0x30 src/usbd_req.o
 .text.USBD_USR_Init
                0x08004a4c       0x18 src/usbd_usr.o
                0x08004a4c                USBD_USR_Init
 .text.USBD_USR_DeviceReset
                0x08004a64       0x20 src/usbd_usr.o
                0x08004a64                USBD_USR_DeviceReset
 .text.USBD_USR_DeviceConfigured
                0x08004a84       0x18 src/usbd_usr.o
                0x08004a84                USBD_USR_DeviceConfigured
 .text.USBD_USR_DeviceSuspended
                0x08004a9c       0x18 src/usbd_usr.o
                0x08004a9c                USBD_USR_DeviceSuspended
 .text.USBD_USR_DeviceResumed
                0x08004ab4       0x18 src/usbd_usr.o
                0x08004ab4                USBD_USR_DeviceResumed
 .text.USBD_USR_DeviceConnected
                0x08004acc       0x18 src/usbd_usr.o
                0x08004acc                USBD_USR_DeviceConnected
 .text.USBD_USR_DeviceDisconnected
                0x08004ae4       0x18 src/usbd_usr.o
                0x08004ae4                USBD_USR_DeviceDisconnected
 .text.WS2812B_Init
                0x08004afc       0xa0 src/ws2812b.o
                0x08004afc                WS2812B_Init
 .text.WS2812B_SetRGB
                0x08004b9c       0xbc src/ws2812b.o
                0x08004b9c                WS2812B_SetRGB
 .text.WS2812B_GPIO_Led_Seg
                0x08004c58       0x44 src/ws2812b.o
 .text.WS2812B_DMA_Transmit_Burst
                0x08004c9c       0xd0 src/ws2812b.o
 .text.WS2812B_TIM_Transmit_Burst
                0x08004d6c       0x54 src/ws2812b.o
 .text.WS2812B_TIM_LED_Refresh
                0x08004dc0       0x84 src/ws2812b.o
 .text.DMA2_Stream5_IRQHandler
                0x08004e44       0x68 src/ws2812b.o
                0x08004e44                DMA2_Stream5_IRQHandler
 .text.TIM2_IRQHandler
                0x08004eac       0x5c src/ws2812b.o
                0x08004eac                TIM2_IRQHandler
 .text.Reset_Handler
                0x08004f08       0x48 startup/startup_stm32f4xx.o
                0x08004f08                Reset_Handler
 .text.Default_Handler
                0x08004f50        0x2 startup/startup_stm32f4xx.o
                0x08004f50                RTC_Alarm_IRQHandler
                0x08004f50                HASH_RNG_IRQHandler
                0x08004f50                EXTI2_IRQHandler
                0x08004f50                TIM8_CC_IRQHandler
                0x08004f50                DebugMon_Handler
                0x08004f50                TIM1_CC_IRQHandler
                0x08004f50                HardFault_Handler
                0x08004f50                DMA1_Stream5_IRQHandler
                0x08004f50                SysTick_Handler
                0x08004f50                PVD_IRQHandler
                0x08004f50                SDIO_IRQHandler
                0x08004f50                TAMP_STAMP_IRQHandler
                0x08004f50                PendSV_Handler
                0x08004f50                NMI_Handler
                0x08004f50                CAN2_RX1_IRQHandler
                0x08004f50                EXTI3_IRQHandler
                0x08004f50                TIM8_TRG_COM_TIM14_IRQHandler
                0x08004f50                TIM1_UP_TIM10_IRQHandler
                0x08004f50                TIM8_UP_TIM13_IRQHandler
                0x08004f50                I2C3_ER_IRQHandler
                0x08004f50                EXTI0_IRQHandler
                0x08004f50                I2C2_EV_IRQHandler
                0x08004f50                DMA1_Stream2_IRQHandler
                0x08004f50                CAN1_RX0_IRQHandler
                0x08004f50                FPU_IRQHandler
                0x08004f50                OTG_HS_WKUP_IRQHandler
                0x08004f50                UsageFault_Handler
                0x08004f50                CAN2_SCE_IRQHandler
                0x08004f50                DMA2_Stream2_IRQHandler
                0x08004f50                SPI1_IRQHandler
                0x08004f50                TIM6_DAC_IRQHandler
                0x08004f50                TIM1_BRK_TIM9_IRQHandler
                0x08004f50                DCMI_IRQHandler
                0x08004f50                CAN2_RX0_IRQHandler
                0x08004f50                DMA2_Stream3_IRQHandler
                0x08004f50                USART6_IRQHandler
                0x08004f50                USART3_IRQHandler
                0x08004f50                CRYP_IRQHandler
                0x08004f50                CAN1_RX1_IRQHandler
                0x08004f50                UART5_IRQHandler
                0x08004f50                DMA2_Stream0_IRQHandler
                0x08004f50                TIM4_IRQHandler
                0x08004f50                I2C1_EV_IRQHandler
                0x08004f50                DMA1_Stream6_IRQHandler
                0x08004f50                DMA1_Stream1_IRQHandler
                0x08004f50                UART4_IRQHandler
                0x08004f50                TIM3_IRQHandler
                0x08004f50                RCC_IRQHandler
                0x08004f50                TIM8_BRK_TIM12_IRQHandler
                0x08004f50                Default_Handler
                0x08004f50                EXTI15_10_IRQHandler
                0x08004f50                ADC_IRQHandler
                0x08004f50                DMA1_Stream7_IRQHandler
                0x08004f50                TIM7_IRQHandler
                0x08004f50                CAN2_TX_IRQHandler
                0x08004f50                TIM5_IRQHandler
                0x08004f50                DMA2_Stream7_IRQHandler
                0x08004f50                I2C3_EV_IRQHandler
                0x08004f50                EXTI9_5_IRQHandler
                0x08004f50                RTC_WKUP_IRQHandler
                0x08004f50                ETH_WKUP_IRQHandler
                0x08004f50                SPI2_IRQHandler
                0x08004f50                OTG_HS_EP1_IN_IRQHandler
                0x08004f50                MemManage_Handler
                0x08004f50                DMA1_Stream0_IRQHandler
                0x08004f50                CAN1_TX_IRQHandler
                0x08004f50                SVC_Handler
                0x08004f50                EXTI4_IRQHandler
                0x08004f50                FSMC_IRQHandler
                0x08004f50                ETH_IRQHandler
                0x08004f50                OTG_HS_EP1_OUT_IRQHandler
                0x08004f50                WWDG_IRQHandler
                0x08004f50                TIM1_TRG_COM_TIM11_IRQHandler
                0x08004f50                OTG_HS_IRQHandler
                0x08004f50                EXTI1_IRQHandler
                0x08004f50                USART2_IRQHandler
                0x08004f50                I2C2_ER_IRQHandler
                0x08004f50                DMA2_Stream1_IRQHandler
                0x08004f50                CAN1_SCE_IRQHandler
                0x08004f50                FLASH_IRQHandler
                0x08004f50                DMA2_Stream4_IRQHandler
                0x08004f50                BusFault_Handler
                0x08004f50                USART1_IRQHandler
                0x08004f50                SPI3_IRQHandler
                0x08004f50                DMA1_Stream4_IRQHandler
                0x08004f50                I2C1_ER_IRQHandler
                0x08004f50                DMA2_Stream6_IRQHandler
                0x08004f50                DMA1_Stream3_IRQHandler
 *fill*         0x08004f52        0x2 
 .text.__libc_init_array
                0x08004f54       0x50 c:/ac6/systemworkbench/plugins/fr.ac6.mcu.externaltools.arm-none.win32_1.13.2.201705091103/tools/compiler/bin/../lib/gcc/arm-none-eabi/5.4.1/../../../../arm-none-eabi/lib/armv7e-m/fpu\libc.a(lib_a-init.o)
                0x08004f54                __libc_init_array
 .text.startup.register_fini
                0x08004fa4       0x14 c:/ac6/systemworkbench/plugins/fr.ac6.mcu.externaltools.arm-none.win32_1.13.2.201705091103/tools/compiler/bin/../lib/gcc/arm-none-eabi/5.4.1/../../../../arm-none-eabi/lib/armv7e-m/fpu\libc.a(lib_a-__call_atexit.o)
 .text.atexit   0x08004fb8        0xc c:/ac6/systemworkbench/plugins/fr.ac6.mcu.externaltools.arm-none.win32_1.13.2.201705091103/tools/compiler/bin/../lib/gcc/arm-none-eabi/5.4.1/../../../../arm-none-eabi/lib/armv7e-m/fpu\libc.a(lib_a-atexit.o)
                0x08004fb8                atexit
 .text.__libc_fini_array
                0x08004fc4       0x28 c:/ac6/systemworkbench/plugins/fr.ac6.mcu.externaltools.arm-none.win32_1.13.2.201705091103/tools/compiler/bin/../lib/gcc/arm-none-eabi/5.4.1/../../../../arm-none-eabi/lib/armv7e-m/fpu\libc.a(lib_a-fini.o)
                0x08004fc4                __libc_fini_array
 .text.__register_exitproc
                0x08004fec       0xa4 c:/ac6/systemworkbench/plugins/fr.ac6.mcu.externaltools.arm-none.win32_1.13.2.201705091103/tools/compiler/bin/../lib/gcc/arm-none-eabi/5.4.1/../../../../arm-none-eabi/lib/armv7e-m/fpu\libc.a(lib_a-__atexit.o)
                0x08004fec                __register_exitproc
 *(.rodata)
 .rodata        0x08005090        0x4 src/main.o
 .rodata        0x08005094       0x62 src/usbd_desc.o
 *(.rodata*)
 *fill*         0x080050f6        0x2 
 .rodata._global_impure_ptr
                0x080050f8        0x4 c:/ac6/systemworkbench/plugins/fr.ac6.mcu.externaltools.arm-none.win32_1.13.2.201705091103/tools/compiler/bin/../lib/gcc/arm-none-eabi/5.4.1/../../../../arm-none-eabi/lib/armv7e-m/fpu\libc.a(lib_a-impure.o)
                0x080050f8                _global_impure_ptr
 *(.glue_7)
 .glue_7        0x080050fc        0x0 linker stubs
 *(.glue_7t)
 .glue_7t       0x080050fc        0x0 linker stubs
 *(.eh_frame)
 .eh_frame      0x080050fc        0x0 c:/ac6/systemworkbench/plugins/fr.ac6.mcu.externaltools.arm-none.win32_1.13.2.201705091103/tools/compiler/bin/../lib/gcc/arm-none-eabi/5.4.1/armv7e-m/fpu/crtbegin.o
 *(.init)
 .init          0x080050fc        0x4 c:/ac6/systemworkbench/plugins/fr.ac6.mcu.externaltools.arm-none.win32_1.13.2.201705091103/tools/compiler/bin/../lib/gcc/arm-none-eabi/5.4.1/armv7e-m/fpu/crti.o
                0x080050fc                _init
 .init          0x08005100        0x8 c:/ac6/systemworkbench/plugins/fr.ac6.mcu.externaltools.arm-none.win32_1.13.2.201705091103/tools/compiler/bin/../lib/gcc/arm-none-eabi/5.4.1/armv7e-m/fpu/crtn.o
 *(.fini)
 .fini          0x08005108        0x4 c:/ac6/systemworkbench/plugins/fr.ac6.mcu.externaltools.arm-none.win32_1.13.2.201705091103/tools/compiler/bin/../lib/gcc/arm-none-eabi/5.4.1/armv7e-m/fpu/crti.o
                0x08005108                _fini
 .fini          0x0800510c        0x8 c:/ac6/systemworkbench/plugins/fr.ac6.mcu.externaltools.arm-none.win32_1.13.2.201705091103/tools/compiler/bin/../lib/gcc/arm-none-eabi/5.4.1/armv7e-m/fpu/crtn.o
                0x08005114                . = ALIGN (0x4)
                0x08005114                _etext = .

.vfp11_veneer   0x08005114        0x0
 .vfp11_veneer  0x08005114        0x0 linker stubs

.v4_bx          0x08005114        0x0
 .v4_bx         0x08005114        0x0 linker stubs

.iplt           0x08005114        0x0
 .iplt          0x08005114        0x0 c:/ac6/systemworkbench/plugins/fr.ac6.mcu.externaltools.arm-none.win32_1.13.2.201705091103/tools/compiler/bin/../lib/gcc/arm-none-eabi/5.4.1/armv7e-m/fpu/crtbegin.o

.rel.dyn        0x08005114        0x0
 .rel.iplt      0x08005114        0x0 c:/ac6/systemworkbench/plugins/fr.ac6.mcu.externaltools.arm-none.win32_1.13.2.201705091103/tools/compiler/bin/../lib/gcc/arm-none-eabi/5.4.1/armv7e-m/fpu/crtbegin.o

.ARM.extab
 *(.ARM.extab* .gnu.linkonce.armextab.*)

.ARM            0x08005114        0x0
                0x08005114                __exidx_start = .
 *(.ARM.exidx*)
                0x08005114                __exidx_end = .

.preinit_array  0x08005114        0x0
                0x08005114                PROVIDE (__preinit_array_start, .)
 *(.preinit_array*)
                0x08005114                PROVIDE (__preinit_array_end, .)

.init_array     0x08005114        0x8
                0x08005114                PROVIDE (__init_array_start, .)
 *(SORT(.init_array.*))
 .init_array.00000
                0x08005114        0x4 c:/ac6/systemworkbench/plugins/fr.ac6.mcu.externaltools.arm-none.win32_1.13.2.201705091103/tools/compiler/bin/../lib/gcc/arm-none-eabi/5.4.1/../../../../arm-none-eabi/lib/armv7e-m/fpu\libc.a(lib_a-__call_atexit.o)
 *(.init_array*)
 .init_array    0x08005118        0x4 c:/ac6/systemworkbench/plugins/fr.ac6.mcu.externaltools.arm-none.win32_1.13.2.201705091103/tools/compiler/bin/../lib/gcc/arm-none-eabi/5.4.1/armv7e-m/fpu/crtbegin.o
                0x0800511c                PROVIDE (__init_array_end, .)

.fini_array     0x0800511c        0x4
                0x0800511c                PROVIDE (__fini_array_start, .)
 *(.fini_array*)
 .fini_array    0x0800511c        0x4 c:/ac6/systemworkbench/plugins/fr.ac6.mcu.externaltools.arm-none.win32_1.13.2.201705091103/tools/compiler/bin/../lib/gcc/arm-none-eabi/5.4.1/armv7e-m/fpu/crtbegin.o
 *(SORT(.fini_array.*))
                0x08005120                PROVIDE (__fini_array_end, .)
                0x08005120                _sidata = .

.data           0x20000000      0x548 load address 0x08005120
                0x20000000                . = ALIGN (0x4)
                0x20000000                _sdata = .
 *(.data)
 .data          0x20000000       0x74 src/usbd_cdc_core.o
                0x20000000                usbd_cdc_CfgDesc
                0x20000048                USBD_CDC_cb
 .data          0x20000074       0x1c src/usbd_cdc_vcp.o
                0x20000074                linecoding
                0x2000007c                VCP_fops
 .data          0x20000090       0x30 src/usbd_core.o
                0x20000090                USBD_DCD_INT_cb
                0x200000bc                USBD_DCD_INT_fops
 .data          0x200000c0       0x40 src/usbd_desc.o
                0x200000c0                USR_desc
                0x200000dc                USBD_DeviceDesc
                0x200000f0                USBD_DeviceQualifierDesc
                0x200000fc                USBD_LangIDDesc
 .data          0x20000100       0x20 src/usbd_usr.o
                0x20000100                TM_USB_VCP_INT_Status
                0x20000104                USR_cb
 *(.data*)
 .data.impure_data
                0x20000120      0x428 c:/ac6/systemworkbench/plugins/fr.ac6.mcu.externaltools.arm-none.win32_1.13.2.201705091103/tools/compiler/bin/../lib/gcc/arm-none-eabi/5.4.1/../../../../arm-none-eabi/lib/armv7e-m/fpu\libc.a(lib_a-impure.o)
                0x20000548                . = ALIGN (0x4)
                0x20000548                _edata = .

.jcr            0x20000548        0x0 load address 0x08005668
 .jcr           0x20000548        0x0 c:/ac6/systemworkbench/plugins/fr.ac6.mcu.externaltools.arm-none.win32_1.13.2.201705091103/tools/compiler/bin/../lib/gcc/arm-none-eabi/5.4.1/armv7e-m/fpu/crtbegin.o

.igot.plt       0x20000548        0x0 load address 0x08005668
 .igot.plt      0x20000548        0x0 c:/ac6/systemworkbench/plugins/fr.ac6.mcu.externaltools.arm-none.win32_1.13.2.201705091103/tools/compiler/bin/../lib/gcc/arm-none-eabi/5.4.1/armv7e-m/fpu/crtbegin.o
                0x20000548                . = ALIGN (0x4)

.bss            0x20000548     0x4928 load address 0x08005668
                0x20000548                _sbss = .
                0x20000548                __bss_start__ = _sbss
 *(.bss)
 .bss           0x20000548       0x1c c:/ac6/systemworkbench/plugins/fr.ac6.mcu.externaltools.arm-none.win32_1.13.2.201705091103/tools/compiler/bin/../lib/gcc/arm-none-eabi/5.4.1/armv7e-m/fpu/crtbegin.o
 .bss           0x20000564       0x16 src/tm_stm32f4_gpio.o
 .bss           0x2000057a        0x1 src/tm_stm32f4_usb_vcp.o
                0x2000057a                TM_USB_VCP_INT_Init
 *fill*         0x2000057b        0x1 
 .bss           0x2000057c       0x1c src/usbd_cdc_core.o
                0x20000580                APP_Rx_ptr_in
                0x20000584                APP_Rx_ptr_out
                0x20000588                APP_Rx_length
                0x2000058c                USB_Tx_State
 .bss           0x20000598        0xd src/usbd_req.o
                0x20000598                USBD_ep_status
                0x2000059c                USBD_default_cfg
                0x200005a0                USBD_cfg_status
 *fill*         0x200005a5        0x3 
 .bss           0x200005a8       0x54 src/ws2812b.o
 *(.bss*)
 *(COMMON)
 COMMON         0x200005fc     0x3864 src/main.o
                0x200005fc                LED_OutputBuffer
                0x20003e3c                RGB_array
 COMMON         0x20003e60      0x680 src/tm_stm32f4_usb_vcp.o
                0x20003e60                tm_int_usb_vcp_buf_in
                0x20003e64                tm_int_usb_vcp_buf_num
                0x20003e68                tm_int_usb_vcp_buf_out
                0x20003e6c                TM_INT_USB_VCP_ReceiveBuffer
                0x20003eec                USB_OTG_dev
 COMMON         0x200044e0      0x88c src/usbd_cdc_core.o
                0x200044e0                usbd_cdc_OtherCfgDesc
                0x20004524                USB_Rx_Buffer
                0x20004564                CmdBuff
                0x2000456c                APP_Rx_Buffer
 COMMON         0x20004d6c        0x4 src/usbd_core.o
                0x20004d6c                SET_TEST_MODE
 COMMON         0x20004d70       0xff src/usbd_req.o
                0x20004d70                USBD_StrDesc
                0x20004e70                . = ALIGN (0x4)
 *fill*         0x20004e6f        0x1 
                0x20004e70                _ebss = .
                0x20004e70                __bss_end__ = _ebss

._user_heap_stack
                0x20004e70      0x400 load address 0x08009f90
                0x20004e70                . = ALIGN (0x8)
                0x20004e70                PROVIDE (end, .)
                [!provide]                PROVIDE (_end, .)
                0x20004e70                . = (. + _Min_Heap_Size)
                0x20005270                . = (. + _Min_Stack_Size)
 *fill*         0x20004e70      0x400 
                0x20005270                . = ALIGN (0x8)

.memory_b1_text
 *(.mb1text)
 *(.mb1text*)
 *(.mb1rodata)
 *(.mb1rodata*)

/DISCARD/
 libc.a(*)
 libm.a(*)
 libgcc.a(*)

.ARM.attributes
                0x00000000       0x30
 *(.ARM.attributes)
 .ARM.attributes
                0x00000000       0x22 c:/ac6/systemworkbench/plugins/fr.ac6.mcu.externaltools.arm-none.win32_1.13.2.201705091103/tools/compiler/bin/../lib/gcc/arm-none-eabi/5.4.1/armv7e-m/fpu/crti.o
 .ARM.attributes
                0x00000022       0x34 c:/ac6/systemworkbench/plugins/fr.ac6.mcu.externaltools.arm-none.win32_1.13.2.201705091103/tools/compiler/bin/../lib/gcc/arm-none-eabi/5.4.1/armv7e-m/fpu/crtbegin.o
 .ARM.attributes
                0x00000056       0x39 StdPeriph_Driver/src/misc.o
 .ARM.attributes
                0x0000008f       0x39 StdPeriph_Driver/src/stm32f4xx_dma.o
 .ARM.attributes
                0x000000c8       0x39 StdPeriph_Driver/src/stm32f4xx_exti.o
 .ARM.attributes
                0x00000101       0x39 StdPeriph_Driver/src/stm32f4xx_gpio.o
 .ARM.attributes
                0x0000013a       0x39 StdPeriph_Driver/src/stm32f4xx_rcc.o
 .ARM.attributes
                0x00000173       0x39 StdPeriph_Driver/src/stm32f4xx_tim.o
 .ARM.attributes
                0x000001ac       0x39 src/main.o
 .ARM.attributes
                0x000001e5       0x39 src/system_stm32f4xx.o
 .ARM.attributes
                0x0000021e       0x39 src/tm_stm32f4_disco.o
 .ARM.attributes
                0x00000257       0x39 src/tm_stm32f4_gpio.o
 .ARM.attributes
                0x00000290       0x39 src/tm_stm32f4_usb_vcp.o
 .ARM.attributes
                0x000002c9       0x39 src/usb_bsp.o
 .ARM.attributes
                0x00000302       0x39 src/usb_core.o
 .ARM.attributes
                0x0000033b       0x39 src/usb_dcd.o
 .ARM.attributes
                0x00000374       0x39 src/usb_dcd_int.o
 .ARM.attributes
                0x000003ad       0x39 src/usbd_cdc_core.o
 .ARM.attributes
                0x000003e6       0x39 src/usbd_cdc_vcp.o
 .ARM.attributes
                0x0000041f       0x39 src/usbd_core.o
 .ARM.attributes
                0x00000458       0x39 src/usbd_desc.o
 .ARM.attributes
                0x00000491       0x39 src/usbd_ioreq.o
 .ARM.attributes
                0x000004ca       0x39 src/usbd_req.o
 .ARM.attributes
                0x00000503       0x39 src/usbd_usr.o
 .ARM.attributes
                0x0000053c       0x39 src/ws2812b.o
 .ARM.attributes
                0x00000575       0x21 startup/startup_stm32f4xx.o
 .ARM.attributes
                0x00000596       0x34 c:/ac6/systemworkbench/plugins/fr.ac6.mcu.externaltools.arm-none.win32_1.13.2.201705091103/tools/compiler/bin/../lib/gcc/arm-none-eabi/5.4.1/../../../../arm-none-eabi/lib/armv7e-m/fpu\libc.a(lib_a-impure.o)
 .ARM.attributes
                0x000005ca       0x34 c:/ac6/systemworkbench/plugins/fr.ac6.mcu.externaltools.arm-none.win32_1.13.2.201705091103/tools/compiler/bin/../lib/gcc/arm-none-eabi/5.4.1/../../../../arm-none-eabi/lib/armv7e-m/fpu\libc.a(lib_a-init.o)
 .ARM.attributes
                0x000005fe       0x34 c:/ac6/systemworkbench/plugins/fr.ac6.mcu.externaltools.arm-none.win32_1.13.2.201705091103/tools/compiler/bin/../lib/gcc/arm-none-eabi/5.4.1/../../../../arm-none-eabi/lib/armv7e-m/fpu\libc.a(lib_a-__call_atexit.o)
 .ARM.attributes
                0x00000632       0x34 c:/ac6/systemworkbench/plugins/fr.ac6.mcu.externaltools.arm-none.win32_1.13.2.201705091103/tools/compiler/bin/../lib/gcc/arm-none-eabi/5.4.1/../../../../arm-none-eabi/lib/armv7e-m/fpu\libc.a(lib_a-atexit.o)
 .ARM.attributes
                0x00000666       0x34 c:/ac6/systemworkbench/plugins/fr.ac6.mcu.externaltools.arm-none.win32_1.13.2.201705091103/tools/compiler/bin/../lib/gcc/arm-none-eabi/5.4.1/../../../../arm-none-eabi/lib/armv7e-m/fpu\libc.a(lib_a-fini.o)
 .ARM.attributes
                0x0000069a       0x34 c:/ac6/systemworkbench/plugins/fr.ac6.mcu.externaltools.arm-none.win32_1.13.2.201705091103/tools/compiler/bin/../lib/gcc/arm-none-eabi/5.4.1/../../../../arm-none-eabi/lib/armv7e-m/fpu\libc.a(lib_a-__atexit.o)
 .ARM.attributes
                0x000006ce       0x22 c:/ac6/systemworkbench/plugins/fr.ac6.mcu.externaltools.arm-none.win32_1.13.2.201705091103/tools/compiler/bin/../lib/gcc/arm-none-eabi/5.4.1/armv7e-m/fpu/crtn.o
OUTPUT(AmbilightUSB2.elf elf32-littlearm)

.debug_info     0x00000000    0x114ea
 .debug_info    0x00000000      0x55e StdPeriph_Driver/src/misc.o
 .debug_info    0x0000055e      0x749 StdPeriph_Driver/src/stm32f4xx_dma.o
 .debug_info    0x00000ca7      0x35f StdPeriph_Driver/src/stm32f4xx_exti.o
 .debug_info    0x00001006      0x622 StdPeriph_Driver/src/stm32f4xx_gpio.o
 .debug_info    0x00001628      0xc6b StdPeriph_Driver/src/stm32f4xx_rcc.o
 .debug_info    0x00002293     0x1c71 StdPeriph_Driver/src/stm32f4xx_tim.o
 .debug_info    0x00003f04      0x351 src/main.o
 .debug_info    0x00004255      0x5cd src/system_stm32f4xx.o
 .debug_info    0x00004822      0x27b src/tm_stm32f4_disco.o
 .debug_info    0x00004a9d      0x845 src/tm_stm32f4_gpio.o
 .debug_info    0x000052e2      0xe96 src/tm_stm32f4_usb_vcp.o
 .debug_info    0x00006178     0x102f src/usb_bsp.o
 .debug_info    0x000071a7     0x24b6 src/usb_core.o
 .debug_info    0x0000965d     0x106a src/usb_dcd.o
 .debug_info    0x0000a6c7     0x1dec src/usb_dcd_int.o
 .debug_info    0x0000c4b3      0xf3d src/usbd_cdc_core.o
 .debug_info    0x0000d3f0      0x332 src/usbd_cdc_vcp.o
 .debug_info    0x0000d722     0x1011 src/usbd_core.o
 .debug_info    0x0000e733      0x373 src/usbd_desc.o
 .debug_info    0x0000eaa6      0xd02 src/usbd_ioreq.o
 .debug_info    0x0000f7a8     0x1006 src/usbd_req.o
 .debug_info    0x000107ae      0x255 src/usbd_usr.o
 .debug_info    0x00010a03      0xa77 src/ws2812b.o
 .debug_info    0x0001147a       0x70 startup/startup_stm32f4xx.o

.debug_abbrev   0x00000000     0x28c0
 .debug_abbrev  0x00000000      0x14c StdPeriph_Driver/src/misc.o
 .debug_abbrev  0x0000014c      0x15c StdPeriph_Driver/src/stm32f4xx_dma.o
 .debug_abbrev  0x000002a8      0x1ae StdPeriph_Driver/src/stm32f4xx_exti.o
 .debug_abbrev  0x00000456      0x1ac StdPeriph_Driver/src/stm32f4xx_gpio.o
 .debug_abbrev  0x00000602      0x1ea StdPeriph_Driver/src/stm32f4xx_rcc.o
 .debug_abbrev  0x000007ec      0x18e StdPeriph_Driver/src/stm32f4xx_tim.o
 .debug_abbrev  0x0000097a      0x16c src/main.o
 .debug_abbrev  0x00000ae6      0x13d src/system_stm32f4xx.o
 .debug_abbrev  0x00000c23       0xf5 src/tm_stm32f4_disco.o
 .debug_abbrev  0x00000d18      0x156 src/tm_stm32f4_gpio.o
 .debug_abbrev  0x00000e6e      0x219 src/tm_stm32f4_usb_vcp.o
 .debug_abbrev  0x00001087      0x216 src/usb_bsp.o
 .debug_abbrev  0x0000129d      0x2f0 src/usb_core.o
 .debug_abbrev  0x0000158d      0x260 src/usb_dcd.o
 .debug_abbrev  0x000017ed      0x262 src/usb_dcd_int.o
 .debug_abbrev  0x00001a4f      0x21c src/usbd_cdc_core.o
 .debug_abbrev  0x00001c6b      0x180 src/usbd_cdc_vcp.o
 .debug_abbrev  0x00001deb      0x27c src/usbd_core.o
 .debug_abbrev  0x00002067      0x106 src/usbd_desc.o
 .debug_abbrev  0x0000216d      0x1b6 src/usbd_ioreq.o
 .debug_abbrev  0x00002323      0x2ab src/usbd_req.o
 .debug_abbrev  0x000025ce      0x114 src/usbd_usr.o
 .debug_abbrev  0x000026e2      0x1cc src/ws2812b.o
 .debug_abbrev  0x000028ae       0x12 startup/startup_stm32f4xx.o

.debug_aranges  0x00000000      0xd90
 .debug_aranges
                0x00000000       0x40 StdPeriph_Driver/src/misc.o
 .debug_aranges
                0x00000040       0xb0 StdPeriph_Driver/src/stm32f4xx_dma.o
 .debug_aranges
                0x000000f0       0x58 StdPeriph_Driver/src/stm32f4xx_exti.o
 .debug_aranges
                0x00000148       0x88 StdPeriph_Driver/src/stm32f4xx_gpio.o
 .debug_aranges
                0x000001d0      0x178 StdPeriph_Driver/src/stm32f4xx_rcc.o
 .debug_aranges
                0x00000348      0x2f8 StdPeriph_Driver/src/stm32f4xx_tim.o
 .debug_aranges
                0x00000640       0x30 src/main.o
 .debug_aranges
                0x00000670       0x30 src/system_stm32f4xx.o
 .debug_aranges
                0x000006a0       0x38 src/tm_stm32f4_disco.o
 .debug_aranges
                0x000006d8       0x98 src/tm_stm32f4_gpio.o
 .debug_aranges
                0x00000770       0x78 src/tm_stm32f4_usb_vcp.o
 .debug_aranges
                0x000007e8       0x48 src/usb_bsp.o
 .debug_aranges
                0x00000830      0x138 src/usb_core.o
 .debug_aranges
                0x00000968       0x80 src/usb_dcd.o
 .debug_aranges
                0x000009e8       0x80 src/usb_dcd_int.o
 .debug_aranges
                0x00000a68       0x60 src/usbd_cdc_core.o
 .debug_aranges
                0x00000ac8       0x40 src/usbd_cdc_vcp.o
 .debug_aranges
                0x00000b08       0x88 src/usbd_core.o
 .debug_aranges
                0x00000b90       0x50 src/usbd_desc.o
 .debug_aranges
                0x00000be0       0x50 src/usbd_ioreq.o
 .debug_aranges
                0x00000c30       0x88 src/usbd_req.o
 .debug_aranges
                0x00000cb8       0x58 src/usbd_usr.o
 .debug_aranges
                0x00000d10       0x58 src/ws2812b.o
 .debug_aranges
                0x00000d68       0x28 startup/startup_stm32f4xx.o

.debug_ranges   0x00000000      0xc18
 .debug_ranges  0x00000000       0x30 StdPeriph_Driver/src/misc.o
 .debug_ranges  0x00000030       0xa0 StdPeriph_Driver/src/stm32f4xx_dma.o
 .debug_ranges  0x000000d0       0x48 StdPeriph_Driver/src/stm32f4xx_exti.o
 .debug_ranges  0x00000118       0x78 StdPeriph_Driver/src/stm32f4xx_gpio.o
 .debug_ranges  0x00000190      0x168 StdPeriph_Driver/src/stm32f4xx_rcc.o
 .debug_ranges  0x000002f8      0x2e8 StdPeriph_Driver/src/stm32f4xx_tim.o
 .debug_ranges  0x000005e0       0x20 src/main.o
 .debug_ranges  0x00000600       0x20 src/system_stm32f4xx.o
 .debug_ranges  0x00000620       0x28 src/tm_stm32f4_disco.o
 .debug_ranges  0x00000648       0x88 src/tm_stm32f4_gpio.o
 .debug_ranges  0x000006d0       0x68 src/tm_stm32f4_usb_vcp.o
 .debug_ranges  0x00000738       0x38 src/usb_bsp.o
 .debug_ranges  0x00000770      0x128 src/usb_core.o
 .debug_ranges  0x00000898       0x70 src/usb_dcd.o
 .debug_ranges  0x00000908       0x70 src/usb_dcd_int.o
 .debug_ranges  0x00000978       0x50 src/usbd_cdc_core.o
 .debug_ranges  0x000009c8       0x30 src/usbd_cdc_vcp.o
 .debug_ranges  0x000009f8       0x78 src/usbd_core.o
 .debug_ranges  0x00000a70       0x40 src/usbd_desc.o
 .debug_ranges  0x00000ab0       0x40 src/usbd_ioreq.o
 .debug_ranges  0x00000af0       0x78 src/usbd_req.o
 .debug_ranges  0x00000b68       0x48 src/usbd_usr.o
 .debug_ranges  0x00000bb0       0x48 src/ws2812b.o
 .debug_ranges  0x00000bf8       0x20 startup/startup_stm32f4xx.o

.debug_macro    0x00000000    0x13c73
 .debug_macro   0x00000000      0x1c5 StdPeriph_Driver/src/misc.o
 .debug_macro   0x000001c5      0x8b0 StdPeriph_Driver/src/misc.o
 .debug_macro   0x00000a75       0x63 StdPeriph_Driver/src/misc.o
 .debug_macro   0x00000ad8       0x35 StdPeriph_Driver/src/misc.o
 .debug_macro   0x00000b0d       0x22 StdPeriph_Driver/src/misc.o
 .debug_macro   0x00000b2f       0x87 StdPeriph_Driver/src/misc.o
 .debug_macro   0x00000bb6       0x44 StdPeriph_Driver/src/misc.o
 .debug_macro   0x00000bfa       0xfd StdPeriph_Driver/src/misc.o
 .debug_macro   0x00000cf7       0x5e StdPeriph_Driver/src/misc.o
 .debug_macro   0x00000d55      0x1df StdPeriph_Driver/src/misc.o
 .debug_macro   0x00000f34       0x18 StdPeriph_Driver/src/misc.o
 .debug_macro   0x00000f4c       0x42 StdPeriph_Driver/src/misc.o
 .debug_macro   0x00000f8e      0x8cb StdPeriph_Driver/src/misc.o
 .debug_macro   0x00001859     0x8057 StdPeriph_Driver/src/misc.o
 .debug_macro   0x000098b0       0x16 StdPeriph_Driver/src/misc.o
 .debug_macro   0x000098c6      0x44e StdPeriph_Driver/src/misc.o
 .debug_macro   0x00009d14      0x3cf StdPeriph_Driver/src/misc.o
 .debug_macro   0x0000a0e3      0x111 StdPeriph_Driver/src/misc.o
 .debug_macro   0x0000a1f4      0x182 StdPeriph_Driver/src/misc.o
 .debug_macro   0x0000a376       0xb2 StdPeriph_Driver/src/misc.o
 .debug_macro   0x0000a428      0x146 StdPeriph_Driver/src/misc.o
 .debug_macro   0x0000a56e      0x477 StdPeriph_Driver/src/misc.o
 .debug_macro   0x0000a9e5       0xac StdPeriph_Driver/src/misc.o
 .debug_macro   0x0000aa91      0x241 StdPeriph_Driver/src/misc.o
 .debug_macro   0x0000acd2      0x279 StdPeriph_Driver/src/misc.o
 .debug_macro   0x0000af4b       0xb5 StdPeriph_Driver/src/misc.o
 .debug_macro   0x0000b000      0x265 StdPeriph_Driver/src/misc.o
 .debug_macro   0x0000b265      0x2b1 StdPeriph_Driver/src/misc.o
 .debug_macro   0x0000b516       0x64 StdPeriph_Driver/src/misc.o
 .debug_macro   0x0000b57a       0xa6 StdPeriph_Driver/src/misc.o
 .debug_macro   0x0000b620      0x538 StdPeriph_Driver/src/misc.o
 .debug_macro   0x0000bb58       0x40 StdPeriph_Driver/src/misc.o
 .debug_macro   0x0000bb98      0x57a StdPeriph_Driver/src/misc.o
 .debug_macro   0x0000c112      0x341 StdPeriph_Driver/src/misc.o
 .debug_macro   0x0000c453      0x36a StdPeriph_Driver/src/misc.o
 .debug_macro   0x0000c7bd       0xdf StdPeriph_Driver/src/misc.o
 .debug_macro   0x0000c89c      0x73b StdPeriph_Driver/src/misc.o
 .debug_macro   0x0000cfd7      0x220 StdPeriph_Driver/src/misc.o
 .debug_macro   0x0000d1f7       0x34 StdPeriph_Driver/src/misc.o
 .debug_macro   0x0000d22b       0x35 StdPeriph_Driver/src/misc.o
 .debug_macro   0x0000d260       0x79 StdPeriph_Driver/src/misc.o
 .debug_macro   0x0000d2d9      0x217 StdPeriph_Driver/src/stm32f4xx_dma.o
 .debug_macro   0x0000d4f0      0x471 StdPeriph_Driver/src/stm32f4xx_dma.o
 .debug_macro   0x0000d961      0x1c5 StdPeriph_Driver/src/stm32f4xx_exti.o
 .debug_macro   0x0000db26       0xa6 StdPeriph_Driver/src/stm32f4xx_exti.o
 .debug_macro   0x0000dbcc      0x1c3 StdPeriph_Driver/src/stm32f4xx_gpio.o
 .debug_macro   0x0000dd8f      0x25f StdPeriph_Driver/src/stm32f4xx_gpio.o
 .debug_macro   0x0000dfee      0x267 StdPeriph_Driver/src/stm32f4xx_rcc.o
 .debug_macro   0x0000e255      0x532 StdPeriph_Driver/src/stm32f4xx_rcc.o
 .debug_macro   0x0000e787      0x1ed StdPeriph_Driver/src/stm32f4xx_tim.o
 .debug_macro   0x0000e974      0x735 StdPeriph_Driver/src/stm32f4xx_tim.o
 .debug_macro   0x0000f0a9      0x402 src/main.o
 .debug_macro   0x0000f4ab       0x88 src/main.o
 .debug_macro   0x0000f533       0xbe src/main.o
 .debug_macro   0x0000f5f1       0x52 src/main.o
 .debug_macro   0x0000f643       0x35 src/main.o
 .debug_macro   0x0000f678       0x9c src/main.o
 .debug_macro   0x0000f714       0x16 src/main.o
 .debug_macro   0x0000f72a       0x97 src/main.o
 .debug_macro   0x0000f7c1      0x30d src/main.o
 .debug_macro   0x0000face       0xfd src/main.o
 .debug_macro   0x0000fbcb       0x10 src/main.o
 .debug_macro   0x0000fbdb       0x52 src/main.o
 .debug_macro   0x0000fc2d       0x1f src/main.o
 .debug_macro   0x0000fc4c       0x43 src/main.o
 .debug_macro   0x0000fc8f       0x20 src/main.o
 .debug_macro   0x0000fcaf      0x187 src/main.o
 .debug_macro   0x0000fe36       0x10 src/main.o
 .debug_macro   0x0000fe46       0x1c src/main.o
 .debug_macro   0x0000fe62       0x52 src/main.o
 .debug_macro   0x0000feb4       0x40 src/main.o
 .debug_macro   0x0000fef4       0x10 src/main.o
 .debug_macro   0x0000ff04       0x40 src/main.o
 .debug_macro   0x0000ff44       0xd7 src/main.o
 .debug_macro   0x0001001b       0x16 src/main.o
 .debug_macro   0x00010031      0x18b src/main.o
 .debug_macro   0x000101bc       0x55 src/main.o
 .debug_macro   0x00010211       0x4c src/main.o
 .debug_macro   0x0001025d      0x118 src/main.o
 .debug_macro   0x00010375       0x76 src/main.o
 .debug_macro   0x000103eb      0x20f src/main.o
 .debug_macro   0x000105fa       0x64 src/main.o
 .debug_macro   0x0001065e       0x3a src/main.o
 .debug_macro   0x00010698       0x8e src/main.o
 .debug_macro   0x00010726       0x34 src/main.o
 .debug_macro   0x0001075a       0x16 src/main.o
 .debug_macro   0x00010770       0xaf src/main.o
 .debug_macro   0x0001081f       0x82 src/main.o
 .debug_macro   0x000108a1      0x1e6 src/system_stm32f4xx.o
 .debug_macro   0x00010a87      0x1e4 src/tm_stm32f4_disco.o
 .debug_macro   0x00010c6b       0xa9 src/tm_stm32f4_disco.o
 .debug_macro   0x00010d14      0x1d2 src/tm_stm32f4_gpio.o
 .debug_macro   0x00010ee6      0x3cb src/tm_stm32f4_usb_vcp.o
 .debug_macro   0x000112b1      0x3ce src/usb_bsp.o
 .debug_macro   0x0001167f       0x52 src/usb_bsp.o
 .debug_macro   0x000116d1       0x40 src/usb_bsp.o
 .debug_macro   0x00011711      0x340 src/usb_core.o
 .debug_macro   0x00011a51      0x34b src/usb_dcd.o
 .debug_macro   0x00011d9c      0x350 src/usb_dcd_int.o
 .debug_macro   0x000120ec       0x10 src/usb_dcd_int.o
 .debug_macro   0x000120fc      0x395 src/usbd_cdc_core.o
 .debug_macro   0x00012491      0x3d5 src/usbd_cdc_vcp.o
 .debug_macro   0x00012866       0x10 src/usbd_cdc_vcp.o
 .debug_macro   0x00012876      0x38e src/usbd_core.o
 .debug_macro   0x00012c04       0x16 src/usbd_core.o
 .debug_macro   0x00012c1a      0x3ca src/usbd_desc.o
 .debug_macro   0x00012fe4      0x373 src/usbd_ioreq.o
 .debug_macro   0x00013357      0x386 src/usbd_req.o
 .debug_macro   0x000136dd      0x3c8 src/usbd_usr.o
 .debug_macro   0x00013aa5      0x1ce src/ws2812b.o

.debug_line     0x00000000     0xcdf9
 .debug_line    0x00000000      0x67d StdPeriph_Driver/src/misc.o
 .debug_line    0x0000067d      0x860 StdPeriph_Driver/src/stm32f4xx_dma.o
 .debug_line    0x00000edd      0x6d6 StdPeriph_Driver/src/stm32f4xx_exti.o
 .debug_line    0x000015b3      0x795 StdPeriph_Driver/src/stm32f4xx_gpio.o
 .debug_line    0x00001d48      0x9db StdPeriph_Driver/src/stm32f4xx_rcc.o
 .debug_line    0x00002723      0xef7 StdPeriph_Driver/src/stm32f4xx_tim.o
 .debug_line    0x0000361a      0x931 src/main.o
 .debug_line    0x00003f4b      0x697 src/system_stm32f4xx.o
 .debug_line    0x000045e2      0x6ca src/tm_stm32f4_disco.o
 .debug_line    0x00004cac      0x833 src/tm_stm32f4_gpio.o
 .debug_line    0x000054df      0x966 src/tm_stm32f4_usb_vcp.o
 .debug_line    0x00005e45      0x8ba src/usb_bsp.o
 .debug_line    0x000066ff      0xce3 src/usb_core.o
 .debug_line    0x000073e2      0x94f src/usb_dcd.o
 .debug_line    0x00007d31      0x9bc src/usb_dcd_int.o
 .debug_line    0x000086ed      0x8fe src/usbd_cdc_core.o
 .debug_line    0x00008feb      0x8b3 src/usbd_cdc_vcp.o
 .debug_line    0x0000989e      0x978 src/usbd_core.o
 .debug_line    0x0000a216      0x867 src/usbd_desc.o
 .debug_line    0x0000aa7d      0x86a src/usbd_ioreq.o
 .debug_line    0x0000b2e7      0xa59 src/usbd_req.o
 .debug_line    0x0000bd40      0x8ba src/usbd_usr.o
 .debug_line    0x0000c5fa      0x784 src/ws2812b.o
 .debug_line    0x0000cd7e       0x7b startup/startup_stm32f4xx.o

.debug_str      0x00000000    0x60e99
 .debug_str     0x00000000    0x55ee0 StdPeriph_Driver/src/misc.o
                              0x56082 (size before relaxing)
 .debug_str     0x00055ee0      0x69d StdPeriph_Driver/src/stm32f4xx_dma.o
                              0x564e8 (size before relaxing)
 .debug_str     0x0005657d      0x1ce StdPeriph_Driver/src/stm32f4xx_exti.o
                              0x56005 (size before relaxing)
 .debug_str     0x0005674b      0x273 StdPeriph_Driver/src/stm32f4xx_gpio.o
                              0x5612d (size before relaxing)
 .debug_str     0x000569be      0xab1 StdPeriph_Driver/src/stm32f4xx_rcc.o
                              0x569ae (size before relaxing)
 .debug_str     0x0005746f      0xc2f StdPeriph_Driver/src/stm32f4xx_tim.o
                              0x56b21 (size before relaxing)
 .debug_str     0x0005809e     0x60e9 src/main.o
                              0x5bfc4 (size before relaxing)
 .debug_str     0x0005e187       0xe7 src/system_stm32f4xx.o
                              0x56078 (size before relaxing)
 .debug_str     0x0005e26e      0x161 src/tm_stm32f4_disco.o
                              0x567ce (size before relaxing)
 .debug_str     0x0005e3cf      0x1b9 src/tm_stm32f4_gpio.o
                              0x566d2 (size before relaxing)
 .debug_str     0x0005e588      0x8e4 src/tm_stm32f4_usb_vcp.o
                              0x5ba8f (size before relaxing)
 .debug_str     0x0005ee6c      0x5e7 src/usb_bsp.o
                              0x5bf4f (size before relaxing)
 .debug_str     0x0005f453      0xb9a src/usb_core.o
                              0x5ba53 (size before relaxing)
 .debug_str     0x0005ffed       0xef src/usb_dcd.o
                              0x5afd1 (size before relaxing)
 .debug_str     0x000600dc      0x3e4 src/usb_dcd_int.o
                              0x5b891 (size before relaxing)
 .debug_str     0x000604c0      0x219 src/usbd_cdc_core.o
                              0x5b8f5 (size before relaxing)
 .debug_str     0x000606d9       0x4b src/usbd_cdc_vcp.o
                              0x5b0ce (size before relaxing)
 .debug_str     0x00060724      0x107 src/usbd_core.o
                              0x5b7ac (size before relaxing)
 .debug_str     0x0006082b      0x2f2 src/usbd_desc.o
                              0x5b116 (size before relaxing)
 .debug_str     0x00060b1d       0x9c src/usbd_ioreq.o
                              0x5b4a3 (size before relaxing)
 .debug_str     0x00060bb9      0x12f src/usbd_req.o
                              0x5b6ee (size before relaxing)
 .debug_str     0x00060ce8       0xc8 src/usbd_usr.o
                              0x5b1d9 (size before relaxing)
 .debug_str     0x00060db0       0xe9 src/ws2812b.o
                              0x56d50 (size before relaxing)

.comment        0x00000000       0x6e
 .comment       0x00000000       0x6e StdPeriph_Driver/src/misc.o
                                 0x6f (size before relaxing)
 .comment       0x0000006e       0x6f StdPeriph_Driver/src/stm32f4xx_dma.o
 .comment       0x0000006e       0x6f StdPeriph_Driver/src/stm32f4xx_exti.o
 .comment       0x0000006e       0x6f StdPeriph_Driver/src/stm32f4xx_gpio.o
 .comment       0x0000006e       0x6f StdPeriph_Driver/src/stm32f4xx_rcc.o
 .comment       0x0000006e       0x6f StdPeriph_Driver/src/stm32f4xx_tim.o
 .comment       0x0000006e       0x6f src/main.o
 .comment       0x0000006e       0x6f src/system_stm32f4xx.o
 .comment       0x0000006e       0x6f src/tm_stm32f4_disco.o
 .comment       0x0000006e       0x6f src/tm_stm32f4_gpio.o
 .comment       0x0000006e       0x6f src/tm_stm32f4_usb_vcp.o
 .comment       0x0000006e       0x6f src/usb_bsp.o
 .comment       0x0000006e       0x6f src/usb_core.o
 .comment       0x0000006e       0x6f src/usb_dcd.o
 .comment       0x0000006e       0x6f src/usb_dcd_int.o
 .comment       0x0000006e       0x6f src/usbd_cdc_core.o
 .comment       0x0000006e       0x6f src/usbd_cdc_vcp.o
 .comment       0x0000006e       0x6f src/usbd_core.o
 .comment       0x0000006e       0x6f src/usbd_desc.o
 .comment       0x0000006e       0x6f src/usbd_ioreq.o
 .comment       0x0000006e       0x6f src/usbd_req.o
 .comment       0x0000006e       0x6f src/usbd_usr.o
 .comment       0x0000006e       0x6f src/ws2812b.o

.debug_frame    0x00000000     0x3814
 .debug_frame   0x00000000       0xd8 StdPeriph_Driver/src/misc.o
 .debug_frame   0x000000d8      0x308 StdPeriph_Driver/src/stm32f4xx_dma.o
 .debug_frame   0x000003e0      0x148 StdPeriph_Driver/src/stm32f4xx_exti.o
 .debug_frame   0x00000528      0x23c StdPeriph_Driver/src/stm32f4xx_gpio.o
 .debug_frame   0x00000764      0x6d4 StdPeriph_Driver/src/stm32f4xx_rcc.o
 .debug_frame   0x00000e38      0xe54 StdPeriph_Driver/src/stm32f4xx_tim.o
 .debug_frame   0x00001c8c       0x80 src/main.o
 .debug_frame   0x00001d0c       0x7c src/system_stm32f4xx.o
 .debug_frame   0x00001d88       0x98 src/tm_stm32f4_disco.o
 .debug_frame   0x00001e20      0x274 src/tm_stm32f4_gpio.o
 .debug_frame   0x00002094      0x1c4 src/tm_stm32f4_usb_vcp.o
 .debug_frame   0x00002258       0xdc src/usb_bsp.o
 .debug_frame   0x00002334      0x584 src/usb_core.o
 .debug_frame   0x000028b8      0x1e8 src/usb_dcd.o
 .debug_frame   0x00002aa0      0x1e8 src/usb_dcd_int.o
 .debug_frame   0x00002c88      0x158 src/usbd_cdc_core.o
 .debug_frame   0x00002de0       0xc4 src/usbd_cdc_vcp.o
 .debug_frame   0x00002ea4      0x210 src/usbd_core.o
 .debug_frame   0x000030b4      0x114 src/usbd_desc.o
 .debug_frame   0x000031c8      0x110 src/usbd_ioreq.o
 .debug_frame   0x000032d8      0x210 src/usbd_req.o
 .debug_frame   0x000034e8      0x118 src/usbd_usr.o
 .debug_frame   0x00003600      0x110 src/ws2812b.o
 .debug_frame   0x00003710       0x2c c:/ac6/systemworkbench/plugins/fr.ac6.mcu.externaltools.arm-none.win32_1.13.2.201705091103/tools/compiler/bin/../lib/gcc/arm-none-eabi/5.4.1/../../../../arm-none-eabi/lib/armv7e-m/fpu\libc.a(lib_a-init.o)
 .debug_frame   0x0000373c       0x50 c:/ac6/systemworkbench/plugins/fr.ac6.mcu.externaltools.arm-none.win32_1.13.2.201705091103/tools/compiler/bin/../lib/gcc/arm-none-eabi/5.4.1/../../../../arm-none-eabi/lib/armv7e-m/fpu\libc.a(lib_a-__call_atexit.o)
 .debug_frame   0x0000378c       0x20 c:/ac6/systemworkbench/plugins/fr.ac6.mcu.externaltools.arm-none.win32_1.13.2.201705091103/tools/compiler/bin/../lib/gcc/arm-none-eabi/5.4.1/../../../../arm-none-eabi/lib/armv7e-m/fpu\libc.a(lib_a-atexit.o)
 .debug_frame   0x000037ac       0x34 c:/ac6/systemworkbench/plugins/fr.ac6.mcu.externaltools.arm-none.win32_1.13.2.201705091103/tools/compiler/bin/../lib/gcc/arm-none-eabi/5.4.1/../../../../arm-none-eabi/lib/armv7e-m/fpu\libc.a(lib_a-fini.o)
 .debug_frame   0x000037e0       0x34 c:/ac6/systemworkbench/plugins/fr.ac6.mcu.externaltools.arm-none.win32_1.13.2.201705091103/tools/compiler/bin/../lib/gcc/arm-none-eabi/5.4.1/../../../../arm-none-eabi/lib/armv7e-m/fpu\libc.a(lib_a-__atexit.o)
